Archive member included to satisfy reference by file (symbol)

/home/tgjuranec/lpc11xx/lpc_chip_11cxx_lib/Debug/liblpc_chip_11cxx_lib.a(chip_11xx.o)
                              ./src/sch.o (SystemCoreClock)
/home/tgjuranec/lpc11xx/lpc_chip_11cxx_lib/Debug/liblpc_chip_11cxx_lib.a(clock_11xx.o)
                              ./src/el_scale.o (Chip_Clock_SetSystemPLLSource)
/home/tgjuranec/lpc11xx/lpc_chip_11cxx_lib/Debug/liblpc_chip_11cxx_lib.a(gpio_11xx_2.o)
                              ./src/io.o (Chip_GPIO_Init)
/home/tgjuranec/lpc11xx/lpc_chip_11cxx_lib/Debug/liblpc_chip_11cxx_lib.a(pmu_11xx.o)
                              ./src/sleep.o (Chip_PMU_SleepState)
/home/tgjuranec/lpc11xx/lpc_chip_11cxx_lib/Debug/liblpc_chip_11cxx_lib.a(sysctl_11xx.o)
                              ./src/sleep.o (Chip_SYSCTL_SetDeepSleepPD)
/home/tgjuranec/lpc11xx/lpc_chip_11cxx_lib/Debug/liblpc_chip_11cxx_lib.a(sysinit_11xx.o)
                              ./src/sysinit.o (Chip_SystemInit)
/home/tgjuranec/lpc11xx/lpc_chip_11cxx_lib/Debug/liblpc_chip_11cxx_lib.a(timer_11xx.o)
                              ./src/LCD1602.o (Chip_TIMER_Init)
/home/tgjuranec/lpc11xx/CMSIS_DSPLIB_CM0/lib/libCMSIS_DSPLIB_CM0.a(arm_mean_q31.o)
                              ./src/HX711.o (arm_mean_q31)
/home/tgjuranec/lpc11xx/CMSIS_DSPLIB_CM0/lib/libCMSIS_DSPLIB_CM0.a(arm_std_q31.o)
                              ./src/HX711.o (arm_std_q31)
/home/tgjuranec/lpc11xx/CMSIS_DSPLIB_CM0/lib/libCMSIS_DSPLIB_CM0.a(arm_sqrt_q31.o)
                              /home/tgjuranec/lpc11xx/CMSIS_DSPLIB_CM0/lib/libCMSIS_DSPLIB_CM0.a(arm_std_q31.o) (arm_sqrt_q31)
/opt/lpcxpresso_8.2.2_650/lpcxpresso/tools/bin/../lib/gcc/arm-none-eabi/5.4.1/../../../../arm-none-eabi/lib/armv6-m/libcr_nohost.a(_cr__main.o)
                              ./src/cr_startup_lpc11xx.o (__main)
/opt/lpcxpresso_8.2.2_650/lpcxpresso/tools/bin/../lib/gcc/arm-none-eabi/5.4.1/../../../../arm-none-eabi/lib/armv6-m/libcr_c.a(fpprintf.o)
                              ./src/HX711.o (sprintf)
/opt/lpcxpresso_8.2.2_650/lpcxpresso/tools/bin/../lib/gcc/arm-none-eabi/5.4.1/../../../../arm-none-eabi/lib/armv6-m/libcr_c.a(initio.o)
                              /opt/lpcxpresso_8.2.2_650/lpcxpresso/tools/bin/../lib/gcc/arm-none-eabi/5.4.1/../../../../arm-none-eabi/lib/armv6-m/libcr_nohost.a(_cr__main.o) (_initio)
/opt/lpcxpresso_8.2.2_650/lpcxpresso/tools/bin/../lib/gcc/arm-none-eabi/5.4.1/../../../../arm-none-eabi/lib/armv6-m/libcr_c.a(printf.o)
                              /opt/lpcxpresso_8.2.2_650/lpcxpresso/tools/bin/../lib/gcc/arm-none-eabi/5.4.1/../../../../arm-none-eabi/lib/armv6-m/libcr_c.a(fpprintf.o) (__vfprintf)
/opt/lpcxpresso_8.2.2_650/lpcxpresso/tools/bin/../lib/gcc/arm-none-eabi/5.4.1/../../../../arm-none-eabi/lib/armv6-m/libcr_c.a(setvbuf.o)
                              /opt/lpcxpresso_8.2.2_650/lpcxpresso/tools/bin/../lib/gcc/arm-none-eabi/5.4.1/../../../../arm-none-eabi/lib/armv6-m/libcr_c.a(initio.o) (setvbuf)
/opt/lpcxpresso_8.2.2_650/lpcxpresso/tools/bin/../lib/gcc/arm-none-eabi/5.4.1/../../../../arm-none-eabi/lib/armv6-m/libcr_c.a(stdio.o)
                              /opt/lpcxpresso_8.2.2_650/lpcxpresso/tools/bin/../lib/gcc/arm-none-eabi/5.4.1/../../../../arm-none-eabi/lib/armv6-m/libcr_c.a(fpprintf.o) (__Ciob)
/opt/lpcxpresso_8.2.2_650/lpcxpresso/tools/bin/../lib/gcc/arm-none-eabi/5.4.1/../../../../arm-none-eabi/lib/armv6-m/libcr_c.a(strlen.o)
                              /opt/lpcxpresso_8.2.2_650/lpcxpresso/tools/bin/../lib/gcc/arm-none-eabi/5.4.1/../../../../arm-none-eabi/lib/armv6-m/libcr_c.a(printf.o) (strlen)
/opt/lpcxpresso_8.2.2_650/lpcxpresso/tools/bin/../lib/gcc/arm-none-eabi/5.4.1/../../../../arm-none-eabi/lib/armv6-m/libcr_c.a(memset.o)
                              /opt/lpcxpresso_8.2.2_650/lpcxpresso/tools/bin/../lib/gcc/arm-none-eabi/5.4.1/../../../../arm-none-eabi/lib/armv6-m/libcr_c.a(fpprintf.o) (memset)
/opt/lpcxpresso_8.2.2_650/lpcxpresso/tools/bin/../lib/gcc/arm-none-eabi/5.4.1/../../../../arm-none-eabi/lib/armv6-m/libcr_c.a(__fillbuf.o)
                              /opt/lpcxpresso_8.2.2_650/lpcxpresso/tools/bin/../lib/gcc/arm-none-eabi/5.4.1/../../../../arm-none-eabi/lib/armv6-m/libcr_c.a(stdio.o) (__filbuf)
/opt/lpcxpresso_8.2.2_650/lpcxpresso/tools/bin/../lib/gcc/arm-none-eabi/5.4.1/../../../../arm-none-eabi/lib/armv6-m/libcr_c.a(_deferredlazyseek.o)
                              /opt/lpcxpresso_8.2.2_650/lpcxpresso/tools/bin/../lib/gcc/arm-none-eabi/5.4.1/../../../../arm-none-eabi/lib/armv6-m/libcr_c.a(__fillbuf.o) (_deferredlazyseek)
/opt/lpcxpresso_8.2.2_650/lpcxpresso/tools/bin/../lib/gcc/arm-none-eabi/5.4.1/../../../../arm-none-eabi/lib/armv6-m/libcr_c.a(_fdopen.o)
                              /opt/lpcxpresso_8.2.2_650/lpcxpresso/tools/bin/../lib/gcc/arm-none-eabi/5.4.1/../../../../arm-none-eabi/lib/armv6-m/libcr_c.a(initio.o) (_fdopen)
[...]
Memory Configuration

Name             Origin             Length             Attributes
MFlash32         0x00000000         0x00008000         xr
RamLoc8          0x10000000         0x00002000         xrw
*default*        0x00000000         0xffffffff

Linker script and memory map

LOAD ./src/HX711.o
LOAD ./src/LCD1602.o
LOAD ./src/cr_startup_lpc11xx.o
LOAD ./src/crp.o
LOAD ./src/el_scale.o
LOAD ./src/io.o
LOAD ./src/sch.o
LOAD ./src/sleep.o
LOAD ./src/sysinit.o
LOAD /home/tgjuranec/lpc11xx/lpc_chip_11cxx_lib/Debug/liblpc_chip_11cxx_lib.a
LOAD /home/tgjuranec/lpc11xx/CMSIS_DSPLIB_CM0/lib/libCMSIS_DSPLIB_CM0.a
START GROUP
LOAD /opt/lpcxpresso_8.2.2_650/lpcxpresso/tools/bin/../lib/gcc/arm-none-eabi/5.4.1/../../../../arm-none-eabi/lib/armv6-m/libcr_nohost.a
LOAD /opt/lpcxpresso_8.2.2_650/lpcxpresso/tools/bin/../lib/gcc/arm-none-eabi/5.4.1/../../../../arm-none-eabi/lib/armv6-m/libcr_c.a
LOAD /opt/lpcxpresso_8.2.2_650/lpcxpresso/tools/bin/../lib/gcc/arm-none-eabi/5.4.1/armv6-m/libcr_eabihelpers.a
END GROUP
                0x00000000                __base_MFlash32 = 0x0
                0x00000000                __base_Flash = 0x0
                0x00008000                __top_MFlash32 = 0x8000
                0x00008000                __top_Flash = 0x8000
                0x10000000                __base_RamLoc8 = 0x10000000
                0x10000000                __base_RAM = 0x10000000
                0x10002000                __top_RamLoc8 = 0x10002000
                0x10002000                __top_RAM = 0x10002000

.text           0x00000000     0x5390
 FILL mask 0xff
                0x00000000                __vectors_start__ = ABSOLUTE (.)
 *(.isr_vector)
 .isr_vector    0x00000000       0xc0 ./src/cr_startup_lpc11xx.o
                0x00000000                g_pfnVectors
                0x000000c0                . = ALIGN (0x4)
                0x000000c0                __section_table_start = .
                0x000000c0                __data_section_table = .
                0x000000c0        0x4 LONG 0x5390 LOADADDR (.data)
                0x000000c4        0x4 LONG 0x10000000 ADDR (.data)
                0x000000c8        0x4 LONG 0x4 SIZEOF (.data)
                0x000000cc                __data_section_table_end = .
                0x000000cc                __bss_section_table = .
                0x000000cc        0x4 LONG 0x10000004 ADDR (.bss)
                0x000000d0        0x4 LONG 0x31c SIZEOF (.bss)
                0x000000d4                __bss_section_table_end = .
                0x000000d4                __section_table_end = .
 *(.after_vectors*)
 .after_vectors
                0x000000d4      0x124 ./src/cr_startup_lpc11xx.o
                0x000000d4                data_init
                0x00000114                bss_init
                0x00000148                ResetISR
                0x000001c8                NMI_Handler
                0x000001d0                HardFault_Handler
                0x000001d8                SVC_Handler
                0x000001e0                PendSV_Handler
                0x000001f0                UART_IRQHandler
                0x000001f0                TIMER32_0_IRQHandler
                0x000001f0                TIMER32_1_IRQHandler
                0x000001f0                IntDefaultHandler
                0x000001f0                PIOINT1_IRQHandler
                0x000001f0                CAN_IRQHandler
                0x000001f0                SSP0_IRQHandler
                0x000001f0                TIMER16_1_IRQHandler
                0x000001f0                ADC_IRQHandler
                0x000001f0                SSP1_IRQHandler
                0x000001f0                PIOINT2_IRQHandler
                0x000001f0                BOD_IRQHandler
                0x000001f0                PIOINT0_IRQHandler
                0x000001f0                I2C_IRQHandler
                0x000001f0                WDT_IRQHandler
                0x000001f0                PIOINT3_IRQHandler
 *(.text*)
 .text.hx711_val_to_10g
                0x000001f8       0x1c ./src/HX711.o
 .text.hx711_read
                0x00000214       0xe0 ./src/HX711.o
 .text.hx711_tara_set
                0x000002f4       0x2c ./src/HX711.o
 .text.hx711_init
                0x00000320       0x68 ./src/HX711.o
                0x00000320                hx711_init
 .text.hx711_get_weight
                0x00000388       0xc4 ./src/HX711.o
                0x00000388                hx711_get_weight
 .text.Chip_TIMER_Enable
                0x0000044c       0x1c ./src/LCD1602.o
 .text.Chip_TIMER_Disable
                0x00000468       0x20 ./src/LCD1602.o
 .text.Chip_TIMER_ReadCount
                0x00000488       0x14 ./src/LCD1602.o
 .text.Chip_TIMER_PrescaleSet
                0x0000049c       0x18 ./src/LCD1602.o
 .text.Chip_TIMER_SetMatch
                0x000004b4       0x2c ./src/LCD1602.o
 .text.Chip_TIMER_MatchDisableInt
                0x000004e0       0x38 ./src/LCD1602.o
 .text.Chip_TIMER_ResetOnMatchDisable
                0x00000518       0x38 ./src/LCD1602.o
 .text.Chip_TIMER_StopOnMatchDisable
                0x00000550       0x38 ./src/LCD1602.o
 .text.tmr1_init
                0x00000588       0x60 ./src/LCD1602.o
 .text.tmr1_delay_us
                0x000005e8       0x7c ./src/LCD1602.o
                0x000005e8                tmr1_delay_us
 .text.tmr1_timeout_set
                0x00000664       0x68 ./src/LCD1602.o
                0x00000664                tmr1_timeout_set
 .text.tmr1_timeout_off
                0x000006cc       0x28 ./src/LCD1602.o
                0x000006cc                tmr1_timeout_off
 .text.LCD1602_strobe
                0x000006f4       0x80 ./src/LCD1602.o
 .text.LCD1602_senddata
                0x00000774      0x128 ./src/LCD1602.o
 .text.LCD1602_printchar
                0x0000089c       0x44 ./src/LCD1602.o
 .text.LCD1602_print_ctrl
                0x000008e0       0x68 ./src/LCD1602.o
 .text.LCD1602_set_DDRAM_address
                0x00000948       0x34 ./src/LCD1602.o
 .text.LCD1602_clrscr
                0x0000097c       0x10 ./src/LCD1602.o
 .text.LCD1602_poweron
                0x0000098c       0x28 ./src/LCD1602.o
 .text.LCD1602_4bit_init
                0x000009b4      0x114 ./src/LCD1602.o
 .text.LCD1602_8bit_init
                0x00000ac8        0xc ./src/LCD1602.o
 .text.LCD1602_init
                0x00000ad4      0x138 ./src/LCD1602.o
                0x00000ad4                LCD1602_init
 .text.LCD1602_exec
                0x00000c0c       0x84 ./src/LCD1602.o
                0x00000c0c                LCD1602_exec
 .text.LCD1602_print
                0x00000c90      0x10c ./src/LCD1602.o
                0x00000c90                LCD1602_print
 .text.Chip_Clock_IsSystemPLLLocked
                0x00000d9c       0x1c ./src/el_scale.o
 .text.Chip_IOCON_PinMuxSet
                0x00000db8       0x28 ./src/el_scale.o
 .text.Chip_IOCON_PinMux
                0x00000de0       0x40 ./src/el_scale.o
 .text.main     0x00000e20       0xac ./src/el_scale.o
                0x00000e20                main
 .text.Chip_IOCON_PinMuxSet
                0x00000ecc       0x28 ./src/io.o
 .text.Chip_IOCON_PinMux
                0x00000ef4       0x40 ./src/io.o
 .text.Chip_GPIO_SetPinState
                0x00000f34       0x4c ./src/io.o
 .text.Chip_GPIO_GetPinState
                0x00000f80       0x40 ./src/io.o
 .text.Chip_GPIO_SetPinDIROutput
                0x00000fc0       0x4c ./src/io.o
 .text.Chip_GPIO_SetPinDIRInput
                0x0000100c       0x50 ./src/io.o
 .text.io_init  0x0000105c       0x14 ./src/io.o
                0x0000105c                io_init
 .text.iocon_to_portpin
                0x00001070      0x35c ./src/io.o
 .text.io_set_as_input
                0x000013cc       0x98 ./src/io.o
                0x000013cc                io_set_as_input
 .text.io_get_input_state
                0x00001464       0x74 ./src/io.o
                0x00001464                io_get_input_state
 .text.io_set_as_output
                0x000014d8       0x98 ./src/io.o
                0x000014d8                io_set_as_output
 .text.io_set_output_state
                0x00001570       0x7c ./src/io.o
                0x00001570                io_set_output_state
 .text.NVIC_SetPriority
                0x000015ec       0xdc ./src/sch.o
 .text.SysTick_Config
                0x000016c8       0x4c ./src/sch.o
 .text.Chip_TIMER_Enable
                0x00001714       0x1c ./src/sch.o
 .text.Chip_TIMER_Disable
                0x00001730       0x20 ./src/sch.o
 .text.Chip_TIMER_ReadCount
                0x00001750       0x14 ./src/sch.o
 .text.Chip_TIMER_PrescaleSet
                0x00001764       0x18 ./src/sch.o
 .text.Chip_TIMER_SetMatch
                0x0000177c       0x2c ./src/sch.o
 .text.Chip_TIMER_MatchDisableInt
                0x000017a8       0x38 ./src/sch.o
 .text.Chip_TIMER_ResetOnMatchDisable
                0x000017e0       0x38 ./src/sch.o
 .text.Chip_TIMER_StopOnMatchDisable
                0x00001818       0x38 ./src/sch.o
 .text.sch_deletetask
                0x00001850       0x64 ./src/sch.o
 .text.sch_status
                0x000018b4        0xc ./src/sch.o
 .text.tmr_init
                0x000018c0       0x60 ./src/sch.o
 .text.tmr_delay_us
                0x00001920       0x7c ./src/sch.o
                0x00001920                tmr_delay_us
 .text.sch_update
                0x0000199c       0xd8 ./src/sch.o
 .text.sch_init
                0x00001a74       0x38 ./src/sch.o
                0x00001a74                sch_init
 .text.sch_start
                0x00001aac       0x24 ./src/sch.o
                0x00001aac                sch_start
 .text.sch_dispatch
                0x00001ad0       0x8c ./src/sch.o
                0x00001ad0                sch_dispatch
 .text.sch_addtask
                0x00001b5c       0x8c ./src/sch.o
                0x00001b5c                sch_addtask
 .text.SysTick_Handler
                0x00001be8       0x1c ./src/sch.o
                0x00001be8                SysTick_Handler
 .text.NVIC_DisableIRQ
                0x00001c04       0x30 ./src/sleep.o
 .text.NVIC_ClearPendingIRQ
                0x00001c34       0x34 ./src/sleep.o
 .text.Chip_SYSCTL_DisableStartPin
                0x00001c68       0x30 ./src/sleep.o
 .text.Chip_SYSCTL_ResetStartPin
                0x00001c98       0x28 ./src/sleep.o
 .text.Chip_Clock_IsSystemPLLLocked
                0x00001cc0       0x1c ./src/sleep.o
 .text.TIMER16_0_IRQHandler
                0x00001cdc        0xc ./src/sleep.o
                0x00001cdc                TIMER16_0_IRQHandler
 .text.WAKEUP_IRQHandler
                0x00001ce8       0x58 ./src/sleep.o
                0x00001ce8                WAKEUP_IRQHandler
 .text.SystemInit
                0x00001d40       0x10 ./src/sysinit.o
                0x00001d40                SystemInit
 .text.SystemCoreClockUpdate
                0x00001d50       0x18 /home/tgjuranec/lpc11xx/lpc_chip_11cxx_lib/Debug/liblpc_chip_11cxx_lib.a(chip_11xx.o)
                0x00001d50                SystemCoreClockUpdate
 .text.Chip_Clock_GetMainOscRate
                0x00001d68       0x14 /home/tgjuranec/lpc11xx/lpc_chip_11cxx_lib/Debug/liblpc_chip_11cxx_lib.a(clock_11xx.o)
 .text.Chip_Clock_GetIntOscRate
                0x00001d7c       0x10 /home/tgjuranec/lpc11xx/lpc_chip_11cxx_lib/Debug/liblpc_chip_11cxx_lib.a(clock_11xx.o)
 .text.Chip_Clock_GetWDTLFORate
                0x00001d8c       0x48 /home/tgjuranec/lpc11xx/lpc_chip_11cxx_lib/Debug/liblpc_chip_11cxx_lib.a(clock_11xx.o)
 .text.Chip_Clock_GetPLLFreq
                0x00001dd4       0x24 /home/tgjuranec/lpc11xx/lpc_chip_11cxx_lib/Debug/liblpc_chip_11cxx_lib.a(clock_11xx.o)
 .text.Chip_Clock_SetSystemPLLSource
                0x00001df8       0x2c /home/tgjuranec/lpc11xx/lpc_chip_11cxx_lib/Debug/liblpc_chip_11cxx_lib.a(clock_11xx.o)
                0x00001df8                Chip_Clock_SetSystemPLLSource
 .text.Chip_Clock_SetMainClockSource
                0x00001e24       0x2c /home/tgjuranec/lpc11xx/lpc_chip_11cxx_lib/Debug/liblpc_chip_11cxx_lib.a(clock_11xx.o)
                0x00001e24                Chip_Clock_SetMainClockSource
 .text.Chip_Clock_SetCLKOUTSource
                0x00001e50       0x3c /home/tgjuranec/lpc11xx/lpc_chip_11cxx_lib/Debug/liblpc_chip_11cxx_lib.a(clock_11xx.o)
                0x00001e50                Chip_Clock_SetCLKOUTSource
 .text.Chip_Clock_GetWDTOSCRate
                0x00001e8c       0x1c /home/tgjuranec/lpc11xx/lpc_chip_11cxx_lib/Debug/liblpc_chip_11cxx_lib.a(clock_11xx.o)
                0x00001e8c                Chip_Clock_GetWDTOSCRate
 .text.Chip_Clock_GetSystemPLLInClockRate
                0x00001ea8       0x40 /home/tgjuranec/lpc11xx/lpc_chip_11cxx_lib/Debug/liblpc_chip_11cxx_lib.a(clock_11xx.o)
                0x00001ea8                Chip_Clock_GetSystemPLLInClockRate
 .text.Chip_Clock_GetSystemPLLOutClockRate
                0x00001ee8       0x24 /home/tgjuranec/lpc11xx/lpc_chip_11cxx_lib/Debug/liblpc_chip_11cxx_lib.a(clock_11xx.o)
                0x00001ee8                Chip_Clock_GetSystemPLLOutClockRate
 .text.Chip_Clock_GetMainClockRate
                0x00001f0c       0x60 /home/tgjuranec/lpc11xx/lpc_chip_11cxx_lib/Debug/liblpc_chip_11cxx_lib.a(clock_11xx.o)
                0x00001f0c                Chip_Clock_GetMainClockRate
 .text.Chip_Clock_GetSystemClockRate
                0x00001f6c       0x24 /home/tgjuranec/lpc11xx/lpc_chip_11cxx_lib/Debug/liblpc_chip_11cxx_lib.a(clock_11xx.o)
                0x00001f6c                Chip_Clock_GetSystemClockRate
 .text.Chip_Clock_EnablePeriphClock
                0x00001f90       0x30 /home/tgjuranec/lpc11xx/lpc_chip_11cxx_lib/Debug/liblpc_chip_11cxx_lib.a(gpio_11xx_2.o)
 .text.Chip_GPIO_Init
                0x00001fc0       0x18 /home/tgjuranec/lpc11xx/lpc_chip_11cxx_lib/Debug/liblpc_chip_11cxx_lib.a(gpio_11xx_2.o)
                0x00001fc0                Chip_GPIO_Init
 .text.Chip_SYSCTL_PowerDown
                0x00001fd8       0x40 /home/tgjuranec/lpc11xx/lpc_chip_11cxx_lib/Debug/liblpc_chip_11cxx_lib.a(sysctl_11xx.o)
                0x00001fd8                Chip_SYSCTL_PowerDown
 .text.Chip_SYSCTL_PowerUp
                0x00002018       0x40 /home/tgjuranec/lpc11xx/lpc_chip_11cxx_lib/Debug/liblpc_chip_11cxx_lib.a(sysctl_11xx.o)
                0x00002018                Chip_SYSCTL_PowerUp
 .text.Chip_FMC_SetFLASHAccess
                0x00002058       0x30 /home/tgjuranec/lpc11xx/lpc_chip_11cxx_lib/Debug/liblpc_chip_11cxx_lib.a(sysinit_11xx.o)
 .text.Chip_Clock_SetupSystemPLL
                0x00002088       0x38 /home/tgjuranec/lpc11xx/lpc_chip_11cxx_lib/Debug/liblpc_chip_11cxx_lib.a(sysinit_11xx.o)
 .text.Chip_Clock_IsSystemPLLLocked
                0x000020c0       0x1c /home/tgjuranec/lpc11xx/lpc_chip_11cxx_lib/Debug/liblpc_chip_11cxx_lib.a(sysinit_11xx.o)
 .text.Chip_Clock_SetSysClockDiv
                0x000020dc       0x1c /home/tgjuranec/lpc11xx/lpc_chip_11cxx_lib/Debug/liblpc_chip_11cxx_lib.a(sysinit_11xx.o)
 .text.Chip_Clock_EnablePeriphClock
                0x000020f8       0x30 /home/tgjuranec/lpc11xx/lpc_chip_11cxx_lib/Debug/liblpc_chip_11cxx_lib.a(sysinit_11xx.o)
 .text.Chip_SystemInit
                0x00002128       0x5c /home/tgjuranec/lpc11xx/lpc_chip_11cxx_lib/Debug/liblpc_chip_11cxx_lib.a(sysinit_11xx.o)
                0x00002128                Chip_SystemInit
 .text.Chip_Clock_EnablePeriphClock
                0x00002184       0x30 /home/tgjuranec/lpc11xx/lpc_chip_11cxx_lib/Debug/liblpc_chip_11cxx_lib.a(timer_11xx.o)
 .text.Chip_TIMER_GetClock
                0x000021b4       0x60 /home/tgjuranec/lpc11xx/lpc_chip_11cxx_lib/Debug/liblpc_chip_11cxx_lib.a(timer_11xx.o)
 .text.Chip_TIMER_Init
                0x00002214       0x20 /home/tgjuranec/lpc11xx/lpc_chip_11cxx_lib/Debug/liblpc_chip_11cxx_lib.a(timer_11xx.o)
                0x00002214                Chip_TIMER_Init
 .text.Chip_TIMER_Reset
                0x00002234       0x38 /home/tgjuranec/lpc11xx/lpc_chip_11cxx_lib/Debug/liblpc_chip_11cxx_lib.a(timer_11xx.o)
                0x00002234                Chip_TIMER_Reset
 .text.arm_mean_q31
                0x0000226c       0x70 /home/tgjuranec/lpc11xx/CMSIS_DSPLIB_CM0/lib/libCMSIS_DSPLIB_CM0.a(arm_mean_q31.o)
                0x0000226c                arm_mean_q31
 .text.arm_std_q31
                0x000022dc      0x194 /home/tgjuranec/lpc11xx/CMSIS_DSPLIB_CM0/lib/libCMSIS_DSPLIB_CM0.a(arm_std_q31.o)
                0x000022dc                arm_std_q31
 .text.arm_sqrt_q31
                0x00002470      0x168 /home/tgjuranec/lpc11xx/CMSIS_DSPLIB_CM0/lib/libCMSIS_DSPLIB_CM0.a(arm_sqrt_q31.o)
                0x00002470                arm_sqrt_q31
 .text.__main   0x000025d8       0x12 /opt/lpcxpresso_8.2.2_650/lpcxpresso/tools/bin/../lib/gcc/arm-none-eabi/5.4.1/../../../../arm-none-eabi/lib/armv6-m/libcr_nohost.a(_cr__main.o)
                0x000025d8                __main
 .text.fp_round
                0x000025ea       0x4a /opt/lpcxpresso_8.2.2_650/lpcxpresso/tools/bin/../lib/gcc/arm-none-eabi/5.4.1/../../../../arm-none-eabi/lib/armv6-m/libcr_c.a(fpprintf.o)
 .text.pr_dec.constprop.1
                0x00002634       0x2a /opt/lpcxpresso_8.2.2_650/lpcxpresso/tools/bin/../lib/gcc/arm-none-eabi/5.4.1/../../../../arm-none-eabi/lib/armv6-m/libcr_c.a(fpprintf.o)
 *fill*         0x0000265e        0x2 ff
 .text.sprintf  0x00002660       0x6c /opt/lpcxpresso_8.2.2_650/lpcxpresso/tools/bin/../lib/gcc/arm-none-eabi/5.4.1/../../../../arm-none-eabi/lib/armv6-m/libcr_c.a(fpprintf.o)
                0x00002660                sprintf
 .text.fp_display
                0x000026cc      0x93c /opt/lpcxpresso_8.2.2_650/lpcxpresso/tools/bin/../lib/gcc/arm-none-eabi/5.4.1/../../../../arm-none-eabi/lib/armv6-m/libcr_c.a(fpprintf.o)
 .text._initio  0x00003008       0xa8 /opt/lpcxpresso_8.2.2_650/lpcxpresso/tools/bin/../lib/gcc/arm-none-eabi/5.4.1/../../../../arm-none-eabi/lib/armv6-m/libcr_c.a(initio.o)
                0x00003008                _initio
 .text.__vfprintf
                0x000030b0      0xd5c /opt/lpcxpresso_8.2.2_650/lpcxpresso/tools/bin/../lib/gcc/arm-none-eabi/5.4.1/../../../../arm-none-eabi/lib/armv6-m/libcr_c.a(printf.o)
                0x000030b0                __vfprintf
 .text.setvbuf  0x00003e0c       0x48 /opt/lpcxpresso_8.2.2_650/lpcxpresso/tools/bin/../lib/gcc/arm-none-eabi/5.4.1/../../../../arm-none-eabi/lib/armv6-m/libcr_c.a(setvbuf.o)
                0x00003e0c                setvbuf
 .text.strlen   0x00003e54       0x54 /opt/lpcxpresso_8.2.2_650/lpcxpresso/tools/bin/../lib/gcc/arm-none-eabi/5.4.1/../../../../arm-none-eabi/lib/armv6-m/libcr_c.a(strlen.o)
                0x00003e54                strlen
 .text.memset   0x00003ea8        0x8 /opt/lpcxpresso_8.2.2_650/lpcxpresso/tools/bin/../lib/gcc/arm-none-eabi/5.4.1/../../../../arm-none-eabi/lib/armv6-m/libcr_c.a(memset.o)
                0x00003ea8                memset
 .text._deferredlazyseek
                0x00003eb0       0x44 /opt/lpcxpresso_8.2.2_650/lpcxpresso/tools/bin/../lib/gcc/arm-none-eabi/5.4.1/../../../../arm-none-eabi/lib/armv6-m/libcr_c.a(_deferredlazyseek.o)
                0x00003eb0                _deferredlazyseek
 .text.__flsbuf
                0x00003ef4      0x150 /opt/lpcxpresso_8.2.2_650/lpcxpresso/tools/bin/../lib/gcc/arm-none-eabi/5.4.1/../../../../arm-none-eabi/lib/armv6-m/libcr_c.a(_deferredlazyseek.o)
                0x00003ef4                __flsbuf
 .text._fdopen  0x00004044       0x74 /opt/lpcxpresso_8.2.2_650/lpcxpresso/tools/bin/../lib/gcc/arm-none-eabi/5.4.1/../../../../arm-none-eabi/lib/armv6-m/libcr_c.a(_fdopen.o)
                0x00004044                _fdopen
 .text._fflush  0x000040b8       0x64 /opt/lpcxpresso_8.2.2_650/lpcxpresso/tools/bin/../lib/gcc/arm-none-eabi/5.4.1/../../../../arm-none-eabi/lib/armv6-m/libcr_c.a(_fflush.o)
                0x000040b8                _fflush
 .text._frexpl  0x0000411c       0x80 /opt/lpcxpresso_8.2.2_650/lpcxpresso/tools/bin/../lib/gcc/arm-none-eabi/5.4.1/../../../../arm-none-eabi/lib/armv6-m/libcr_c.a(_frexpl.o)
                0x0000411c                _frexpl
 .text._ldexpl  0x0000419c       0x58 /opt/lpcxpresso_8.2.2_650/lpcxpresso/tools/bin/../lib/gcc/arm-none-eabi/5.4.1/../../../../arm-none-eabi/lib/armv6-m/libcr_c.a(_ldexpl.o)
                0x0000419c                _ldexpl
 .text._Cwritebuf
                0x000041f4       0x6c /opt/lpcxpresso_8.2.2_650/lpcxpresso/tools/bin/../lib/gcc/arm-none-eabi/5.4.1/../../../../arm-none-eabi/lib/armv6-m/libcr_c.a(_writebuf.o)
                0x000041f4                _Cwritebuf
 .text.malloc   0x00004260       0xcc /opt/lpcxpresso_8.2.2_650/lpcxpresso/tools/bin/../lib/gcc/arm-none-eabi/5.4.1/../../../../arm-none-eabi/lib/armv6-m/libcr_c.a(alloc.o)
                0x00004260                malloc
 .text.free     0x0000432c       0x2e /opt/lpcxpresso_8.2.2_650/lpcxpresso/tools/bin/../lib/gcc/arm-none-eabi/5.4.1/../../../../arm-none-eabi/lib/armv6-m/libcr_c.a(alloc.o)
                0x0000432c                free
 *fill*         0x0000435a        0x2 ff
 .text._Csys_alloc
                0x0000435c       0x20 /opt/lpcxpresso_8.2.2_650/lpcxpresso/tools/bin/../lib/gcc/arm-none-eabi/5.4.1/../../../../arm-none-eabi/lib/armv6-m/libcr_c.a(alloc.o)
                0x0000435c                _Csys_alloc
 .text.fclose   0x0000437c       0x70 /opt/lpcxpresso_8.2.2_650/lpcxpresso/tools/bin/../lib/gcc/arm-none-eabi/5.4.1/../../../../arm-none-eabi/lib/armv6-m/libcr_c.a(fclose.o)
                0x0000437c                fclose
 .text.fflush   0x000043ec       0x34 /opt/lpcxpresso_8.2.2_650/lpcxpresso/tools/bin/../lib/gcc/arm-none-eabi/5.4.1/../../../../arm-none-eabi/lib/armv6-m/libcr_c.a(fflush.o)
                0x000043ec                fflush
 .text.fseek    0x00004420      0x100 /opt/lpcxpresso_8.2.2_650/lpcxpresso/tools/bin/../lib/gcc/arm-none-eabi/5.4.1/../../../../arm-none-eabi/lib/armv6-m/libcr_c.a(fseek.o)
                0x00004420                fseek
 .text.ftell    0x00004520       0x4c /opt/lpcxpresso_8.2.2_650/lpcxpresso/tools/bin/../lib/gcc/arm-none-eabi/5.4.1/../../../../arm-none-eabi/lib/armv6-m/libcr_c.a(ftell.o)
                0x00004520                ftell
 .text.remove   0x0000456c       0x12 /opt/lpcxpresso_8.2.2_650/lpcxpresso/tools/bin/../lib/gcc/arm-none-eabi/5.4.1/../../../../arm-none-eabi/lib/armv6-m/libcr_c.a(remove.o)
                0x0000456c                remove
 *fill*         0x0000457e        0x2 ff
 .text._sbrk    0x00004580       0x40 /opt/lpcxpresso_8.2.2_650/lpcxpresso/tools/bin/../lib/gcc/arm-none-eabi/5.4.1/../../../../arm-none-eabi/lib/armv6-m/libcr_c.a(_cr_sbrk.o)
                0x00004580                _sbrk
 .text._do_fflush
                0x000045c0       0x48 /opt/lpcxpresso_8.2.2_650/lpcxpresso/tools/bin/../lib/gcc/arm-none-eabi/5.4.1/../../../../arm-none-eabi/lib/armv6-m/libcr_c.a(_do_fflush.o)
                0x000045c0                _do_fflush
 .text.__check_heap_overflow
                0x00004608       0x14 /opt/lpcxpresso_8.2.2_650/lpcxpresso/tools/bin/../lib/gcc/arm-none-eabi/5.4.1/../../../../arm-none-eabi/lib/armv6-m/libcr_c.a(_cr_check_heap.o)
                0x00004608                __check_heap_overflow
 .text.__aeabi_division_idivmod
                0x0000461c       0x78 /opt/lpcxpresso_8.2.2_650/lpcxpresso/tools/bin/../lib/gcc/arm-none-eabi/5.4.1/armv6-m/libcr_eabihelpers.a(division_32.o)
                0x0000461c                __aeabi_idiv
                0x0000461c                __aeabi_idivmod
                0x00004622                __aeabi_uidiv
                0x00004622                __aeabi_uidivmod
 .text.__aeabi_division_uldivmod
                0x00004694       0x5a /opt/lpcxpresso_8.2.2_650/lpcxpresso/tools/bin/../lib/gcc/arm-none-eabi/5.4.1/armv6-m/libcr_eabihelpers.a(division_64.o)
                0x00004694                __aeabi_uldivmod
 .text.__aeabi_division_ldivmod
                0x000046ee       0x32 /opt/lpcxpresso_8.2.2_650/lpcxpresso/tools/bin/../lib/gcc/arm-none-eabi/5.4.1/armv6-m/libcr_eabihelpers.a(division_64.o)
                0x000046ee                __aeabi_ldivmod
 .text.__aeabi_division_idiv0
                0x00004720        0x2 /opt/lpcxpresso_8.2.2_650/lpcxpresso/tools/bin/../lib/gcc/arm-none-eabi/5.4.1/armv6-m/libcr_eabihelpers.a(division_idiv0.o)
                0x00004720                __aeabi_idiv0
 *fill*         0x00004722        0x2 ff
 .text.__aeabi_dmul
                0x00004724      0x17c /opt/lpcxpresso_8.2.2_650/lpcxpresso/tools/bin/../lib/gcc/arm-none-eabi/5.4.1/armv6-m/libcr_eabihelpers.a(double.o)
                0x00004724                __aeabi_dmul
 .text.__aeabi_ddiv
                0x000048a0      0x14c /opt/lpcxpresso_8.2.2_650/lpcxpresso/tools/bin/../lib/gcc/arm-none-eabi/5.4.1/armv6-m/libcr_eabihelpers.a(double.o)
                0x000048a0                __aeabi_ddiv
 .text.__aeabi_dsub
                0x000049ec      0x1c8 /opt/lpcxpresso_8.2.2_650/lpcxpresso/tools/bin/../lib/gcc/arm-none-eabi/5.4.1/armv6-m/libcr_eabihelpers.a(double.o)
                0x000049ec                __aeabi_dsub
 .text.__aeabi_dadd
                0x00004bb4      0x130 /opt/lpcxpresso_8.2.2_650/lpcxpresso/tools/bin/../lib/gcc/arm-none-eabi/5.4.1/armv6-m/libcr_eabihelpers.a(double.o)
                0x00004bb4                __aeabi_dadd
 .text.__aeabi_d2iz
                0x00004ce4       0x44 /opt/lpcxpresso_8.2.2_650/lpcxpresso/tools/bin/../lib/gcc/arm-none-eabi/5.4.1/armv6-m/libcr_eabihelpers.a(double.o)
                0x00004ce4                __aeabi_d2iz
 .text.__bhs_ui2d
                0x00004d28       0x5e /opt/lpcxpresso_8.2.2_650/lpcxpresso/tools/bin/../lib/gcc/arm-none-eabi/5.4.1/armv6-m/libcr_eabihelpers.a(double.o)
                0x00004d28                __bhs_ui2d
 .text.__aeabi_i2d
                0x00004d86       0x16 /opt/lpcxpresso_8.2.2_650/lpcxpresso/tools/bin/../lib/gcc/arm-none-eabi/5.4.1/armv6-m/libcr_eabihelpers.a(double.o)
                0x00004d86                __aeabi_i2d
 .text.__aeabi_dcmpeq
                0x00004d9c       0x30 /opt/lpcxpresso_8.2.2_650/lpcxpresso/tools/bin/../lib/gcc/arm-none-eabi/5.4.1/armv6-m/libcr_eabihelpers.a(double.o)
                0x00004d9c                __aeabi_dcmpeq
 .text.__aeabi_dcmplt
                0x00004dcc       0x5c /opt/lpcxpresso_8.2.2_650/lpcxpresso/tools/bin/../lib/gcc/arm-none-eabi/5.4.1/armv6-m/libcr_eabihelpers.a(double.o)
                0x00004dcc                __aeabi_dcmplt
 .text.__aeabi_dcmple
                0x00004e28       0x5c /opt/lpcxpresso_8.2.2_650/lpcxpresso/tools/bin/../lib/gcc/arm-none-eabi/5.4.1/armv6-m/libcr_eabihelpers.a(double.o)
                0x00004e28                __aeabi_dcmple
 .text.__aeabi_dcmpge
                0x00004e84       0x60 /opt/lpcxpresso_8.2.2_650/lpcxpresso/tools/bin/../lib/gcc/arm-none-eabi/5.4.1/armv6-m/libcr_eabihelpers.a(double.o)
                0x00004e84                __aeabi_dcmpge
 .text.__aeabi_fmul
                0x00004ee4       0xc4 /opt/lpcxpresso_8.2.2_650/lpcxpresso/tools/bin/../lib/gcc/arm-none-eabi/5.4.1/armv6-m/libcr_eabihelpers.a(float.o)
                0x00004ee4                __aeabi_fmul
 .text.__aeabi_fdiv
                0x00004fa8       0xf0 /opt/lpcxpresso_8.2.2_650/lpcxpresso/tools/bin/../lib/gcc/arm-none-eabi/5.4.1/armv6-m/libcr_eabihelpers.a(float.o)
                0x00004fa8                __aeabi_fdiv
 .text.__aeabi_f2iz
                0x00005098       0x38 /opt/lpcxpresso_8.2.2_650/lpcxpresso/tools/bin/../lib/gcc/arm-none-eabi/5.4.1/armv6-m/libcr_eabihelpers.a(float.o)
                0x00005098                __aeabi_f2iz
 .text.__bhs_ui2f
                0x000050d0       0x62 /opt/lpcxpresso_8.2.2_650/lpcxpresso/tools/bin/../lib/gcc/arm-none-eabi/5.4.1/armv6-m/libcr_eabihelpers.a(float.o)
                0x000050d0                __bhs_ui2f
 .text.__aeabi_i2f
                0x00005132       0x16 /opt/lpcxpresso_8.2.2_650/lpcxpresso/tools/bin/../lib/gcc/arm-none-eabi/5.4.1/armv6-m/libcr_eabihelpers.a(float.o)
                0x00005132                __aeabi_i2f
 .text.__aeabi_ui2f
                0x00005148        0xc /opt/lpcxpresso_8.2.2_650/lpcxpresso/tools/bin/../lib/gcc/arm-none-eabi/5.4.1/armv6-m/libcr_eabihelpers.a(float.o)
                0x00005148                __aeabi_ui2f
 .text.__aeabi_llong_lmul
                0x00005154       0x2e /opt/lpcxpresso_8.2.2_650/lpcxpresso/tools/bin/../lib/gcc/arm-none-eabi/5.4.1/armv6-m/libcr_eabihelpers.a(llong.o)
                0x00005154                __aeabi_lmul
 .text.__aeabi_memset_lowlevel
                0x00005182       0x2a /opt/lpcxpresso_8.2.2_650/lpcxpresso/tools/bin/../lib/gcc/arm-none-eabi/5.4.1/armv6-m/libcr_eabihelpers.a(memcpy.o)
                0x00005182                __aeabi_lowlevel_memset
 .text.__sys_appexit
                0x000051ac        0x2 /opt/lpcxpresso_8.2.2_650/lpcxpresso/tools/bin/../lib/gcc/arm-none-eabi/5.4.1/../../../../arm-none-eabi/lib/armv6-m/libcr_nohost.a(__sys_appexit.o)
                0x000051ac                __exit
                0x000051ac                __sys_appexit
 .text.__sys_close
                0x000051ae        0x6 /opt/lpcxpresso_8.2.2_650/lpcxpresso/tools/bin/../lib/gcc/arm-none-eabi/5.4.1/../../../../arm-none-eabi/lib/armv6-m/libcr_nohost.a(__sys_close.o)
                0x000051ae                __sys_close
 .text.__sys_flen
                0x000051b4        0x6 /opt/lpcxpresso_8.2.2_650/lpcxpresso/tools/bin/../lib/gcc/arm-none-eabi/5.4.1/../../../../arm-none-eabi/lib/armv6-m/libcr_nohost.a(__sys_flen.o)
                0x000051b4                __sys_flen
 .text.__sys_istty
                0x000051ba        0x6 /opt/lpcxpresso_8.2.2_650/lpcxpresso/tools/bin/../lib/gcc/arm-none-eabi/5.4.1/../../../../arm-none-eabi/lib/armv6-m/libcr_nohost.a(__sys_istty.o)
                0x000051ba                __sys_istty
 .text.__sys_remove
                0x000051c0        0x6 /opt/lpcxpresso_8.2.2_650/lpcxpresso/tools/bin/../lib/gcc/arm-none-eabi/5.4.1/../../../../arm-none-eabi/lib/armv6-m/libcr_nohost.a(__sys_remove.o)
                0x000051c0                __sys_remove
 .text.__sys_seek
                0x000051c6        0x6 /opt/lpcxpresso_8.2.2_650/lpcxpresso/tools/bin/../lib/gcc/arm-none-eabi/5.4.1/../../../../arm-none-eabi/lib/armv6-m/libcr_nohost.a(__sys_seek.o)
                0x000051c6                __sys_seek
 .text.__sys_tmpnam
                0x000051cc        0x6 /opt/lpcxpresso_8.2.2_650/lpcxpresso/tools/bin/../lib/gcc/arm-none-eabi/5.4.1/../../../../arm-none-eabi/lib/armv6-m/libcr_nohost.a(__sys_tmpnam.o)
                0x000051cc                __sys_tmpnam
 .text.__sys_write
                0x000051d2        0x4 /opt/lpcxpresso_8.2.2_650/lpcxpresso/tools/bin/../lib/gcc/arm-none-eabi/5.4.1/../../../../arm-none-eabi/lib/armv6-m/libcr_nohost.a(__sys_write.o)
                0x000051d2                __write
                0x000051d2                __sys_write
 *(.rodata .rodata.* .constdata .constdata.*)
 *fill*         0x000051d6        0x2 ff
 .rodata        0x000051d8       0x38 ./src/HX711.o
 .rodata.iocon_to_portpin
                0x00005210       0xb0 ./src/io.o
 .rodata.OscRateIn
                0x000052c0        0x4 ./src/sysinit.o
                0x000052c0                OscRateIn
 .rodata.wdtOSCRate
                0x000052c4       0x40 /home/tgjuranec/lpc11xx/lpc_chip_11cxx_lib/Debug/liblpc_chip_11cxx_lib.a(clock_11xx.o)
 .rodata.str1.1
                0x00005304       0x34 /opt/lpcxpresso_8.2.2_650/lpcxpresso/tools/bin/../lib/gcc/arm-none-eabi/5.4.1/../../../../arm-none-eabi/lib/armv6-m/libcr_c.a(fpprintf.o)
                                 0x35 (size before relaxing)
 .rodata.str1.1
                0x00005338        0x4 /opt/lpcxpresso_8.2.2_650/lpcxpresso/tools/bin/../lib/gcc/arm-none-eabi/5.4.1/../../../../arm-none-eabi/lib/armv6-m/libcr_c.a(initio.o)
 .rodata.str1.1
                0x0000533c       0x31 /opt/lpcxpresso_8.2.2_650/lpcxpresso/tools/bin/../lib/gcc/arm-none-eabi/5.4.1/../../../../arm-none-eabi/lib/armv6-m/libcr_c.a(printf.o)
                                 0x38 (size before relaxing)
 .rodata.str1.1
                0x0000536d       0x18 /opt/lpcxpresso_8.2.2_650/lpcxpresso/tools/bin/../lib/gcc/arm-none-eabi/5.4.1/../../../../arm-none-eabi/lib/armv6-m/libcr_c.a(alloc.o)
 *fill*         0x00005385        0x3 ff
 .rodata.__huge_vall
                0x00005388        0x8 /opt/lpcxpresso_8.2.2_650/lpcxpresso/tools/bin/../lib/gcc/arm-none-eabi/5.4.1/../../../../arm-none-eabi/lib/armv6-m/libcr_c.a(_hugeval.o)
                0x00005388                __huge_vall
                0x00005390                . = ALIGN (0x4)

.glue_7         0x00005390        0x0
 .glue_7        0x00005390        0x0 linker stubs

.glue_7t        0x00005390        0x0
 .glue_7t       0x00005390        0x0 linker stubs

.vfp11_veneer   0x00005390        0x0
 .vfp11_veneer  0x00005390        0x0 linker stubs

.v4_bx          0x00005390        0x0
 .v4_bx         0x00005390        0x0 linker stubs

.iplt           0x00005390        0x0
 .iplt          0x00005390        0x0 ./src/HX711.o

.rel.dyn        0x00005390        0x0
 .rel.iplt      0x00005390        0x0 ./src/HX711.o

.ARM.extab
 *(.ARM.extab* .gnu.linkonce.armextab.*)
                0x00005390                __exidx_start = .

.ARM.exidx
 *(.ARM.exidx* .gnu.linkonce.armexidx.*)
                0x00005390                __exidx_end = .
                0x00005390                _etext = .

.uninit_RESERVED
                0x10000000        0x0
 *(.bss.$RESERVED*)
                0x10000000                . = ALIGN (0x4)
                0x10000000                _end_uninit_RESERVED = .

.data           0x10000000        0x4 load address 0x00005390
 FILL mask 0xff
                0x10000000                _data = .
 *(vtable)
 *(.ramfunc*)
 *(.data*)
 .data.lcd_counter
                0x10000000        0x1 ./src/LCD1602.o
                0x10000000                lcd_counter
                0x10000004                . = ALIGN (0x4)
 *fill*         0x10000001        0x3 ff
                0x10000004                _edata = .

.igot.plt       0x10000004        0x0 load address 0x00005394
 .igot.plt      0x10000004        0x0 ./src/HX711.o

.bss            0x10000004      0x31c load address 0x00005394
                0x10000004                _bss = .
 *(.bss*)
 .bss.hx711_count.8465
                0x10000004        0x4 ./src/HX711.o
 .bss.hx711_w.8466
                0x10000008       0x40 ./src/HX711.o
 .bss.hx711_sw.8467
                0x10000048       0x40 ./src/HX711.o
 .bss.mw_old.8468
                0x10000088        0x4 ./src/HX711.o
 .bss._extra    0x1000008c        0x4 /opt/lpcxpresso_8.2.2_650/lpcxpresso/tools/bin/../lib/gcc/arm-none-eabi/5.4.1/../../../../arm-none-eabi/lib/armv6-m/libcr_c.a(initio.o)
                0x1000008c                _extra
 .bss.__Ciob    0x10000090      0x140 /opt/lpcxpresso_8.2.2_650/lpcxpresso/tools/bin/../lib/gcc/arm-none-eabi/5.4.1/../../../../arm-none-eabi/lib/armv6-m/libcr_c.a(stdio.o)
                0x10000090                __Ciob
 .bss.errno     0x100001d0        0x4 /opt/lpcxpresso_8.2.2_650/lpcxpresso/tools/bin/../lib/gcc/arm-none-eabi/5.4.1/../../../../arm-none-eabi/lib/armv6-m/libcr_c.a(errno.o)
                0x100001d0                errno
 .bss.__heaps   0x100001d4        0x4 /opt/lpcxpresso_8.2.2_650/lpcxpresso/tools/bin/../lib/gcc/arm-none-eabi/5.4.1/../../../../arm-none-eabi/lib/armv6-m/libcr_c.a(__init_alloc.o)
                0x100001d4                __heaps
 .bss.__end_of_heap
                0x100001d8        0x4 /opt/lpcxpresso_8.2.2_650/lpcxpresso/tools/bin/../lib/gcc/arm-none-eabi/5.4.1/../../../../arm-none-eabi/lib/armv6-m/libcr_c.a(__init_alloc.o)
                0x100001d8                __end_of_heap
 *(COMMON)
 COMMON         0x100001dc        0x8 ./src/HX711.o
                0x100001dc                hc
 COMMON         0x100001e4       0x34 ./src/LCD1602.o
                0x100001e4                ps
                0x100001e8                lc
                0x100001f8                lcd_text
 COMMON         0x10000218      0x104 ./src/sch.o
                0x10000218                task
                0x10000318                tick
 COMMON         0x1000031c        0x4 /home/tgjuranec/lpc11xx/lpc_chip_11cxx_lib/Debug/liblpc_chip_11cxx_lib.a(chip_11xx.o)
                0x1000031c                SystemCoreClock
                0x10000320                . = ALIGN (0x4)
                0x10000320                _ebss = .
                [!provide]                PROVIDE (end, .)

.noinit         0x10000320        0x0 load address 0x00005394
                0x10000320                _noinit = .
 *(.noinit*)
                0x10000320                . = ALIGN (0x4)
                0x10000320                _end_noinit = .
                0x10000320                PROVIDE (_pvHeapStart, DEFINED (__user_heap_base)?__user_heap_base:.)
                0x10002000                PROVIDE (_vStackTop, DEFINED (__user_stack_top)?__user_stack_top:(__top_RamLoc8 - 0x0))
                [!provide]                PROVIDE (__valid_user_code_checksum, (0x0 - (((_vStackTop + (ResetISR + 0x1)) + (DEFINED (NMI_Handler)?NMI_Handler:M0_NMI_Handler + 0x1)) + (DEFINED (HardFault_Handler)?HardFault_Handler:M0_HardFault_Handler + 0x1))))
OUTPUT(el_scale.axf elf32-littlearm)

.debug_info     0x00000000     0x6580
 .debug_info    0x00000000      0x411 ./src/HX711.o
 .debug_info    0x00000411      0x8f1 ./src/LCD1602.o
 .debug_info    0x00000d02      0x203 ./src/cr_startup_lpc11xx.o
 .debug_info    0x00000f05      0x76d ./src/el_scale.o
 .debug_info    0x00001672      0x645 ./src/io.o
 .debug_info    0x00001cb7      0x8f5 ./src/sch.o
 .debug_info    0x000025ac     0x100f ./src/sleep.o
 .debug_info    0x000035bb       0xc8 ./src/sysinit.o
 .debug_info    0x00003683       0xc2 /home/tgjuranec/lpc11xx/lpc_chip_11cxx_lib/Debug/liblpc_chip_11cxx_lib.a(chip_11xx.o)
 .debug_info    0x00003745      0x893 /home/tgjuranec/lpc11xx/lpc_chip_11cxx_lib/Debug/liblpc_chip_11cxx_lib.a(clock_11xx.o)
 .debug_info    0x00003fd8      0xb59 /home/tgjuranec/lpc11xx/lpc_chip_11cxx_lib/Debug/liblpc_chip_11cxx_lib.a(gpio_11xx_2.o)
 .debug_info    0x00004b31      0x593 /home/tgjuranec/lpc11xx/lpc_chip_11cxx_lib/Debug/liblpc_chip_11cxx_lib.a(sysctl_11xx.o)
 .debug_info    0x000050c4      0x7f6 /home/tgjuranec/lpc11xx/lpc_chip_11cxx_lib/Debug/liblpc_chip_11cxx_lib.a(sysinit_11xx.o)
 .debug_info    0x000058ba      0x801 /home/tgjuranec/lpc11xx/lpc_chip_11cxx_lib/Debug/liblpc_chip_11cxx_lib.a(timer_11xx.o)
 .debug_info    0x000060bb      0x11b /home/tgjuranec/lpc11xx/CMSIS_DSPLIB_CM0/lib/libCMSIS_DSPLIB_CM0.a(arm_mean_q31.o)
 .debug_info    0x000061d6      0x16e /home/tgjuranec/lpc11xx/CMSIS_DSPLIB_CM0/lib/libCMSIS_DSPLIB_CM0.a(arm_std_q31.o)
 .debug_info    0x00006344      0x23c /home/tgjuranec/lpc11xx/CMSIS_DSPLIB_CM0/lib/libCMSIS_DSPLIB_CM0.a(arm_sqrt_q31.o)

.debug_abbrev   0x00000000     0x18c0
 .debug_abbrev  0x00000000      0x1c0 ./src/HX711.o
 .debug_abbrev  0x000001c0      0x29d ./src/LCD1602.o
 .debug_abbrev  0x0000045d       0xe6 ./src/cr_startup_lpc11xx.o
 .debug_abbrev  0x00000543      0x184 ./src/el_scale.o
 .debug_abbrev  0x000006c7      0x1dd ./src/io.o
 .debug_abbrev  0x000008a4      0x2ca ./src/sch.o
 .debug_abbrev  0x00000b6e      0x2d6 ./src/sleep.o
 .debug_abbrev  0x00000e44       0x6a ./src/sysinit.o
 .debug_abbrev  0x00000eae       0x7b /home/tgjuranec/lpc11xx/lpc_chip_11cxx_lib/Debug/liblpc_chip_11cxx_lib.a(chip_11xx.o)
 .debug_abbrev  0x00000f29      0x1c0 /home/tgjuranec/lpc11xx/lpc_chip_11cxx_lib/Debug/liblpc_chip_11cxx_lib.a(clock_11xx.o)
 .debug_abbrev  0x000010e9      0x1a9 /home/tgjuranec/lpc11xx/lpc_chip_11cxx_lib/Debug/liblpc_chip_11cxx_lib.a(gpio_11xx_2.o)
 .debug_abbrev  0x00001292       0xce /home/tgjuranec/lpc11xx/lpc_chip_11cxx_lib/Debug/liblpc_chip_11cxx_lib.a(sysctl_11xx.o)
 .debug_abbrev  0x00001360      0x171 /home/tgjuranec/lpc11xx/lpc_chip_11cxx_lib/Debug/liblpc_chip_11cxx_lib.a(sysinit_11xx.o)
 .debug_abbrev  0x000014d1      0x195 /home/tgjuranec/lpc11xx/lpc_chip_11cxx_lib/Debug/liblpc_chip_11cxx_lib.a(timer_11xx.o)
 .debug_abbrev  0x00001666       0x93 /home/tgjuranec/lpc11xx/CMSIS_DSPLIB_CM0/lib/libCMSIS_DSPLIB_CM0.a(arm_mean_q31.o)
 .debug_abbrev  0x000016f9       0xad /home/tgjuranec/lpc11xx/CMSIS_DSPLIB_CM0/lib/libCMSIS_DSPLIB_CM0.a(arm_std_q31.o)
 .debug_abbrev  0x000017a6      0x11a /home/tgjuranec/lpc11xx/CMSIS_DSPLIB_CM0/lib/libCMSIS_DSPLIB_CM0.a(arm_sqrt_q31.o)

.debug_aranges  0x00000000      0x6c0
 .debug_aranges
                0x00000000       0x48 ./src/HX711.o
 .debug_aranges
                0x00000048       0xe8 ./src/LCD1602.o
 .debug_aranges
                0x00000130       0x60 ./src/cr_startup_lpc11xx.o
 .debug_aranges
                0x00000190       0x38 ./src/el_scale.o
 .debug_aranges
                0x000001c8       0x78 ./src/io.o
 .debug_aranges
                0x00000240       0xd0 ./src/sch.o
 .debug_aranges
                0x00000310      0x108 ./src/sleep.o
 .debug_aranges
                0x00000418       0x20 ./src/sysinit.o
 .debug_aranges
                0x00000438       0x20 /home/tgjuranec/lpc11xx/lpc_chip_11cxx_lib/Debug/liblpc_chip_11cxx_lib.a(chip_11xx.o)
 .debug_aranges
                0x00000458       0x88 /home/tgjuranec/lpc11xx/lpc_chip_11cxx_lib/Debug/liblpc_chip_11cxx_lib.a(clock_11xx.o)
 .debug_aranges
                0x000004e0       0xb0 /home/tgjuranec/lpc11xx/lpc_chip_11cxx_lib/Debug/liblpc_chip_11cxx_lib.a(gpio_11xx_2.o)
 .debug_aranges
                0x00000590       0x38 /home/tgjuranec/lpc11xx/lpc_chip_11cxx_lib/Debug/liblpc_chip_11cxx_lib.a(sysctl_11xx.o)
 .debug_aranges
                0x000005c8       0x48 /home/tgjuranec/lpc11xx/lpc_chip_11cxx_lib/Debug/liblpc_chip_11cxx_lib.a(sysinit_11xx.o)
 .debug_aranges
                0x00000610       0x50 /home/tgjuranec/lpc11xx/lpc_chip_11cxx_lib/Debug/liblpc_chip_11cxx_lib.a(timer_11xx.o)
 .debug_aranges
                0x00000660       0x20 /home/tgjuranec/lpc11xx/CMSIS_DSPLIB_CM0/lib/libCMSIS_DSPLIB_CM0.a(arm_mean_q31.o)
 .debug_aranges
                0x00000680       0x20 /home/tgjuranec/lpc11xx/CMSIS_DSPLIB_CM0/lib/libCMSIS_DSPLIB_CM0.a(arm_std_q31.o)
 .debug_aranges
                0x000006a0       0x20 /home/tgjuranec/lpc11xx/CMSIS_DSPLIB_CM0/lib/libCMSIS_DSPLIB_CM0.a(arm_sqrt_q31.o)

.debug_ranges   0x00000000      0x5b0
 .debug_ranges  0x00000000       0x38 ./src/HX711.o
 .debug_ranges  0x00000038       0xd8 ./src/LCD1602.o
 .debug_ranges  0x00000110       0x50 ./src/cr_startup_lpc11xx.o
 .debug_ranges  0x00000160       0x28 ./src/el_scale.o
 .debug_ranges  0x00000188       0x68 ./src/io.o
 .debug_ranges  0x000001f0       0xc0 ./src/sch.o
 .debug_ranges  0x000002b0       0xf8 ./src/sleep.o
 .debug_ranges  0x000003a8       0x10 ./src/sysinit.o
 .debug_ranges  0x000003b8       0x10 /home/tgjuranec/lpc11xx/lpc_chip_11cxx_lib/Debug/liblpc_chip_11cxx_lib.a(chip_11xx.o)
 .debug_ranges  0x000003c8       0x78 /home/tgjuranec/lpc11xx/lpc_chip_11cxx_lib/Debug/liblpc_chip_11cxx_lib.a(clock_11xx.o)
 .debug_ranges  0x00000440       0xa0 /home/tgjuranec/lpc11xx/lpc_chip_11cxx_lib/Debug/liblpc_chip_11cxx_lib.a(gpio_11xx_2.o)
 .debug_ranges  0x000004e0       0x28 /home/tgjuranec/lpc11xx/lpc_chip_11cxx_lib/Debug/liblpc_chip_11cxx_lib.a(sysctl_11xx.o)
 .debug_ranges  0x00000508       0x38 /home/tgjuranec/lpc11xx/lpc_chip_11cxx_lib/Debug/liblpc_chip_11cxx_lib.a(sysinit_11xx.o)
 .debug_ranges  0x00000540       0x40 /home/tgjuranec/lpc11xx/lpc_chip_11cxx_lib/Debug/liblpc_chip_11cxx_lib.a(timer_11xx.o)
 .debug_ranges  0x00000580       0x10 /home/tgjuranec/lpc11xx/CMSIS_DSPLIB_CM0/lib/libCMSIS_DSPLIB_CM0.a(arm_mean_q31.o)
 .debug_ranges  0x00000590       0x10 /home/tgjuranec/lpc11xx/CMSIS_DSPLIB_CM0/lib/libCMSIS_DSPLIB_CM0.a(arm_std_q31.o)
 .debug_ranges  0x000005a0       0x10 /home/tgjuranec/lpc11xx/CMSIS_DSPLIB_CM0/lib/libCMSIS_DSPLIB_CM0.a(arm_sqrt_q31.o)

.debug_macro    0x00000000     0x3bcd
 .debug_macro   0x00000000      0x1c9 ./src/HX711.o
 .debug_macro   0x000001c9      0x84a ./src/HX711.o
 .debug_macro   0x00000a13       0x10 ./src/HX711.o
 .debug_macro   0x00000a23      0x12d ./src/HX711.o
 .debug_macro   0x00000b50      0x5b2 ./src/HX711.o
 .debug_macro   0x00001102       0x22 ./src/HX711.o
 .debug_macro   0x00001124       0x7b ./src/HX711.o
 .debug_macro   0x0000119f       0x10 ./src/HX711.o
 .debug_macro   0x000011af       0x1f ./src/HX711.o
 .debug_macro   0x000011ce       0x3a ./src/HX711.o
 .debug_macro   0x00001208      0x241 ./src/HX711.o
 .debug_macro   0x00001449      0x117 ./src/HX711.o
 .debug_macro   0x00001560       0x22 ./src/HX711.o
 .debug_macro   0x00001582       0xb2 ./src/HX711.o
 .debug_macro   0x00001634       0x10 ./src/HX711.o
 .debug_macro   0x00001644      0x137 ./src/HX711.o
 .debug_macro   0x0000177b       0x4c ./src/HX711.o
 .debug_macro   0x000017c7       0x16 ./src/HX711.o
 .debug_macro   0x000017dd      0x31a ./src/HX711.o
 .debug_macro   0x00001af7       0x2e ./src/HX711.o
 .debug_macro   0x00001b25       0xb8 ./src/HX711.o
 .debug_macro   0x00001bdd       0x11 ./src/HX711.o
 .debug_macro   0x00001bee       0x7c ./src/HX711.o
 .debug_macro   0x00001c6a      0x21c ./src/HX711.o
 .debug_macro   0x00001e86      0x113 ./src/HX711.o
 .debug_macro   0x00001f99       0xbe ./src/HX711.o
 .debug_macro   0x00002057       0x10 ./src/HX711.o
 .debug_macro   0x00002067       0x12 ./src/HX711.o
 .debug_macro   0x00002079       0x12 ./src/HX711.o
 .debug_macro   0x0000208b       0xc4 ./src/HX711.o
 .debug_macro   0x0000214f       0xb3 ./src/HX711.o
 .debug_macro   0x00002202       0x16 ./src/HX711.o
 .debug_macro   0x00002218       0x9a ./src/HX711.o
 .debug_macro   0x000022b2      0x179 ./src/LCD1602.o
 .debug_macro   0x0000242b       0x1d ./src/cr_startup_lpc11xx.o
 .debug_macro   0x00002448      0x1b2 ./src/el_scale.o
 .debug_macro   0x000025fa       0x82 ./src/el_scale.o
 .debug_macro   0x0000267c      0x148 ./src/io.o
 .debug_macro   0x000027c4      0x157 ./src/sch.o
 .debug_macro   0x0000291b       0x10 ./src/sch.o
 .debug_macro   0x0000292b      0x148 ./src/sleep.o
 .debug_macro   0x00002a73      0x148 ./src/sysinit.o
 .debug_macro   0x00002bbb      0x148 /home/tgjuranec/lpc11xx/lpc_chip_11cxx_lib/Debug/liblpc_chip_11cxx_lib.a(chip_11xx.o)
 .debug_macro   0x00002d03      0x838 /home/tgjuranec/lpc11xx/lpc_chip_11cxx_lib/Debug/liblpc_chip_11cxx_lib.a(chip_11xx.o)
 .debug_macro   0x0000353b      0x148 /home/tgjuranec/lpc11xx/lpc_chip_11cxx_lib/Debug/liblpc_chip_11cxx_lib.a(clock_11xx.o)
 .debug_macro   0x00003683      0x148 /home/tgjuranec/lpc11xx/lpc_chip_11cxx_lib/Debug/liblpc_chip_11cxx_lib.a(gpio_11xx_2.o)
 .debug_macro   0x000037cb      0x172 /home/tgjuranec/lpc11xx/lpc_chip_11cxx_lib/Debug/liblpc_chip_11cxx_lib.a(sysctl_11xx.o)
 .debug_macro   0x0000393d      0x148 /home/tgjuranec/lpc11xx/lpc_chip_11cxx_lib/Debug/liblpc_chip_11cxx_lib.a(sysinit_11xx.o)
 .debug_macro   0x00003a85      0x148 /home/tgjuranec/lpc11xx/lpc_chip_11cxx_lib/Debug/liblpc_chip_11cxx_lib.a(timer_11xx.o)

.debug_line     0x00000000     0x3ffc
 .debug_line    0x00000000      0x44e ./src/HX711.o
 .debug_line    0x0000044e      0x640 ./src/LCD1602.o
 .debug_line    0x00000a8e       0xba ./src/cr_startup_lpc11xx.o
 .debug_line    0x00000b48      0x3d3 ./src/el_scale.o
 .debug_line    0x00000f1b      0x3ed ./src/io.o
 .debug_line    0x00001308      0x51b ./src/sch.o
 .debug_line    0x00001823      0x57d ./src/sleep.o
 .debug_line    0x00001da0      0x2a1 ./src/sysinit.o
 .debug_line    0x00002041      0x2a3 /home/tgjuranec/lpc11xx/lpc_chip_11cxx_lib/Debug/liblpc_chip_11cxx_lib.a(chip_11xx.o)
 .debug_line    0x000022e4      0x3cd /home/tgjuranec/lpc11xx/lpc_chip_11cxx_lib/Debug/liblpc_chip_11cxx_lib.a(clock_11xx.o)
 .debug_line    0x000026b1      0x42e /home/tgjuranec/lpc11xx/lpc_chip_11cxx_lib/Debug/liblpc_chip_11cxx_lib.a(gpio_11xx_2.o)
 .debug_line    0x00002adf      0x2e0 /home/tgjuranec/lpc11xx/lpc_chip_11cxx_lib/Debug/liblpc_chip_11cxx_lib.a(sysctl_11xx.o)
 .debug_line    0x00002dbf      0x31a /home/tgjuranec/lpc11xx/lpc_chip_11cxx_lib/Debug/liblpc_chip_11cxx_lib.a(sysinit_11xx.o)
 .debug_line    0x000030d9      0x331 /home/tgjuranec/lpc11xx/lpc_chip_11cxx_lib/Debug/liblpc_chip_11cxx_lib.a(timer_11xx.o)
 .debug_line    0x0000340a      0x3d3 /home/tgjuranec/lpc11xx/CMSIS_DSPLIB_CM0/lib/libCMSIS_DSPLIB_CM0.a(arm_mean_q31.o)
 .debug_line    0x000037dd      0x3f3 /home/tgjuranec/lpc11xx/CMSIS_DSPLIB_CM0/lib/libCMSIS_DSPLIB_CM0.a(arm_std_q31.o)
 .debug_line    0x00003bd0      0x42c /home/tgjuranec/lpc11xx/CMSIS_DSPLIB_CM0/lib/libCMSIS_DSPLIB_CM0.a(arm_sqrt_q31.o)

.debug_str      0x00000000     0xb15b
 .debug_str     0x00000000     0x8ed1 ./src/HX711.o
                               0x8fef (size before relaxing)
 .debug_str     0x00008ed1      0x314 ./src/LCD1602.o
                               0x858f (size before relaxing)
 .debug_str     0x000091e5      0x178 ./src/cr_startup_lpc11xx.o
                               0x2523 (size before relaxing)
 .debug_str     0x0000935d      0x892 ./src/el_scale.o
                               0x8d95 (size before relaxing)
 .debug_str     0x00009bef       0xf9 ./src/io.o
                               0x80fc (size before relaxing)
 .debug_str     0x00009ce8      0x37c ./src/sch.o
                               0x826c (size before relaxing)
 .debug_str     0x0000a064      0x4a2 ./src/sleep.o
                               0x8b0d (size before relaxing)
 .debug_str     0x0000a506       0x1b ./src/sysinit.o
                               0x7d62 (size before relaxing)
 .debug_str     0x0000a521       0x5a /home/tgjuranec/lpc11xx/lpc_chip_11cxx_lib/Debug/liblpc_chip_11cxx_lib.a(chip_11xx.o)
                               0x7d2e (size before relaxing)
 .debug_str     0x0000a57b      0x3b8 /home/tgjuranec/lpc11xx/lpc_chip_11cxx_lib/Debug/liblpc_chip_11cxx_lib.a(clock_11xx.o)
                               0x84f2 (size before relaxing)
 .debug_str     0x0000a933      0x21c /home/tgjuranec/lpc11xx/lpc_chip_11cxx_lib/Debug/liblpc_chip_11cxx_lib.a(gpio_11xx_2.o)
                               0x83d0 (size before relaxing)
 .debug_str     0x0000ab4f      0x19f /home/tgjuranec/lpc11xx/lpc_chip_11cxx_lib/Debug/liblpc_chip_11cxx_lib.a(sysctl_11xx.o)
                               0x813c (size before relaxing)
 .debug_str     0x0000acee      0x119 /home/tgjuranec/lpc11xx/lpc_chip_11cxx_lib/Debug/liblpc_chip_11cxx_lib.a(sysinit_11xx.o)
                               0x8395 (size before relaxing)
 .debug_str     0x0000ae07       0xb1 /home/tgjuranec/lpc11xx/lpc_chip_11cxx_lib/Debug/liblpc_chip_11cxx_lib.a(timer_11xx.o)
                               0x82c3 (size before relaxing)
 .debug_str     0x0000aeb8       0xfd /home/tgjuranec/lpc11xx/CMSIS_DSPLIB_CM0/lib/libCMSIS_DSPLIB_CM0.a(arm_mean_q31.o)
                                0x193 (size before relaxing)
 .debug_str     0x0000afb5       0x74 /home/tgjuranec/lpc11xx/CMSIS_DSPLIB_CM0/lib/libCMSIS_DSPLIB_CM0.a(arm_std_q31.o)
                                0x1c8 (size before relaxing)
 .debug_str     0x0000b029      0x132 /home/tgjuranec/lpc11xx/CMSIS_DSPLIB_CM0/lib/libCMSIS_DSPLIB_CM0.a(arm_sqrt_q31.o)
                                0x282 (size before relaxing)

.comment        0x00000000      0x14c
 .comment       0x00000000       0x6e ./src/HX711.o
                                 0x6f (size before relaxing)
 .comment       0x0000006e       0x6f ./src/LCD1602.o
 .comment       0x0000006e       0x6f ./src/cr_startup_lpc11xx.o
 .comment       0x0000006e       0x6f ./src/el_scale.o
 .comment       0x0000006e       0x6f ./src/io.o
 .comment       0x0000006e       0x6f ./src/sch.o
 .comment       0x0000006e       0x6f ./src/sleep.o
 .comment       0x0000006e       0x6f ./src/sysinit.o
 .comment       0x0000006e       0x6f /home/tgjuranec/lpc11xx/lpc_chip_11cxx_lib/Debug/liblpc_chip_11cxx_lib.a(chip_11xx.o)
 .comment       0x0000006e       0x6f /home/tgjuranec/lpc11xx/lpc_chip_11cxx_lib/Debug/liblpc_chip_11cxx_lib.a(clock_11xx.o)
 .comment       0x0000006e       0x6f /home/tgjuranec/lpc11xx/lpc_chip_11cxx_lib/Debug/liblpc_chip_11cxx_lib.a(gpio_11xx_2.o)
 .comment       0x0000006e       0x6f /home/tgjuranec/lpc11xx/lpc_chip_11cxx_lib/Debug/liblpc_chip_11cxx_lib.a(sysctl_11xx.o)
 .comment       0x0000006e       0x6f /home/tgjuranec/lpc11xx/lpc_chip_11cxx_lib/Debug/liblpc_chip_11cxx_lib.a(sysinit_11xx.o)
 .comment       0x0000006e       0x6f /home/tgjuranec/lpc11xx/lpc_chip_11cxx_lib/Debug/liblpc_chip_11cxx_lib.a(timer_11xx.o)
 .comment       0x0000006e       0x70 /home/tgjuranec/lpc11xx/CMSIS_DSPLIB_CM0/lib/libCMSIS_DSPLIB_CM0.a(arm_mean_q31.o)
                                 0x71 (size before relaxing)
 .comment       0x000000de       0x71 /home/tgjuranec/lpc11xx/CMSIS_DSPLIB_CM0/lib/libCMSIS_DSPLIB_CM0.a(arm_std_q31.o)
 .comment       0x000000de       0x71 /home/tgjuranec/lpc11xx/CMSIS_DSPLIB_CM0/lib/libCMSIS_DSPLIB_CM0.a(arm_sqrt_q31.o)
 .comment       0x000000de       0x6e /opt/lpcxpresso_8.2.2_650/lpcxpresso/tools/bin/../lib/gcc/arm-none-eabi/5.4.1/../../../../arm-none-eabi/lib/armv6-m/libcr_nohost.a(_cr__main.o)
                                 0x6f (size before relaxing)
 .comment       0x0000014c       0x6f /opt/lpcxpresso_8.2.2_650/lpcxpresso/tools/bin/../lib/gcc/arm-none-eabi/5.4.1/../../../../arm-none-eabi/lib/armv6-m/libcr_c.a(fpprintf.o)
 .comment       0x0000014c       0x6f /opt/lpcxpresso_8.2.2_650/lpcxpresso/tools/bin/../lib/gcc/arm-none-eabi/5.4.1/../../../../arm-none-eabi/lib/armv6-m/libcr_c.a(initio.o)
 .comment       0x0000014c       0x6f /opt/lpcxpresso_8.2.2_650/lpcxpresso/tools/bin/../lib/gcc/arm-none-eabi/5.4.1/../../../../arm-none-eabi/lib/armv6-m/libcr_c.a(printf.o)
 .comment       0x0000014c       0x6f /opt/lpcxpresso_8.2.2_650/lpcxpresso/tools/bin/../lib/gcc/arm-none-eabi/5.4.1/../../../../arm-none-eabi/lib/armv6-m/libcr_c.a(setvbuf.o)
 .comment       0x0000014c       0x6f /opt/lpcxpresso_8.2.2_650/lpcxpresso/tools/bin/../lib/gcc/arm-none-eabi/5.4.1/../../../../arm-none-eabi/lib/armv6-m/libcr_c.a(stdio.o)
 .comment       0x0000014c       0x6f /opt/lpcxpresso_8.2.2_650/lpcxpresso/tools/bin/../lib/gcc/arm-none-eabi/5.4.1/../../../../arm-none-eabi/lib/armv6-m/libcr_c.a(strlen.o)
 .comment       0x0000014c       0x6f /opt/lpcxpresso_8.2.2_650/lpcxpresso/tools/bin/../lib/gcc/arm-none-eabi/5.4.1/../../../../arm-none-eabi/lib/armv6-m/libcr_c.a(memset.o)
 .comment       0x0000014c       0x6f /opt/lpcxpresso_8.2.2_650/lpcxpresso/tools/bin/../lib/gcc/arm-none-eabi/5.4.1/../../../../arm-none-eabi/lib/armv6-m/libcr_c.a(_deferredlazyseek.o)
 .comment       0x0000014c       0x6f /opt/lpcxpresso_8.2.2_650/lpcxpresso/tools/bin/../lib/gcc/arm-none-eabi/5.4.1/../../../../arm-none-eabi/lib/armv6-m/libcr_c.a(_fdopen.o)
 .comment       0x0000014c       0x6f /opt/lpcxpresso_8.2.2_650/lpcxpresso/tools/bin/../lib/gcc/arm-none-eabi/5.4.1/../../../../arm-none-eabi/lib/armv6-m/libcr_c.a(_fflush.o)
 .comment       0x0000014c       0x6f /opt/lpcxpresso_8.2.2_650/lpcxpresso/tools/bin/../lib/gcc/arm-none-eabi/5.4.1/../../../../arm-none-eabi/lib/armv6-m/libcr_c.a(_frexpl.o)
 .comment       0x0000014c       0x6f /opt/lpcxpresso_8.2.2_650/lpcxpresso/tools/bin/../lib/gcc/arm-none-eabi/5.4.1/../../../../arm-none-eabi/lib/armv6-m/libcr_c.a(_ldexpl.o)
 .comment       0x0000014c       0x6f /opt/lpcxpresso_8.2.2_650/lpcxpresso/tools/bin/../lib/gcc/arm-none-eabi/5.4.1/../../../../arm-none-eabi/lib/armv6-m/libcr_c.a(_writebuf.o)
 .comment       0x0000014c       0x6f /opt/lpcxpresso_8.2.2_650/lpcxpresso/tools/bin/../lib/gcc/arm-none-eabi/5.4.1/../../../../arm-none-eabi/lib/armv6-m/libcr_c.a(alloc.o)
 .comment       0x0000014c       0x6f /opt/lpcxpresso_8.2.2_650/lpcxpresso/tools/bin/../lib/gcc/arm-none-eabi/5.4.1/../../../../arm-none-eabi/lib/armv6-m/libcr_c.a(errno.o)
 .comment       0x0000014c       0x6f /opt/lpcxpresso_8.2.2_650/lpcxpresso/tools/bin/../lib/gcc/arm-none-eabi/5.4.1/../../../../arm-none-eabi/lib/armv6-m/libcr_c.a(fclose.o)
 .comment       0x0000014c       0x6f /opt/lpcxpresso_8.2.2_650/lpcxpresso/tools/bin/../lib/gcc/arm-none-eabi/5.4.1/../../../../arm-none-eabi/lib/armv6-m/libcr_c.a(fflush.o)
 .comment       0x0000014c       0x6f /opt/lpcxpresso_8.2.2_650/lpcxpresso/tools/bin/../lib/gcc/arm-none-eabi/5.4.1/../../../../arm-none-eabi/lib/armv6-m/libcr_c.a(fseek.o)
 .comment       0x0000014c       0x6f /opt/lpcxpresso_8.2.2_650/lpcxpresso/tools/bin/../lib/gcc/arm-none-eabi/5.4.1/../../../../arm-none-eabi/lib/armv6-m/libcr_c.a(ftell.o)
 .comment       0x0000014c       0x6f /opt/lpcxpresso_8.2.2_650/lpcxpresso/tools/bin/../lib/gcc/arm-none-eabi/5.4.1/../../../../arm-none-eabi/lib/armv6-m/libcr_c.a(remove.o)
 .comment       0x0000014c       0x6f /opt/lpcxpresso_8.2.2_650/lpcxpresso/tools/bin/../lib/gcc/arm-none-eabi/5.4.1/../../../../arm-none-eabi/lib/armv6-m/libcr_c.a(__init_alloc.o)
 .comment       0x0000014c       0x6f /opt/lpcxpresso_8.2.2_650/lpcxpresso/tools/bin/../lib/gcc/arm-none-eabi/5.4.1/../../../../arm-none-eabi/lib/armv6-m/libcr_c.a(_cr_sbrk.o)
 .comment       0x0000014c       0x6f /opt/lpcxpresso_8.2.2_650/lpcxpresso/tools/bin/../lib/gcc/arm-none-eabi/5.4.1/../../../../arm-none-eabi/lib/armv6-m/libcr_c.a(_do_fflush.o)
 .comment       0x0000014c       0x6f /opt/lpcxpresso_8.2.2_650/lpcxpresso/tools/bin/../lib/gcc/arm-none-eabi/5.4.1/../../../../arm-none-eabi/lib/armv6-m/libcr_c.a(_hugeval.o)
 .comment       0x0000014c       0x6f /opt/lpcxpresso_8.2.2_650/lpcxpresso/tools/bin/../lib/gcc/arm-none-eabi/5.4.1/../../../../arm-none-eabi/lib/armv6-m/libcr_c.a(_cr_check_heap.o)
 .comment       0x0000014c       0x6f /opt/lpcxpresso_8.2.2_650/lpcxpresso/tools/bin/../lib/gcc/arm-none-eabi/5.4.1/armv6-m/libcr_eabihelpers.a(double.o)
 .comment       0x0000014c       0x6f /opt/lpcxpresso_8.2.2_650/lpcxpresso/tools/bin/../lib/gcc/arm-none-eabi/5.4.1/armv6-m/libcr_eabihelpers.a(float.o)
 .comment       0x0000014c       0x6f /opt/lpcxpresso_8.2.2_650/lpcxpresso/tools/bin/../lib/gcc/arm-none-eabi/5.4.1/../../../../arm-none-eabi/lib/armv6-m/libcr_nohost.a(__sys_appexit.o)
 .comment       0x0000014c       0x6f /opt/lpcxpresso_8.2.2_650/lpcxpresso/tools/bin/../lib/gcc/arm-none-eabi/5.4.1/../../../../arm-none-eabi/lib/armv6-m/libcr_nohost.a(__sys_close.o)
 .comment       0x0000014c       0x6f /opt/lpcxpresso_8.2.2_650/lpcxpresso/tools/bin/../lib/gcc/arm-none-eabi/5.4.1/../../../../arm-none-eabi/lib/armv6-m/libcr_nohost.a(__sys_flen.o)
 .comment       0x0000014c       0x6f /opt/lpcxpresso_8.2.2_650/lpcxpresso/tools/bin/../lib/gcc/arm-none-eabi/5.4.1/../../../../arm-none-eabi/lib/armv6-m/libcr_nohost.a(__sys_istty.o)
 .comment       0x0000014c       0x6f /opt/lpcxpresso_8.2.2_650/lpcxpresso/tools/bin/../lib/gcc/arm-none-eabi/5.4.1/../../../../arm-none-eabi/lib/armv6-m/libcr_nohost.a(__sys_remove.o)
 .comment       0x0000014c       0x6f /opt/lpcxpresso_8.2.2_650/lpcxpresso/tools/bin/../lib/gcc/arm-none-eabi/5.4.1/../../../../arm-none-eabi/lib/armv6-m/libcr_nohost.a(__sys_seek.o)
 .comment       0x0000014c       0x6f /opt/lpcxpresso_8.2.2_650/lpcxpresso/tools/bin/../lib/gcc/arm-none-eabi/5.4.1/../../../../arm-none-eabi/lib/armv6-m/libcr_nohost.a(__sys_tmpnam.o)
 .comment       0x0000014c       0x6f /opt/lpcxpresso_8.2.2_650/lpcxpresso/tools/bin/../lib/gcc/arm-none-eabi/5.4.1/../../../../arm-none-eabi/lib/armv6-m/libcr_nohost.a(__sys_write.o)

.ARM.attributes
                0x00000000       0x2f
 .ARM.attributes
                0x00000000       0x31 ./src/HX711.o
 .ARM.attributes
                0x00000031       0x31 ./src/LCD1602.o
 .ARM.attributes
                0x00000062       0x31 ./src/cr_startup_lpc11xx.o
 .ARM.attributes
                0x00000093       0x31 ./src/el_scale.o
 .ARM.attributes
                0x000000c4       0x31 ./src/io.o
 .ARM.attributes
                0x000000f5       0x31 ./src/sch.o
 .ARM.attributes
                0x00000126       0x31 ./src/sleep.o
 .ARM.attributes
                0x00000157       0x31 ./src/sysinit.o
 .ARM.attributes
                0x00000188       0x31 /home/tgjuranec/lpc11xx/lpc_chip_11cxx_lib/Debug/liblpc_chip_11cxx_lib.a(chip_11xx.o)
 .ARM.attributes
                0x000001b9       0x31 /home/tgjuranec/lpc11xx/lpc_chip_11cxx_lib/Debug/liblpc_chip_11cxx_lib.a(clock_11xx.o)
 .ARM.attributes
                0x000001ea       0x31 /home/tgjuranec/lpc11xx/lpc_chip_11cxx_lib/Debug/liblpc_chip_11cxx_lib.a(gpio_11xx_2.o)
 .ARM.attributes
                0x0000021b       0x31 /home/tgjuranec/lpc11xx/lpc_chip_11cxx_lib/Debug/liblpc_chip_11cxx_lib.a(sysctl_11xx.o)
 .ARM.attributes
                0x0000024c       0x31 /home/tgjuranec/lpc11xx/lpc_chip_11cxx_lib/Debug/liblpc_chip_11cxx_lib.a(sysinit_11xx.o)
 .ARM.attributes
                0x0000027d       0x31 /home/tgjuranec/lpc11xx/lpc_chip_11cxx_lib/Debug/liblpc_chip_11cxx_lib.a(timer_11xx.o)
 .ARM.attributes
                0x000002ae       0x31 /home/tgjuranec/lpc11xx/CMSIS_DSPLIB_CM0/lib/libCMSIS_DSPLIB_CM0.a(arm_mean_q31.o)
 .ARM.attributes
                0x000002df       0x31 /home/tgjuranec/lpc11xx/CMSIS_DSPLIB_CM0/lib/libCMSIS_DSPLIB_CM0.a(arm_std_q31.o)
 .ARM.attributes
                0x00000310       0x31 /home/tgjuranec/lpc11xx/CMSIS_DSPLIB_CM0/lib/libCMSIS_DSPLIB_CM0.a(arm_sqrt_q31.o)
 .ARM.attributes
                0x00000341       0x31 /opt/lpcxpresso_8.2.2_650/lpcxpresso/tools/bin/../lib/gcc/arm-none-eabi/5.4.1/../../../../arm-none-eabi/lib/armv6-m/libcr_nohost.a(_cr__main.o)
 .ARM.attributes
                0x00000372       0x31 /opt/lpcxpresso_8.2.2_650/lpcxpresso/tools/bin/../lib/gcc/arm-none-eabi/5.4.1/../../../../arm-none-eabi/lib/armv6-m/libcr_c.a(fpprintf.o)
 .ARM.attributes
                0x000003a3       0x31 /opt/lpcxpresso_8.2.2_650/lpcxpresso/tools/bin/../lib/gcc/arm-none-eabi/5.4.1/../../../../arm-none-eabi/lib/armv6-m/libcr_c.a(initio.o)
 .ARM.attributes
                0x000003d4       0x31 /opt/lpcxpresso_8.2.2_650/lpcxpresso/tools/bin/../lib/gcc/arm-none-eabi/5.4.1/../../../../arm-none-eabi/lib/armv6-m/libcr_c.a(printf.o)
 .ARM.attributes
                0x00000405       0x31 /opt/lpcxpresso_8.2.2_650/lpcxpresso/tools/bin/../lib/gcc/arm-none-eabi/5.4.1/../../../../arm-none-eabi/lib/armv6-m/libcr_c.a(setvbuf.o)
 .ARM.attributes
                0x00000436       0x31 /opt/lpcxpresso_8.2.2_650/lpcxpresso/tools/bin/../lib/gcc/arm-none-eabi/5.4.1/../../../../arm-none-eabi/lib/armv6-m/libcr_c.a(stdio.o)
 .ARM.attributes
                0x00000467       0x31 /opt/lpcxpresso_8.2.2_650/lpcxpresso/tools/bin/../lib/gcc/arm-none-eabi/5.4.1/../../../../arm-none-eabi/lib/armv6-m/libcr_c.a(strlen.o)
 .ARM.attributes
                0x00000498       0x31 /opt/lpcxpresso_8.2.2_650/lpcxpresso/tools/bin/../lib/gcc/arm-none-eabi/5.4.1/../../../../arm-none-eabi/lib/armv6-m/libcr_c.a(memset.o)
 .ARM.attributes
                0x000004c9       0x31 /opt/lpcxpresso_8.2.2_650/lpcxpresso/tools/bin/../lib/gcc/arm-none-eabi/5.4.1/../../../../arm-none-eabi/lib/armv6-m/libcr_c.a(_deferredlazyseek.o)
 .ARM.attributes
                0x000004fa       0x31 /opt/lpcxpresso_8.2.2_650/lpcxpresso/tools/bin/../lib/gcc/arm-none-eabi/5.4.1/../../../../arm-none-eabi/lib/armv6-m/libcr_c.a(_fdopen.o)
 .ARM.attributes
                0x0000052b       0x31 /opt/lpcxpresso_8.2.2_650/lpcxpresso/tools/bin/../lib/gcc/arm-none-eabi/5.4.1/../../../../arm-none-eabi/lib/armv6-m/libcr_c.a(_fflush.o)
 .ARM.attributes
                0x0000055c       0x31 /opt/lpcxpresso_8.2.2_650/lpcxpresso/tools/bin/../lib/gcc/arm-none-eabi/5.4.1/../../../../arm-none-eabi/lib/armv6-m/libcr_c.a(_frexpl.o)
 .ARM.attributes
                0x0000058d       0x31 /opt/lpcxpresso_8.2.2_650/lpcxpresso/tools/bin/../lib/gcc/arm-none-eabi/5.4.1/../../../../arm-none-eabi/lib/armv6-m/libcr_c.a(_ldexpl.o)
 .ARM.attributes
                0x000005be       0x31 /opt/lpcxpresso_8.2.2_650/lpcxpresso/tools/bin/../lib/gcc/arm-none-eabi/5.4.1/../../../../arm-none-eabi/lib/armv6-m/libcr_c.a(_writebuf.o)
 .ARM.attributes
                0x000005ef       0x31 /opt/lpcxpresso_8.2.2_650/lpcxpresso/tools/bin/../lib/gcc/arm-none-eabi/5.4.1/../../../../arm-none-eabi/lib/armv6-m/libcr_c.a(alloc.o)
 .ARM.attributes
                0x00000620       0x31 /opt/lpcxpresso_8.2.2_650/lpcxpresso/tools/bin/../lib/gcc/arm-none-eabi/5.4.1/../../../../arm-none-eabi/lib/armv6-m/libcr_c.a(errno.o)
 .ARM.attributes
                0x00000651       0x31 /opt/lpcxpresso_8.2.2_650/lpcxpresso/tools/bin/../lib/gcc/arm-none-eabi/5.4.1/../../../../arm-none-eabi/lib/armv6-m/libcr_c.a(fclose.o)
 .ARM.attributes
                0x00000682       0x31 /opt/lpcxpresso_8.2.2_650/lpcxpresso/tools/bin/../lib/gcc/arm-none-eabi/5.4.1/../../../../arm-none-eabi/lib/armv6-m/libcr_c.a(fflush.o)
 .ARM.attributes
                0x000006b3       0x31 /opt/lpcxpresso_8.2.2_650/lpcxpresso/tools/bin/../lib/gcc/arm-none-eabi/5.4.1/../../../../arm-none-eabi/lib/armv6-m/libcr_c.a(fseek.o)
 .ARM.attributes
                0x000006e4       0x31 /opt/lpcxpresso_8.2.2_650/lpcxpresso/tools/bin/../lib/gcc/arm-none-eabi/5.4.1/../../../../arm-none-eabi/lib/armv6-m/libcr_c.a(ftell.o)
 .ARM.attributes
                0x00000715       0x31 /opt/lpcxpresso_8.2.2_650/lpcxpresso/tools/bin/../lib/gcc/arm-none-eabi/5.4.1/../../../../arm-none-eabi/lib/armv6-m/libcr_c.a(remove.o)
 .ARM.attributes
                0x00000746       0x31 /opt/lpcxpresso_8.2.2_650/lpcxpresso/tools/bin/../lib/gcc/arm-none-eabi/5.4.1/../../../../arm-none-eabi/lib/armv6-m/libcr_c.a(__init_alloc.o)
 .ARM.attributes
                0x00000777       0x31 /opt/lpcxpresso_8.2.2_650/lpcxpresso/tools/bin/../lib/gcc/arm-none-eabi/5.4.1/../../../../arm-none-eabi/lib/armv6-m/libcr_c.a(_cr_sbrk.o)
 .ARM.attributes
                0x000007a8       0x31 /opt/lpcxpresso_8.2.2_650/lpcxpresso/tools/bin/../lib/gcc/arm-none-eabi/5.4.1/../../../../arm-none-eabi/lib/armv6-m/libcr_c.a(_do_fflush.o)
 .ARM.attributes
                0x000007d9       0x31 /opt/lpcxpresso_8.2.2_650/lpcxpresso/tools/bin/../lib/gcc/arm-none-eabi/5.4.1/../../../../arm-none-eabi/lib/armv6-m/libcr_c.a(_hugeval.o)
 .ARM.attributes
                0x0000080a       0x31 /opt/lpcxpresso_8.2.2_650/lpcxpresso/tools/bin/../lib/gcc/arm-none-eabi/5.4.1/../../../../arm-none-eabi/lib/armv6-m/libcr_c.a(_cr_check_heap.o)
 .ARM.attributes
                0x0000083b       0x21 /opt/lpcxpresso_8.2.2_650/lpcxpresso/tools/bin/../lib/gcc/arm-none-eabi/5.4.1/armv6-m/libcr_eabihelpers.a(division_32.o)
 .ARM.attributes
                0x0000085c       0x21 /opt/lpcxpresso_8.2.2_650/lpcxpresso/tools/bin/../lib/gcc/arm-none-eabi/5.4.1/armv6-m/libcr_eabihelpers.a(division_64.o)
 .ARM.attributes
                0x0000087d       0x21 /opt/lpcxpresso_8.2.2_650/lpcxpresso/tools/bin/../lib/gcc/arm-none-eabi/5.4.1/armv6-m/libcr_eabihelpers.a(division_idiv0.o)
 .ARM.attributes
                0x0000089e       0x31 /opt/lpcxpresso_8.2.2_650/lpcxpresso/tools/bin/../lib/gcc/arm-none-eabi/5.4.1/armv6-m/libcr_eabihelpers.a(double.o)
 .ARM.attributes
                0x000008cf       0x31 /opt/lpcxpresso_8.2.2_650/lpcxpresso/tools/bin/../lib/gcc/arm-none-eabi/5.4.1/armv6-m/libcr_eabihelpers.a(float.o)
 .ARM.attributes
                0x00000900       0x21 /opt/lpcxpresso_8.2.2_650/lpcxpresso/tools/bin/../lib/gcc/arm-none-eabi/5.4.1/armv6-m/libcr_eabihelpers.a(llong.o)
 .ARM.attributes
                0x00000921       0x21 /opt/lpcxpresso_8.2.2_650/lpcxpresso/tools/bin/../lib/gcc/arm-none-eabi/5.4.1/armv6-m/libcr_eabihelpers.a(memcpy.o)
 .ARM.attributes
                0x00000942       0x31 /opt/lpcxpresso_8.2.2_650/lpcxpresso/tools/bin/../lib/gcc/arm-none-eabi/5.4.1/../../../../arm-none-eabi/lib/armv6-m/libcr_nohost.a(__sys_appexit.o)
 .ARM.attributes
                0x00000973       0x31 /opt/lpcxpresso_8.2.2_650/lpcxpresso/tools/bin/../lib/gcc/arm-none-eabi/5.4.1/../../../../arm-none-eabi/lib/armv6-m/libcr_nohost.a(__sys_close.o)
 .ARM.attributes
                0x000009a4       0x31 /opt/lpcxpresso_8.2.2_650/lpcxpresso/tools/bin/../lib/gcc/arm-none-eabi/5.4.1/../../../../arm-none-eabi/lib/armv6-m/libcr_nohost.a(__sys_flen.o)
 .ARM.attributes
                0x000009d5       0x31 /opt/lpcxpresso_8.2.2_650/lpcxpresso/tools/bin/../lib/gcc/arm-none-eabi/5.4.1/../../../../arm-none-eabi/lib/armv6-m/libcr_nohost.a(__sys_istty.o)
 .ARM.attributes
                0x00000a06       0x31 /opt/lpcxpresso_8.2.2_650/lpcxpresso/tools/bin/../lib/gcc/arm-none-eabi/5.4.1/../../../../arm-none-eabi/lib/armv6-m/libcr_nohost.a(__sys_remove.o)
 .ARM.attributes
                0x00000a37       0x31 /opt/lpcxpresso_8.2.2_650/lpcxpresso/tools/bin/../lib/gcc/arm-none-eabi/5.4.1/../../../../arm-none-eabi/lib/armv6-m/libcr_nohost.a(__sys_seek.o)
 .ARM.attributes
                0x00000a68       0x31 /opt/lpcxpresso_8.2.2_650/lpcxpresso/tools/bin/../lib/gcc/arm-none-eabi/5.4.1/../../../../arm-none-eabi/lib/armv6-m/libcr_nohost.a(__sys_tmpnam.o)
 .ARM.attributes
                0x00000a99       0x31 /opt/lpcxpresso_8.2.2_650/lpcxpresso/tools/bin/../lib/gcc/arm-none-eabi/5.4.1/../../../../arm-none-eabi/lib/armv6-m/libcr_nohost.a(__sys_write.o)

.debug_frame    0x00000000     0x1558
 .debug_frame   0x00000000       0xd0 ./src/HX711.o
 .debug_frame   0x000000d0      0x33c ./src/LCD1602.o
 .debug_frame   0x0000040c      0x118 ./src/cr_startup_lpc11xx.o
 .debug_frame   0x00000524       0x8c ./src/el_scale.o
 .debug_frame   0x000005b0      0x18c ./src/io.o
 .debug_frame   0x0000073c      0x2e4 ./src/sch.o
 .debug_frame   0x00000a20      0x3b8 ./src/sleep.o
 .debug_frame   0x00000dd8       0x2c ./src/sysinit.o
 .debug_frame   0x00000e04       0x2c /home/tgjuranec/lpc11xx/lpc_chip_11cxx_lib/Debug/liblpc_chip_11cxx_lib.a(chip_11xx.o)
 .debug_frame   0x00000e30      0x1c0 /home/tgjuranec/lpc11xx/lpc_chip_11cxx_lib/Debug/liblpc_chip_11cxx_lib.a(clock_11xx.o)
 .debug_frame   0x00000ff0      0x270 /home/tgjuranec/lpc11xx/lpc_chip_11cxx_lib/Debug/liblpc_chip_11cxx_lib.a(gpio_11xx_2.o)
 .debug_frame   0x00001260       0x90 /home/tgjuranec/lpc11xx/lpc_chip_11cxx_lib/Debug/liblpc_chip_11cxx_lib.a(sysctl_11xx.o)
 .debug_frame   0x000012f0       0xc8 /home/tgjuranec/lpc11xx/lpc_chip_11cxx_lib/Debug/liblpc_chip_11cxx_lib.a(sysinit_11xx.o)
 .debug_frame   0x000013b8       0xf0 /home/tgjuranec/lpc11xx/lpc_chip_11cxx_lib/Debug/liblpc_chip_11cxx_lib.a(timer_11xx.o)
 .debug_frame   0x000014a8       0x38 /home/tgjuranec/lpc11xx/CMSIS_DSPLIB_CM0/lib/libCMSIS_DSPLIB_CM0.a(arm_mean_q31.o)
 .debug_frame   0x000014e0       0x3c /home/tgjuranec/lpc11xx/CMSIS_DSPLIB_CM0/lib/libCMSIS_DSPLIB_CM0.a(arm_std_q31.o)
 .debug_frame   0x0000151c       0x3c /home/tgjuranec/lpc11xx/CMSIS_DSPLIB_CM0/lib/libCMSIS_DSPLIB_CM0.a(arm_sqrt_q31.o)

.debug_loc      0x00000000      0x4c8
 .debug_loc     0x00000000       0xed /home/tgjuranec/lpc11xx/CMSIS_DSPLIB_CM0/lib/libCMSIS_DSPLIB_CM0.a(arm_mean_q31.o)
 .debug_loc     0x000000ed      0x180 /home/tgjuranec/lpc11xx/CMSIS_DSPLIB_CM0/lib/libCMSIS_DSPLIB_CM0.a(arm_std_q31.o)
 .debug_loc     0x0000026d      0x25b /home/tgjuranec/lpc11xx/CMSIS_DSPLIB_CM0/lib/libCMSIS_DSPLIB_CM0.a(arm_sqrt_q31.o)

.debug_macinfo  0x00000000     0xdc65
 .debug_macinfo
                0x00000000     0x48bb /home/tgjuranec/lpc11xx/CMSIS_DSPLIB_CM0/lib/libCMSIS_DSPLIB_CM0.a(arm_mean_q31.o)
 .debug_macinfo
                0x000048bb     0x48bb /home/tgjuranec/lpc11xx/CMSIS_DSPLIB_CM0/lib/libCMSIS_DSPLIB_CM0.a(arm_std_q31.o)
 .debug_macinfo
                0x00009176     0x4aef /home/tgjuranec/lpc11xx/CMSIS_DSPLIB_CM0/lib/libCMSIS_DSPLIB_CM0.a(arm_sqrt_q31.o)
