Archive member included to satisfy reference by file (symbol)

/home/tgjuranec/lpc11xx/lpc_chip_11cxx_lib/Debug/liblpc_chip_11cxx_lib.a(chip_11xx.o)
                              ./src/sch.o (SystemCoreClock)
/home/tgjuranec/lpc11xx/lpc_chip_11cxx_lib/Debug/liblpc_chip_11cxx_lib.a(clock_11xx.o)
                              ./src/el_scale_big.o (Chip_Clock_SetSystemPLLSource)
/home/tgjuranec/lpc11xx/lpc_chip_11cxx_lib/Debug/liblpc_chip_11cxx_lib.a(gpio_11xx_2.o)
                              ./src/io.o (Chip_GPIO_Init)
/home/tgjuranec/lpc11xx/lpc_chip_11cxx_lib/Debug/liblpc_chip_11cxx_lib.a(pmu_11xx.o)
                              ./src/sleep.o (Chip_PMU_SleepState)
/home/tgjuranec/lpc11xx/lpc_chip_11cxx_lib/Debug/liblpc_chip_11cxx_lib.a(sysctl_11xx.o)
                              ./src/sleep.o (Chip_SYSCTL_SetDeepSleepPD)
/home/tgjuranec/lpc11xx/lpc_chip_11cxx_lib/Debug/liblpc_chip_11cxx_lib.a(sysinit_11xx.o)
                              ./src/sysinit.o (Chip_SystemInit)
/home/tgjuranec/lpc11xx/lpc_chip_11cxx_lib/Debug/liblpc_chip_11cxx_lib.a(timer_11xx.o)
                              ./src/LCD1602.o (Chip_TIMER_Init)
/home/tgjuranec/lpc11xx/CMSIS_DSPLIB_CM0/lib/libCMSIS_DSPLIB_CM0.a(arm_mean_q31.o)
                              ./src/HX711.o (arm_mean_q31)
/home/tgjuranec/lpc11xx/CMSIS_DSPLIB_CM0/lib/libCMSIS_DSPLIB_CM0.a(arm_std_q31.o)
                              ./src/HX711.o (arm_std_q31)
/home/tgjuranec/lpc11xx/CMSIS_DSPLIB_CM0/lib/libCMSIS_DSPLIB_CM0.a(arm_sqrt_q31.o)
                              /home/tgjuranec/lpc11xx/CMSIS_DSPLIB_CM0/lib/libCMSIS_DSPLIB_CM0.a(arm_std_q31.o) (arm_sqrt_q31)
/opt/lpcxpresso_8.2.2_650/lpcxpresso/tools/bin/../lib/gcc/arm-none-eabi/5.4.1/../../../../arm-none-eabi/lib/armv6-m/libcr_nohost.a(_cr__main.o)
                              ./src/cr_startup_lpc11xx.o (__main)
/opt/lpcxpresso_8.2.2_650/lpcxpresso/tools/bin/../lib/gcc/arm-none-eabi/5.4.1/../../../../arm-none-eabi/lib/armv6-m/libcr_c.a(fpprintf.o)
                              ./src/HX711.o (sprintf)
/opt/lpcxpresso_8.2.2_650/lpcxpresso/tools/bin/../lib/gcc/arm-none-eabi/5.4.1/../../../../arm-none-eabi/lib/armv6-m/libcr_c.a(initio.o)
                              /opt/lpcxpresso_8.2.2_650/lpcxpresso/tools/bin/../lib/gcc/arm-none-eabi/5.4.1/../../../../arm-none-eabi/lib/armv6-m/libcr_nohost.a(_cr__main.o) (_initio)
/opt/lpcxpresso_8.2.2_650/lpcxpresso/tools/bin/../lib/gcc/arm-none-eabi/5.4.1/../../../../arm-none-eabi/lib/armv6-m/libcr_c.a(printf.o)
                              /opt/lpcxpresso_8.2.2_650/lpcxpresso/tools/bin/../lib/gcc/arm-none-eabi/5.4.1/../../../../arm-none-eabi/lib/armv6-m/libcr_c.a(fpprintf.o) (__vfprintf)
/opt/lpcxpresso_8.2.2_650/lpcxpresso/tools/bin/../lib/gcc/arm-none-eabi/5.4.1/../../../../arm-none-eabi/lib/armv6-m/libcr_c.a(setvbuf.o)
                              /opt/lpcxpresso_8.2.2_650/lpcxpresso/tools/bin/../lib/gcc/arm-none-eabi/5.4.1/../../../../arm-none-eabi/lib/armv6-m/libcr_c.a(initio.o) (setvbuf)
/opt/lpcxpresso_8.2.2_650/lpcxpresso/tools/bin/../lib/gcc/arm-none-eabi/5.4.1/../../../../arm-none-eabi/lib/armv6-m/libcr_c.a(stdio.o)
                              /opt/lpcxpresso_8.2.2_650/lpcxpresso/tools/bin/../lib/gcc/arm-none-eabi/5.4.1/../../../../arm-none-eabi/lib/armv6-m/libcr_c.a(fpprintf.o) (__Ciob)
/opt/lpcxpresso_8.2.2_650/lpcxpresso/tools/bin/../lib/gcc/arm-none-eabi/5.4.1/../../../../arm-none-eabi/lib/armv6-m/libcr_c.a(strlen.o)
                              /opt/lpcxpresso_8.2.2_650/lpcxpresso/tools/bin/../lib/gcc/arm-none-eabi/5.4.1/../../../../arm-none-eabi/lib/armv6-m/libcr_c.a(printf.o) (strlen)
/opt/lpcxpresso_8.2.2_650/lpcxpresso/tools/bin/../lib/gcc/arm-none-eabi/5.4.1/../../../../arm-none-eabi/lib/armv6-m/libcr_c.a(memset.o)
                              /opt/lpcxpresso_8.2.2_650/lpcxpresso/tools/bin/../lib/gcc/arm-none-eabi/5.4.1/../../../../arm-none-eabi/lib/armv6-m/libcr_c.a(fpprintf.o) (memset)
/opt/lpcxpresso_8.2.2_650/lpcxpresso/tools/bin/../lib/gcc/arm-none-eabi/5.4.1/../../../../arm-none-eabi/lib/armv6-m/libcr_c.a(__fillbuf.o)
                              /opt/lpcxpresso_8.2.2_650/lpcxpresso/tools/bin/../lib/gcc/arm-none-eabi/5.4.1/../../../../arm-none-eabi/lib/armv6-m/libcr_c.a(stdio.o) (__filbuf)
/opt/lpcxpresso_8.2.2_650/lpcxpresso/tools/bin/../lib/gcc/arm-none-eabi/5.4.1/../../../../arm-none-eabi/lib/armv6-m/libcr_c.a(_deferredlazyseek.o)
                              /opt/lpcxpresso_8.2.2_650/lpcxpresso/tools/bin/../lib/gcc/arm-none-eabi/5.4.1/../../../../arm-none-eabi/lib/armv6-m/libcr_c.a(__fillbuf.o) (_deferredlazyseek)
/opt/lpcxpresso_8.2.2_650/lpcxpresso/tools/bin/../lib/gcc/arm-none-eabi/5.4.1/../../../../arm-none-eabi/lib/armv6-m/libcr_c.a(_fdopen.o)
                              /opt/lpcxpresso_8.2.2_650/lpcxpresso/tools/bin/../lib/gcc/arm-none-eabi/5.4.1/../../../../arm-none-eabi/lib/armv6-m/libcr_c.a(initio.o) (_fdopen)
[...]
Memory Configuration

Name             Origin             Length             Attributes
MFlash32         0x00000000         0x00008000         xr
RamLoc8          0x10000000         0x00002000         xrw
*default*        0x00000000         0xffffffff

Linker script and memory map

LOAD ./src/HX711.o
LOAD ./src/LCD1602.o
LOAD ./src/cr_startup_lpc11xx.o
LOAD ./src/crp.o
LOAD ./src/el_scale_big.o
LOAD ./src/io.o
LOAD ./src/sch.o
LOAD ./src/sleep.o
LOAD ./src/sysinit.o
LOAD /home/tgjuranec/lpc11xx/lpc_chip_11cxx_lib/Debug/liblpc_chip_11cxx_lib.a
LOAD /home/tgjuranec/lpc11xx/CMSIS_DSPLIB_CM0/lib/libCMSIS_DSPLIB_CM0.a
START GROUP
LOAD /opt/lpcxpresso_8.2.2_650/lpcxpresso/tools/bin/../lib/gcc/arm-none-eabi/5.4.1/../../../../arm-none-eabi/lib/armv6-m/libcr_nohost.a
LOAD /opt/lpcxpresso_8.2.2_650/lpcxpresso/tools/bin/../lib/gcc/arm-none-eabi/5.4.1/../../../../arm-none-eabi/lib/armv6-m/libcr_c.a
LOAD /opt/lpcxpresso_8.2.2_650/lpcxpresso/tools/bin/../lib/gcc/arm-none-eabi/5.4.1/armv6-m/libcr_eabihelpers.a
END GROUP
                0x00000000                __base_MFlash32 = 0x0
                0x00000000                __base_Flash = 0x0
                0x00008000                __top_MFlash32 = 0x8000
                0x00008000                __top_Flash = 0x8000
                0x10000000                __base_RamLoc8 = 0x10000000
                0x10000000                __base_RAM = 0x10000000
                0x10002000                __top_RamLoc8 = 0x10002000
                0x10002000                __top_RAM = 0x10002000

.text           0x00000000     0x53d8
 FILL mask 0xff
                0x00000000                __vectors_start__ = ABSOLUTE (.)
 *(.isr_vector)
 .isr_vector    0x00000000       0xc0 ./src/cr_startup_lpc11xx.o
                0x00000000                g_pfnVectors
                0x000000c0                . = ALIGN (0x4)
                0x000000c0                __section_table_start = .
                0x000000c0                __data_section_table = .
                0x000000c0        0x4 LONG 0x53d8 LOADADDR (.data)
                0x000000c4        0x4 LONG 0x10000000 ADDR (.data)
                0x000000c8        0x4 LONG 0x4 SIZEOF (.data)
                0x000000cc                __data_section_table_end = .
                0x000000cc                __bss_section_table = .
                0x000000cc        0x4 LONG 0x10000004 ADDR (.bss)
                0x000000d0        0x4 LONG 0x31c SIZEOF (.bss)
                0x000000d4                __bss_section_table_end = .
                0x000000d4                __section_table_end = .
 *(.after_vectors*)
 .after_vectors
                0x000000d4      0x124 ./src/cr_startup_lpc11xx.o
                0x000000d4                data_init
                0x00000114                bss_init
                0x00000148                ResetISR
                0x000001c8                NMI_Handler
                0x000001d0                HardFault_Handler
                0x000001d8                SVC_Handler
                0x000001e0                PendSV_Handler
                0x000001f0                UART_IRQHandler
                0x000001f0                TIMER32_0_IRQHandler
                0x000001f0                TIMER32_1_IRQHandler
                0x000001f0                IntDefaultHandler
                0x000001f0                PIOINT1_IRQHandler
                0x000001f0                CAN_IRQHandler
                0x000001f0                SSP0_IRQHandler
                0x000001f0                TIMER16_1_IRQHandler
                0x000001f0                ADC_IRQHandler
                0x000001f0                SSP1_IRQHandler
                0x000001f0                PIOINT2_IRQHandler
                0x000001f0                BOD_IRQHandler
                0x000001f0                PIOINT0_IRQHandler
                0x000001f0                I2C_IRQHandler
                0x000001f0                WDT_IRQHandler
                0x000001f0                PIOINT3_IRQHandler
 *(.text*)
 .text.hx711_val_to_10g
                0x000001f8       0x20 ./src/HX711.o
 .text.hx711_read
                0x00000218       0xb8 ./src/HX711.o
 .text.hx711_tara_set
                0x000002d0       0x2c ./src/HX711.o
 .text.hx711_init
                0x000002fc       0x68 ./src/HX711.o
                0x000002fc                hx711_init
 .text.hx711_get_weight
                0x00000364      0x12c ./src/HX711.o
                0x00000364                hx711_get_weight
 .text.Chip_TIMER_Enable
                0x00000490       0x1c ./src/LCD1602.o
 .text.Chip_TIMER_Disable
                0x000004ac       0x20 ./src/LCD1602.o
 .text.Chip_TIMER_ReadCount
                0x000004cc       0x14 ./src/LCD1602.o
 .text.Chip_TIMER_PrescaleSet
                0x000004e0       0x18 ./src/LCD1602.o
 .text.Chip_TIMER_SetMatch
                0x000004f8       0x2c ./src/LCD1602.o
 .text.Chip_TIMER_MatchDisableInt
                0x00000524       0x38 ./src/LCD1602.o
 .text.Chip_TIMER_ResetOnMatchDisable
                0x0000055c       0x38 ./src/LCD1602.o
 .text.Chip_TIMER_StopOnMatchDisable
                0x00000594       0x38 ./src/LCD1602.o
 .text.tmr1_init
                0x000005cc       0x60 ./src/LCD1602.o
 .text.tmr1_delay_us
                0x0000062c       0x7c ./src/LCD1602.o
                0x0000062c                tmr1_delay_us
 .text.tmr1_timeout_set
                0x000006a8       0x68 ./src/LCD1602.o
                0x000006a8                tmr1_timeout_set
 .text.tmr1_timeout_off
                0x00000710       0x28 ./src/LCD1602.o
                0x00000710                tmr1_timeout_off
 .text.LCD1602_strobe
                0x00000738       0x80 ./src/LCD1602.o
 .text.LCD1602_senddata
                0x000007b8      0x128 ./src/LCD1602.o
 .text.LCD1602_printchar
                0x000008e0       0x44 ./src/LCD1602.o
 .text.LCD1602_print_ctrl
                0x00000924       0x68 ./src/LCD1602.o
 .text.LCD1602_set_DDRAM_address
                0x0000098c       0x34 ./src/LCD1602.o
 .text.LCD1602_clrscr
                0x000009c0       0x10 ./src/LCD1602.o
 .text.LCD1602_poweron
                0x000009d0       0x28 ./src/LCD1602.o
 .text.LCD1602_4bit_init
                0x000009f8      0x114 ./src/LCD1602.o
 .text.LCD1602_8bit_init
                0x00000b0c        0xc ./src/LCD1602.o
 .text.LCD1602_init
                0x00000b18      0x138 ./src/LCD1602.o
                0x00000b18                LCD1602_init
 .text.LCD1602_exec
                0x00000c50       0x84 ./src/LCD1602.o
                0x00000c50                LCD1602_exec
 .text.LCD1602_print
                0x00000cd4      0x10c ./src/LCD1602.o
                0x00000cd4                LCD1602_print
 .text.Chip_Clock_IsSystemPLLLocked
                0x00000de0       0x1c ./src/el_scale_big.o
 .text.Chip_IOCON_PinMuxSet
                0x00000dfc       0x28 ./src/el_scale_big.o
 .text.Chip_IOCON_PinMux
                0x00000e24       0x40 ./src/el_scale_big.o
 .text.main     0x00000e64       0xac ./src/el_scale_big.o
                0x00000e64                main
 .text.Chip_IOCON_PinMuxSet
                0x00000f10       0x28 ./src/io.o
 .text.Chip_IOCON_PinMux
                0x00000f38       0x40 ./src/io.o
 .text.Chip_GPIO_SetPinState
                0x00000f78       0x4c ./src/io.o
 .text.Chip_GPIO_GetPinState
                0x00000fc4       0x40 ./src/io.o
 .text.Chip_GPIO_SetPinDIROutput
                0x00001004       0x4c ./src/io.o
 .text.Chip_GPIO_SetPinDIRInput
                0x00001050       0x50 ./src/io.o
 .text.io_init  0x000010a0       0x14 ./src/io.o
                0x000010a0                io_init
 .text.iocon_to_portpin
                0x000010b4      0x35c ./src/io.o
 .text.io_set_as_input
                0x00001410       0x98 ./src/io.o
                0x00001410                io_set_as_input
 .text.io_get_input_state
                0x000014a8       0x74 ./src/io.o
                0x000014a8                io_get_input_state
 .text.io_set_as_output
                0x0000151c       0x98 ./src/io.o
                0x0000151c                io_set_as_output
 .text.io_set_output_state
                0x000015b4       0x7c ./src/io.o
                0x000015b4                io_set_output_state
 .text.NVIC_SetPriority
                0x00001630       0xdc ./src/sch.o
 .text.SysTick_Config
                0x0000170c       0x4c ./src/sch.o
 .text.Chip_TIMER_Enable
                0x00001758       0x1c ./src/sch.o
 .text.Chip_TIMER_Disable
                0x00001774       0x20 ./src/sch.o
 .text.Chip_TIMER_ReadCount
                0x00001794       0x14 ./src/sch.o
 .text.Chip_TIMER_PrescaleSet
                0x000017a8       0x18 ./src/sch.o
 .text.Chip_TIMER_SetMatch
                0x000017c0       0x2c ./src/sch.o
 .text.Chip_TIMER_MatchDisableInt
                0x000017ec       0x38 ./src/sch.o
 .text.Chip_TIMER_ResetOnMatchDisable
                0x00001824       0x38 ./src/sch.o
 .text.Chip_TIMER_StopOnMatchDisable
                0x0000185c       0x38 ./src/sch.o
 .text.sch_deletetask
                0x00001894       0x64 ./src/sch.o
 .text.sch_status
                0x000018f8        0xc ./src/sch.o
 .text.tmr_init
                0x00001904       0x60 ./src/sch.o
 .text.tmr_delay_us
                0x00001964       0x7c ./src/sch.o
                0x00001964                tmr_delay_us
 .text.sch_update
                0x000019e0       0xd8 ./src/sch.o
 .text.sch_init
                0x00001ab8       0x38 ./src/sch.o
                0x00001ab8                sch_init
 .text.sch_start
                0x00001af0       0x24 ./src/sch.o
                0x00001af0                sch_start
 .text.sch_dispatch
                0x00001b14       0x8c ./src/sch.o
                0x00001b14                sch_dispatch
 .text.sch_addtask
                0x00001ba0       0x8c ./src/sch.o
                0x00001ba0                sch_addtask
 .text.SysTick_Handler
                0x00001c2c       0x1c ./src/sch.o
                0x00001c2c                SysTick_Handler
 .text.NVIC_DisableIRQ
                0x00001c48       0x30 ./src/sleep.o
 .text.NVIC_ClearPendingIRQ
                0x00001c78       0x34 ./src/sleep.o
 .text.Chip_SYSCTL_DisableStartPin
                0x00001cac       0x30 ./src/sleep.o
 .text.Chip_SYSCTL_ResetStartPin
                0x00001cdc       0x28 ./src/sleep.o
 .text.Chip_Clock_IsSystemPLLLocked
                0x00001d04       0x1c ./src/sleep.o
 .text.TIMER16_0_IRQHandler
                0x00001d20        0xc ./src/sleep.o
                0x00001d20                TIMER16_0_IRQHandler
 .text.WAKEUP_IRQHandler
                0x00001d2c       0x58 ./src/sleep.o
                0x00001d2c                WAKEUP_IRQHandler
 .text.SystemInit
                0x00001d84       0x10 ./src/sysinit.o
                0x00001d84                SystemInit
 .text.SystemCoreClockUpdate
                0x00001d94       0x18 /home/tgjuranec/lpc11xx/lpc_chip_11cxx_lib/Debug/liblpc_chip_11cxx_lib.a(chip_11xx.o)
                0x00001d94                SystemCoreClockUpdate
 .text.Chip_Clock_GetMainOscRate
                0x00001dac       0x14 /home/tgjuranec/lpc11xx/lpc_chip_11cxx_lib/Debug/liblpc_chip_11cxx_lib.a(clock_11xx.o)
 .text.Chip_Clock_GetIntOscRate
                0x00001dc0       0x10 /home/tgjuranec/lpc11xx/lpc_chip_11cxx_lib/Debug/liblpc_chip_11cxx_lib.a(clock_11xx.o)
 .text.Chip_Clock_GetWDTLFORate
                0x00001dd0       0x48 /home/tgjuranec/lpc11xx/lpc_chip_11cxx_lib/Debug/liblpc_chip_11cxx_lib.a(clock_11xx.o)
 .text.Chip_Clock_GetPLLFreq
                0x00001e18       0x24 /home/tgjuranec/lpc11xx/lpc_chip_11cxx_lib/Debug/liblpc_chip_11cxx_lib.a(clock_11xx.o)
 .text.Chip_Clock_SetSystemPLLSource
                0x00001e3c       0x2c /home/tgjuranec/lpc11xx/lpc_chip_11cxx_lib/Debug/liblpc_chip_11cxx_lib.a(clock_11xx.o)
                0x00001e3c                Chip_Clock_SetSystemPLLSource
 .text.Chip_Clock_SetMainClockSource
                0x00001e68       0x2c /home/tgjuranec/lpc11xx/lpc_chip_11cxx_lib/Debug/liblpc_chip_11cxx_lib.a(clock_11xx.o)
                0x00001e68                Chip_Clock_SetMainClockSource
 .text.Chip_Clock_SetCLKOUTSource
                0x00001e94       0x3c /home/tgjuranec/lpc11xx/lpc_chip_11cxx_lib/Debug/liblpc_chip_11cxx_lib.a(clock_11xx.o)
                0x00001e94                Chip_Clock_SetCLKOUTSource
 .text.Chip_Clock_GetWDTOSCRate
                0x00001ed0       0x1c /home/tgjuranec/lpc11xx/lpc_chip_11cxx_lib/Debug/liblpc_chip_11cxx_lib.a(clock_11xx.o)
                0x00001ed0                Chip_Clock_GetWDTOSCRate
 .text.Chip_Clock_GetSystemPLLInClockRate
                0x00001eec       0x40 /home/tgjuranec/lpc11xx/lpc_chip_11cxx_lib/Debug/liblpc_chip_11cxx_lib.a(clock_11xx.o)
                0x00001eec                Chip_Clock_GetSystemPLLInClockRate
 .text.Chip_Clock_GetSystemPLLOutClockRate
                0x00001f2c       0x24 /home/tgjuranec/lpc11xx/lpc_chip_11cxx_lib/Debug/liblpc_chip_11cxx_lib.a(clock_11xx.o)
                0x00001f2c                Chip_Clock_GetSystemPLLOutClockRate
 .text.Chip_Clock_GetMainClockRate
                0x00001f50       0x60 /home/tgjuranec/lpc11xx/lpc_chip_11cxx_lib/Debug/liblpc_chip_11cxx_lib.a(clock_11xx.o)
                0x00001f50                Chip_Clock_GetMainClockRate
 .text.Chip_Clock_GetSystemClockRate
                0x00001fb0       0x24 /home/tgjuranec/lpc11xx/lpc_chip_11cxx_lib/Debug/liblpc_chip_11cxx_lib.a(clock_11xx.o)
                0x00001fb0                Chip_Clock_GetSystemClockRate
 .text.Chip_Clock_EnablePeriphClock
                0x00001fd4       0x30 /home/tgjuranec/lpc11xx/lpc_chip_11cxx_lib/Debug/liblpc_chip_11cxx_lib.a(gpio_11xx_2.o)
 .text.Chip_GPIO_Init
                0x00002004       0x18 /home/tgjuranec/lpc11xx/lpc_chip_11cxx_lib/Debug/liblpc_chip_11cxx_lib.a(gpio_11xx_2.o)
                0x00002004                Chip_GPIO_Init
 .text.Chip_SYSCTL_PowerDown
                0x0000201c       0x40 /home/tgjuranec/lpc11xx/lpc_chip_11cxx_lib/Debug/liblpc_chip_11cxx_lib.a(sysctl_11xx.o)
                0x0000201c                Chip_SYSCTL_PowerDown
 .text.Chip_SYSCTL_PowerUp
                0x0000205c       0x40 /home/tgjuranec/lpc11xx/lpc_chip_11cxx_lib/Debug/liblpc_chip_11cxx_lib.a(sysctl_11xx.o)
                0x0000205c                Chip_SYSCTL_PowerUp
 .text.Chip_FMC_SetFLASHAccess
                0x0000209c       0x30 /home/tgjuranec/lpc11xx/lpc_chip_11cxx_lib/Debug/liblpc_chip_11cxx_lib.a(sysinit_11xx.o)
 .text.Chip_Clock_SetupSystemPLL
                0x000020cc       0x38 /home/tgjuranec/lpc11xx/lpc_chip_11cxx_lib/Debug/liblpc_chip_11cxx_lib.a(sysinit_11xx.o)
 .text.Chip_Clock_IsSystemPLLLocked
                0x00002104       0x1c /home/tgjuranec/lpc11xx/lpc_chip_11cxx_lib/Debug/liblpc_chip_11cxx_lib.a(sysinit_11xx.o)
 .text.Chip_Clock_SetSysClockDiv
                0x00002120       0x1c /home/tgjuranec/lpc11xx/lpc_chip_11cxx_lib/Debug/liblpc_chip_11cxx_lib.a(sysinit_11xx.o)
 .text.Chip_Clock_EnablePeriphClock
                0x0000213c       0x30 /home/tgjuranec/lpc11xx/lpc_chip_11cxx_lib/Debug/liblpc_chip_11cxx_lib.a(sysinit_11xx.o)
 .text.Chip_SystemInit
                0x0000216c       0x5c /home/tgjuranec/lpc11xx/lpc_chip_11cxx_lib/Debug/liblpc_chip_11cxx_lib.a(sysinit_11xx.o)
                0x0000216c                Chip_SystemInit
 .text.Chip_Clock_EnablePeriphClock
                0x000021c8       0x30 /home/tgjuranec/lpc11xx/lpc_chip_11cxx_lib/Debug/liblpc_chip_11cxx_lib.a(timer_11xx.o)
 .text.Chip_TIMER_GetClock
                0x000021f8       0x60 /home/tgjuranec/lpc11xx/lpc_chip_11cxx_lib/Debug/liblpc_chip_11cxx_lib.a(timer_11xx.o)
 .text.Chip_TIMER_Init
                0x00002258       0x20 /home/tgjuranec/lpc11xx/lpc_chip_11cxx_lib/Debug/liblpc_chip_11cxx_lib.a(timer_11xx.o)
                0x00002258                Chip_TIMER_Init
 .text.Chip_TIMER_Reset
                0x00002278       0x38 /home/tgjuranec/lpc11xx/lpc_chip_11cxx_lib/Debug/liblpc_chip_11cxx_lib.a(timer_11xx.o)
                0x00002278                Chip_TIMER_Reset
 .text.arm_mean_q31
                0x000022b0       0x70 /home/tgjuranec/lpc11xx/CMSIS_DSPLIB_CM0/lib/libCMSIS_DSPLIB_CM0.a(arm_mean_q31.o)
                0x000022b0                arm_mean_q31
 .text.arm_std_q31
                0x00002320      0x194 /home/tgjuranec/lpc11xx/CMSIS_DSPLIB_CM0/lib/libCMSIS_DSPLIB_CM0.a(arm_std_q31.o)
                0x00002320                arm_std_q31
 .text.arm_sqrt_q31
                0x000024b4      0x168 /home/tgjuranec/lpc11xx/CMSIS_DSPLIB_CM0/lib/libCMSIS_DSPLIB_CM0.a(arm_sqrt_q31.o)
                0x000024b4                arm_sqrt_q31
 .text.__main   0x0000261c       0x12 /opt/lpcxpresso_8.2.2_650/lpcxpresso/tools/bin/../lib/gcc/arm-none-eabi/5.4.1/../../../../arm-none-eabi/lib/armv6-m/libcr_nohost.a(_cr__main.o)
                0x0000261c                __main
 .text.fp_round
                0x0000262e       0x4a /opt/lpcxpresso_8.2.2_650/lpcxpresso/tools/bin/../lib/gcc/arm-none-eabi/5.4.1/../../../../arm-none-eabi/lib/armv6-m/libcr_c.a(fpprintf.o)
 .text.pr_dec.constprop.1
                0x00002678       0x2a /opt/lpcxpresso_8.2.2_650/lpcxpresso/tools/bin/../lib/gcc/arm-none-eabi/5.4.1/../../../../arm-none-eabi/lib/armv6-m/libcr_c.a(fpprintf.o)
 *fill*         0x000026a2        0x2 ff
 .text.sprintf  0x000026a4       0x6c /opt/lpcxpresso_8.2.2_650/lpcxpresso/tools/bin/../lib/gcc/arm-none-eabi/5.4.1/../../../../arm-none-eabi/lib/armv6-m/libcr_c.a(fpprintf.o)
                0x000026a4                sprintf
 .text.fp_display
                0x00002710      0x93c /opt/lpcxpresso_8.2.2_650/lpcxpresso/tools/bin/../lib/gcc/arm-none-eabi/5.4.1/../../../../arm-none-eabi/lib/armv6-m/libcr_c.a(fpprintf.o)
 .text._initio  0x0000304c       0xa8 /opt/lpcxpresso_8.2.2_650/lpcxpresso/tools/bin/../lib/gcc/arm-none-eabi/5.4.1/../../../../arm-none-eabi/lib/armv6-m/libcr_c.a(initio.o)
                0x0000304c                _initio
 .text.__vfprintf
                0x000030f4      0xd5c /opt/lpcxpresso_8.2.2_650/lpcxpresso/tools/bin/../lib/gcc/arm-none-eabi/5.4.1/../../../../arm-none-eabi/lib/armv6-m/libcr_c.a(printf.o)
                0x000030f4                __vfprintf
 .text.setvbuf  0x00003e50       0x48 /opt/lpcxpresso_8.2.2_650/lpcxpresso/tools/bin/../lib/gcc/arm-none-eabi/5.4.1/../../../../arm-none-eabi/lib/armv6-m/libcr_c.a(setvbuf.o)
                0x00003e50                setvbuf
 .text.strlen   0x00003e98       0x54 /opt/lpcxpresso_8.2.2_650/lpcxpresso/tools/bin/../lib/gcc/arm-none-eabi/5.4.1/../../../../arm-none-eabi/lib/armv6-m/libcr_c.a(strlen.o)
                0x00003e98                strlen
 .text.memset   0x00003eec        0x8 /opt/lpcxpresso_8.2.2_650/lpcxpresso/tools/bin/../lib/gcc/arm-none-eabi/5.4.1/../../../../arm-none-eabi/lib/armv6-m/libcr_c.a(memset.o)
                0x00003eec                memset
 .text._deferredlazyseek
                0x00003ef4       0x44 /opt/lpcxpresso_8.2.2_650/lpcxpresso/tools/bin/../lib/gcc/arm-none-eabi/5.4.1/../../../../arm-none-eabi/lib/armv6-m/libcr_c.a(_deferredlazyseek.o)
                0x00003ef4                _deferredlazyseek
 .text.__flsbuf
                0x00003f38      0x150 /opt/lpcxpresso_8.2.2_650/lpcxpresso/tools/bin/../lib/gcc/arm-none-eabi/5.4.1/../../../../arm-none-eabi/lib/armv6-m/libcr_c.a(_deferredlazyseek.o)
                0x00003f38                __flsbuf
 .text._fdopen  0x00004088       0x74 /opt/lpcxpresso_8.2.2_650/lpcxpresso/tools/bin/../lib/gcc/arm-none-eabi/5.4.1/../../../../arm-none-eabi/lib/armv6-m/libcr_c.a(_fdopen.o)
                0x00004088                _fdopen
 .text._fflush  0x000040fc       0x64 /opt/lpcxpresso_8.2.2_650/lpcxpresso/tools/bin/../lib/gcc/arm-none-eabi/5.4.1/../../../../arm-none-eabi/lib/armv6-m/libcr_c.a(_fflush.o)
                0x000040fc                _fflush
 .text._frexpl  0x00004160       0x80 /opt/lpcxpresso_8.2.2_650/lpcxpresso/tools/bin/../lib/gcc/arm-none-eabi/5.4.1/../../../../arm-none-eabi/lib/armv6-m/libcr_c.a(_frexpl.o)
                0x00004160                _frexpl
 .text._ldexpl  0x000041e0       0x58 /opt/lpcxpresso_8.2.2_650/lpcxpresso/tools/bin/../lib/gcc/arm-none-eabi/5.4.1/../../../../arm-none-eabi/lib/armv6-m/libcr_c.a(_ldexpl.o)
                0x000041e0                _ldexpl
 .text._Cwritebuf
                0x00004238       0x6c /opt/lpcxpresso_8.2.2_650/lpcxpresso/tools/bin/../lib/gcc/arm-none-eabi/5.4.1/../../../../arm-none-eabi/lib/armv6-m/libcr_c.a(_writebuf.o)
                0x00004238                _Cwritebuf
 .text.malloc   0x000042a4       0xcc /opt/lpcxpresso_8.2.2_650/lpcxpresso/tools/bin/../lib/gcc/arm-none-eabi/5.4.1/../../../../arm-none-eabi/lib/armv6-m/libcr_c.a(alloc.o)
                0x000042a4                malloc
 .text.free     0x00004370       0x2e /opt/lpcxpresso_8.2.2_650/lpcxpresso/tools/bin/../lib/gcc/arm-none-eabi/5.4.1/../../../../arm-none-eabi/lib/armv6-m/libcr_c.a(alloc.o)
                0x00004370                free
 *fill*         0x0000439e        0x2 ff
 .text._Csys_alloc
                0x000043a0       0x20 /opt/lpcxpresso_8.2.2_650/lpcxpresso/tools/bin/../lib/gcc/arm-none-eabi/5.4.1/../../../../arm-none-eabi/lib/armv6-m/libcr_c.a(alloc.o)
                0x000043a0                _Csys_alloc
 .text.fclose   0x000043c0       0x70 /opt/lpcxpresso_8.2.2_650/lpcxpresso/tools/bin/../lib/gcc/arm-none-eabi/5.4.1/../../../../arm-none-eabi/lib/armv6-m/libcr_c.a(fclose.o)
                0x000043c0                fclose
 .text.fflush   0x00004430       0x34 /opt/lpcxpresso_8.2.2_650/lpcxpresso/tools/bin/../lib/gcc/arm-none-eabi/5.4.1/../../../../arm-none-eabi/lib/armv6-m/libcr_c.a(fflush.o)
                0x00004430                fflush
 .text.fseek    0x00004464      0x100 /opt/lpcxpresso_8.2.2_650/lpcxpresso/tools/bin/../lib/gcc/arm-none-eabi/5.4.1/../../../../arm-none-eabi/lib/armv6-m/libcr_c.a(fseek.o)
                0x00004464                fseek
 .text.ftell    0x00004564       0x4c /opt/lpcxpresso_8.2.2_650/lpcxpresso/tools/bin/../lib/gcc/arm-none-eabi/5.4.1/../../../../arm-none-eabi/lib/armv6-m/libcr_c.a(ftell.o)
                0x00004564                ftell
 .text.remove   0x000045b0       0x12 /opt/lpcxpresso_8.2.2_650/lpcxpresso/tools/bin/../lib/gcc/arm-none-eabi/5.4.1/../../../../arm-none-eabi/lib/armv6-m/libcr_c.a(remove.o)
                0x000045b0                remove
 *fill*         0x000045c2        0x2 ff
 .text._sbrk    0x000045c4       0x40 /opt/lpcxpresso_8.2.2_650/lpcxpresso/tools/bin/../lib/gcc/arm-none-eabi/5.4.1/../../../../arm-none-eabi/lib/armv6-m/libcr_c.a(_cr_sbrk.o)
                0x000045c4                _sbrk
 .text._do_fflush
                0x00004604       0x48 /opt/lpcxpresso_8.2.2_650/lpcxpresso/tools/bin/../lib/gcc/arm-none-eabi/5.4.1/../../../../arm-none-eabi/lib/armv6-m/libcr_c.a(_do_fflush.o)
                0x00004604                _do_fflush
 .text.__check_heap_overflow
                0x0000464c       0x14 /opt/lpcxpresso_8.2.2_650/lpcxpresso/tools/bin/../lib/gcc/arm-none-eabi/5.4.1/../../../../arm-none-eabi/lib/armv6-m/libcr_c.a(_cr_check_heap.o)
                0x0000464c                __check_heap_overflow
 .text.__aeabi_division_idivmod
                0x00004660       0x78 /opt/lpcxpresso_8.2.2_650/lpcxpresso/tools/bin/../lib/gcc/arm-none-eabi/5.4.1/armv6-m/libcr_eabihelpers.a(division_32.o)
                0x00004660                __aeabi_idiv
                0x00004660                __aeabi_idivmod
                0x00004666                __aeabi_uidiv
                0x00004666                __aeabi_uidivmod
 .text.__aeabi_division_uldivmod
                0x000046d8       0x5a /opt/lpcxpresso_8.2.2_650/lpcxpresso/tools/bin/../lib/gcc/arm-none-eabi/5.4.1/armv6-m/libcr_eabihelpers.a(division_64.o)
                0x000046d8                __aeabi_uldivmod
 .text.__aeabi_division_ldivmod
                0x00004732       0x32 /opt/lpcxpresso_8.2.2_650/lpcxpresso/tools/bin/../lib/gcc/arm-none-eabi/5.4.1/armv6-m/libcr_eabihelpers.a(division_64.o)
                0x00004732                __aeabi_ldivmod
 .text.__aeabi_division_idiv0
                0x00004764        0x2 /opt/lpcxpresso_8.2.2_650/lpcxpresso/tools/bin/../lib/gcc/arm-none-eabi/5.4.1/armv6-m/libcr_eabihelpers.a(division_idiv0.o)
                0x00004764                __aeabi_idiv0
 *fill*         0x00004766        0x2 ff
 .text.__aeabi_dmul
                0x00004768      0x17c /opt/lpcxpresso_8.2.2_650/lpcxpresso/tools/bin/../lib/gcc/arm-none-eabi/5.4.1/armv6-m/libcr_eabihelpers.a(double.o)
                0x00004768                __aeabi_dmul
 .text.__aeabi_ddiv
                0x000048e4      0x14c /opt/lpcxpresso_8.2.2_650/lpcxpresso/tools/bin/../lib/gcc/arm-none-eabi/5.4.1/armv6-m/libcr_eabihelpers.a(double.o)
                0x000048e4                __aeabi_ddiv
 .text.__aeabi_dsub
                0x00004a30      0x1c8 /opt/lpcxpresso_8.2.2_650/lpcxpresso/tools/bin/../lib/gcc/arm-none-eabi/5.4.1/armv6-m/libcr_eabihelpers.a(double.o)
                0x00004a30                __aeabi_dsub
 .text.__aeabi_dadd
                0x00004bf8      0x130 /opt/lpcxpresso_8.2.2_650/lpcxpresso/tools/bin/../lib/gcc/arm-none-eabi/5.4.1/armv6-m/libcr_eabihelpers.a(double.o)
                0x00004bf8                __aeabi_dadd
 .text.__aeabi_d2iz
                0x00004d28       0x44 /opt/lpcxpresso_8.2.2_650/lpcxpresso/tools/bin/../lib/gcc/arm-none-eabi/5.4.1/armv6-m/libcr_eabihelpers.a(double.o)
                0x00004d28                __aeabi_d2iz
 .text.__bhs_ui2d
                0x00004d6c       0x5e /opt/lpcxpresso_8.2.2_650/lpcxpresso/tools/bin/../lib/gcc/arm-none-eabi/5.4.1/armv6-m/libcr_eabihelpers.a(double.o)
                0x00004d6c                __bhs_ui2d
 .text.__aeabi_i2d
                0x00004dca       0x16 /opt/lpcxpresso_8.2.2_650/lpcxpresso/tools/bin/../lib/gcc/arm-none-eabi/5.4.1/armv6-m/libcr_eabihelpers.a(double.o)
                0x00004dca                __aeabi_i2d
 .text.__aeabi_dcmpeq
                0x00004de0       0x30 /opt/lpcxpresso_8.2.2_650/lpcxpresso/tools/bin/../lib/gcc/arm-none-eabi/5.4.1/armv6-m/libcr_eabihelpers.a(double.o)
                0x00004de0                __aeabi_dcmpeq
 .text.__aeabi_dcmplt
                0x00004e10       0x5c /opt/lpcxpresso_8.2.2_650/lpcxpresso/tools/bin/../lib/gcc/arm-none-eabi/5.4.1/armv6-m/libcr_eabihelpers.a(double.o)
                0x00004e10                __aeabi_dcmplt
 .text.__aeabi_dcmple
                0x00004e6c       0x5c /opt/lpcxpresso_8.2.2_650/lpcxpresso/tools/bin/../lib/gcc/arm-none-eabi/5.4.1/armv6-m/libcr_eabihelpers.a(double.o)
                0x00004e6c                __aeabi_dcmple
 .text.__aeabi_dcmpge
                0x00004ec8       0x60 /opt/lpcxpresso_8.2.2_650/lpcxpresso/tools/bin/../lib/gcc/arm-none-eabi/5.4.1/armv6-m/libcr_eabihelpers.a(double.o)
                0x00004ec8                __aeabi_dcmpge
 .text.__aeabi_fmul
                0x00004f28       0xc4 /opt/lpcxpresso_8.2.2_650/lpcxpresso/tools/bin/../lib/gcc/arm-none-eabi/5.4.1/armv6-m/libcr_eabihelpers.a(float.o)
                0x00004f28                __aeabi_fmul
 .text.__aeabi_fdiv
                0x00004fec       0xf0 /opt/lpcxpresso_8.2.2_650/lpcxpresso/tools/bin/../lib/gcc/arm-none-eabi/5.4.1/armv6-m/libcr_eabihelpers.a(float.o)
                0x00004fec                __aeabi_fdiv
 .text.__aeabi_f2iz
                0x000050dc       0x38 /opt/lpcxpresso_8.2.2_650/lpcxpresso/tools/bin/../lib/gcc/arm-none-eabi/5.4.1/armv6-m/libcr_eabihelpers.a(float.o)
                0x000050dc                __aeabi_f2iz
 .text.__bhs_ui2f
                0x00005114       0x62 /opt/lpcxpresso_8.2.2_650/lpcxpresso/tools/bin/../lib/gcc/arm-none-eabi/5.4.1/armv6-m/libcr_eabihelpers.a(float.o)
                0x00005114                __bhs_ui2f
 .text.__aeabi_i2f
                0x00005176       0x16 /opt/lpcxpresso_8.2.2_650/lpcxpresso/tools/bin/../lib/gcc/arm-none-eabi/5.4.1/armv6-m/libcr_eabihelpers.a(float.o)
                0x00005176                __aeabi_i2f
 .text.__aeabi_ui2f
                0x0000518c        0xc /opt/lpcxpresso_8.2.2_650/lpcxpresso/tools/bin/../lib/gcc/arm-none-eabi/5.4.1/armv6-m/libcr_eabihelpers.a(float.o)
                0x0000518c                __aeabi_ui2f
 .text.__aeabi_llong_lmul
                0x00005198       0x2e /opt/lpcxpresso_8.2.2_650/lpcxpresso/tools/bin/../lib/gcc/arm-none-eabi/5.4.1/armv6-m/libcr_eabihelpers.a(llong.o)
                0x00005198                __aeabi_lmul
 .text.__aeabi_memset_lowlevel
                0x000051c6       0x2a /opt/lpcxpresso_8.2.2_650/lpcxpresso/tools/bin/../lib/gcc/arm-none-eabi/5.4.1/armv6-m/libcr_eabihelpers.a(memcpy.o)
                0x000051c6                __aeabi_lowlevel_memset
 .text.__sys_appexit
                0x000051f0        0x2 /opt/lpcxpresso_8.2.2_650/lpcxpresso/tools/bin/../lib/gcc/arm-none-eabi/5.4.1/../../../../arm-none-eabi/lib/armv6-m/libcr_nohost.a(__sys_appexit.o)
                0x000051f0                __exit
                0x000051f0                __sys_appexit
 .text.__sys_close
                0x000051f2        0x6 /opt/lpcxpresso_8.2.2_650/lpcxpresso/tools/bin/../lib/gcc/arm-none-eabi/5.4.1/../../../../arm-none-eabi/lib/armv6-m/libcr_nohost.a(__sys_close.o)
                0x000051f2                __sys_close
 .text.__sys_flen
                0x000051f8        0x6 /opt/lpcxpresso_8.2.2_650/lpcxpresso/tools/bin/../lib/gcc/arm-none-eabi/5.4.1/../../../../arm-none-eabi/lib/armv6-m/libcr_nohost.a(__sys_flen.o)
                0x000051f8                __sys_flen
 .text.__sys_istty
                0x000051fe        0x6 /opt/lpcxpresso_8.2.2_650/lpcxpresso/tools/bin/../lib/gcc/arm-none-eabi/5.4.1/../../../../arm-none-eabi/lib/armv6-m/libcr_nohost.a(__sys_istty.o)
                0x000051fe                __sys_istty
 .text.__sys_remove
                0x00005204        0x6 /opt/lpcxpresso_8.2.2_650/lpcxpresso/tools/bin/../lib/gcc/arm-none-eabi/5.4.1/../../../../arm-none-eabi/lib/armv6-m/libcr_nohost.a(__sys_remove.o)
                0x00005204                __sys_remove
 .text.__sys_seek
                0x0000520a        0x6 /opt/lpcxpresso_8.2.2_650/lpcxpresso/tools/bin/../lib/gcc/arm-none-eabi/5.4.1/../../../../arm-none-eabi/lib/armv6-m/libcr_nohost.a(__sys_seek.o)
                0x0000520a                __sys_seek
 .text.__sys_tmpnam
                0x00005210        0x6 /opt/lpcxpresso_8.2.2_650/lpcxpresso/tools/bin/../lib/gcc/arm-none-eabi/5.4.1/../../../../arm-none-eabi/lib/armv6-m/libcr_nohost.a(__sys_tmpnam.o)
                0x00005210                __sys_tmpnam
 .text.__sys_write
                0x00005216        0x4 /opt/lpcxpresso_8.2.2_650/lpcxpresso/tools/bin/../lib/gcc/arm-none-eabi/5.4.1/../../../../arm-none-eabi/lib/armv6-m/libcr_nohost.a(__sys_write.o)
                0x00005216                __write
                0x00005216                __sys_write
 *(.rodata .rodata.* .constdata .constdata.*)
 *fill*         0x0000521a        0x2 ff
 .rodata        0x0000521c       0x3c ./src/HX711.o
 .rodata.iocon_to_portpin
                0x00005258       0xb0 ./src/io.o
 .rodata.OscRateIn
                0x00005308        0x4 ./src/sysinit.o
                0x00005308                OscRateIn
 .rodata.wdtOSCRate
                0x0000530c       0x40 /home/tgjuranec/lpc11xx/lpc_chip_11cxx_lib/Debug/liblpc_chip_11cxx_lib.a(clock_11xx.o)
 .rodata.str1.1
                0x0000534c       0x34 /opt/lpcxpresso_8.2.2_650/lpcxpresso/tools/bin/../lib/gcc/arm-none-eabi/5.4.1/../../../../arm-none-eabi/lib/armv6-m/libcr_c.a(fpprintf.o)
                                 0x35 (size before relaxing)
 .rodata.str1.1
                0x00005380        0x4 /opt/lpcxpresso_8.2.2_650/lpcxpresso/tools/bin/../lib/gcc/arm-none-eabi/5.4.1/../../../../arm-none-eabi/lib/armv6-m/libcr_c.a(initio.o)
 .rodata.str1.1
                0x00005384       0x31 /opt/lpcxpresso_8.2.2_650/lpcxpresso/tools/bin/../lib/gcc/arm-none-eabi/5.4.1/../../../../arm-none-eabi/lib/armv6-m/libcr_c.a(printf.o)
                                 0x38 (size before relaxing)
 .rodata.str1.1
                0x000053b5       0x18 /opt/lpcxpresso_8.2.2_650/lpcxpresso/tools/bin/../lib/gcc/arm-none-eabi/5.4.1/../../../../arm-none-eabi/lib/armv6-m/libcr_c.a(alloc.o)
 *fill*         0x000053cd        0x3 ff
 .rodata.__huge_vall
                0x000053d0        0x8 /opt/lpcxpresso_8.2.2_650/lpcxpresso/tools/bin/../lib/gcc/arm-none-eabi/5.4.1/../../../../arm-none-eabi/lib/armv6-m/libcr_c.a(_hugeval.o)
                0x000053d0                __huge_vall
                0x000053d8                . = ALIGN (0x4)

.glue_7         0x000053d8        0x0
 .glue_7        0x000053d8        0x0 linker stubs

.glue_7t        0x000053d8        0x0
 .glue_7t       0x000053d8        0x0 linker stubs

.vfp11_veneer   0x000053d8        0x0
 .vfp11_veneer  0x000053d8        0x0 linker stubs

.v4_bx          0x000053d8        0x0
 .v4_bx         0x000053d8        0x0 linker stubs

.iplt           0x000053d8        0x0
 .iplt          0x000053d8        0x0 ./src/HX711.o

.rel.dyn        0x000053d8        0x0
 .rel.iplt      0x000053d8        0x0 ./src/HX711.o

.ARM.extab
 *(.ARM.extab* .gnu.linkonce.armextab.*)
                0x000053d8                __exidx_start = .

.ARM.exidx
 *(.ARM.exidx* .gnu.linkonce.armexidx.*)
                0x000053d8                __exidx_end = .
                0x000053d8                _etext = .

.uninit_RESERVED
                0x10000000        0x0
 *(.bss.$RESERVED*)
                0x10000000                . = ALIGN (0x4)
                0x10000000                _end_uninit_RESERVED = .

.data           0x10000000        0x4 load address 0x000053d8
 FILL mask 0xff
                0x10000000                _data = .
 *(vtable)
 *(.ramfunc*)
 *(.data*)
 .data.lcd_counter
                0x10000000        0x1 ./src/LCD1602.o
                0x10000000                lcd_counter
                0x10000004                . = ALIGN (0x4)
 *fill*         0x10000001        0x3 ff
                0x10000004                _edata = .

.igot.plt       0x10000004        0x0 load address 0x000053dc
 .igot.plt      0x10000004        0x0 ./src/HX711.o

.bss            0x10000004      0x31c load address 0x000053dc
                0x10000004                _bss = .
 *(.bss*)
 .bss.hx711_count.8465
                0x10000004        0x4 ./src/HX711.o
 .bss.hx711_w.8466
                0x10000008       0x40 ./src/HX711.o
 .bss.hx711_sw.8467
                0x10000048       0x40 ./src/HX711.o
 .bss.mw_old.8468
                0x10000088        0x4 ./src/HX711.o
 .bss._extra    0x1000008c        0x4 /opt/lpcxpresso_8.2.2_650/lpcxpresso/tools/bin/../lib/gcc/arm-none-eabi/5.4.1/../../../../arm-none-eabi/lib/armv6-m/libcr_c.a(initio.o)
                0x1000008c                _extra
 .bss.__Ciob    0x10000090      0x140 /opt/lpcxpresso_8.2.2_650/lpcxpresso/tools/bin/../lib/gcc/arm-none-eabi/5.4.1/../../../../arm-none-eabi/lib/armv6-m/libcr_c.a(stdio.o)
                0x10000090                __Ciob
 .bss.errno     0x100001d0        0x4 /opt/lpcxpresso_8.2.2_650/lpcxpresso/tools/bin/../lib/gcc/arm-none-eabi/5.4.1/../../../../arm-none-eabi/lib/armv6-m/libcr_c.a(errno.o)
                0x100001d0                errno
 .bss.__heaps   0x100001d4        0x4 /opt/lpcxpresso_8.2.2_650/lpcxpresso/tools/bin/../lib/gcc/arm-none-eabi/5.4.1/../../../../arm-none-eabi/lib/armv6-m/libcr_c.a(__init_alloc.o)
                0x100001d4                __heaps
 .bss.__end_of_heap
                0x100001d8        0x4 /opt/lpcxpresso_8.2.2_650/lpcxpresso/tools/bin/../lib/gcc/arm-none-eabi/5.4.1/../../../../arm-none-eabi/lib/armv6-m/libcr_c.a(__init_alloc.o)
                0x100001d8                __end_of_heap
 *(COMMON)
 COMMON         0x100001dc        0x8 ./src/HX711.o
                0x100001dc                hc
 COMMON         0x100001e4       0x34 ./src/LCD1602.o
                0x100001e4                ps
                0x100001e8                lc
                0x100001f8                lcd_text
 COMMON         0x10000218      0x104 ./src/sch.o
                0x10000218                task
                0x10000318                tick
 COMMON         0x1000031c        0x4 /home/tgjuranec/lpc11xx/lpc_chip_11cxx_lib/Debug/liblpc_chip_11cxx_lib.a(chip_11xx.o)
                0x1000031c                SystemCoreClock
                0x10000320                . = ALIGN (0x4)
                0x10000320                _ebss = .
                [!provide]                PROVIDE (end, .)

.noinit         0x10000320        0x0 load address 0x000053dc
                0x10000320                _noinit = .
 *(.noinit*)
                0x10000320                . = ALIGN (0x4)
                0x10000320                _end_noinit = .
                0x10000320                PROVIDE (_pvHeapStart, DEFINED (__user_heap_base)?__user_heap_base:.)
                0x10002000                PROVIDE (_vStackTop, DEFINED (__user_stack_top)?__user_stack_top:(__top_RamLoc8 - 0x0))
                [!provide]                PROVIDE (__valid_user_code_checksum, (0x0 - (((_vStackTop + (ResetISR + 0x1)) + (DEFINED (NMI_Handler)?NMI_Handler:M0_NMI_Handler + 0x1)) + (DEFINED (HardFault_Handler)?HardFault_Handler:M0_HardFault_Handler + 0x1))))
OUTPUT(el_scale_big.axf elf32-littlearm)

.debug_info     0x00000000     0x6581
 .debug_info    0x00000000      0x412 ./src/HX711.o
 .debug_info    0x00000412      0x8f1 ./src/LCD1602.o
 .debug_info    0x00000d03      0x203 ./src/cr_startup_lpc11xx.o
 .debug_info    0x00000f06      0x76d ./src/el_scale_big.o
 .debug_info    0x00001673      0x645 ./src/io.o
 .debug_info    0x00001cb8      0x8f5 ./src/sch.o
 .debug_info    0x000025ad     0x100f ./src/sleep.o
 .debug_info    0x000035bc       0xc8 ./src/sysinit.o
 .debug_info    0x00003684       0xc2 /home/tgjuranec/lpc11xx/lpc_chip_11cxx_lib/Debug/liblpc_chip_11cxx_lib.a(chip_11xx.o)
 .debug_info    0x00003746      0x893 /home/tgjuranec/lpc11xx/lpc_chip_11cxx_lib/Debug/liblpc_chip_11cxx_lib.a(clock_11xx.o)
 .debug_info    0x00003fd9      0xb59 /home/tgjuranec/lpc11xx/lpc_chip_11cxx_lib/Debug/liblpc_chip_11cxx_lib.a(gpio_11xx_2.o)
 .debug_info    0x00004b32      0x593 /home/tgjuranec/lpc11xx/lpc_chip_11cxx_lib/Debug/liblpc_chip_11cxx_lib.a(sysctl_11xx.o)
 .debug_info    0x000050c5      0x7f6 /home/tgjuranec/lpc11xx/lpc_chip_11cxx_lib/Debug/liblpc_chip_11cxx_lib.a(sysinit_11xx.o)
 .debug_info    0x000058bb      0x801 /home/tgjuranec/lpc11xx/lpc_chip_11cxx_lib/Debug/liblpc_chip_11cxx_lib.a(timer_11xx.o)
 .debug_info    0x000060bc      0x11b /home/tgjuranec/lpc11xx/CMSIS_DSPLIB_CM0/lib/libCMSIS_DSPLIB_CM0.a(arm_mean_q31.o)
 .debug_info    0x000061d7      0x16e /home/tgjuranec/lpc11xx/CMSIS_DSPLIB_CM0/lib/libCMSIS_DSPLIB_CM0.a(arm_std_q31.o)
 .debug_info    0x00006345      0x23c /home/tgjuranec/lpc11xx/CMSIS_DSPLIB_CM0/lib/libCMSIS_DSPLIB_CM0.a(arm_sqrt_q31.o)

.debug_abbrev   0x00000000     0x18c0
 .debug_abbrev  0x00000000      0x1c0 ./src/HX711.o
 .debug_abbrev  0x000001c0      0x29d ./src/LCD1602.o
 .debug_abbrev  0x0000045d       0xe6 ./src/cr_startup_lpc11xx.o
 .debug_abbrev  0x00000543      0x184 ./src/el_scale_big.o
 .debug_abbrev  0x000006c7      0x1dd ./src/io.o
 .debug_abbrev  0x000008a4      0x2ca ./src/sch.o
 .debug_abbrev  0x00000b6e      0x2d6 ./src/sleep.o
 .debug_abbrev  0x00000e44       0x6a ./src/sysinit.o
 .debug_abbrev  0x00000eae       0x7b /home/tgjuranec/lpc11xx/lpc_chip_11cxx_lib/Debug/liblpc_chip_11cxx_lib.a(chip_11xx.o)
 .debug_abbrev  0x00000f29      0x1c0 /home/tgjuranec/lpc11xx/lpc_chip_11cxx_lib/Debug/liblpc_chip_11cxx_lib.a(clock_11xx.o)
 .debug_abbrev  0x000010e9      0x1a9 /home/tgjuranec/lpc11xx/lpc_chip_11cxx_lib/Debug/liblpc_chip_11cxx_lib.a(gpio_11xx_2.o)
 .debug_abbrev  0x00001292       0xce /home/tgjuranec/lpc11xx/lpc_chip_11cxx_lib/Debug/liblpc_chip_11cxx_lib.a(sysctl_11xx.o)
 .debug_abbrev  0x00001360      0x171 /home/tgjuranec/lpc11xx/lpc_chip_11cxx_lib/Debug/liblpc_chip_11cxx_lib.a(sysinit_11xx.o)
 .debug_abbrev  0x000014d1      0x195 /home/tgjuranec/lpc11xx/lpc_chip_11cxx_lib/Debug/liblpc_chip_11cxx_lib.a(timer_11xx.o)
 .debug_abbrev  0x00001666       0x93 /home/tgjuranec/lpc11xx/CMSIS_DSPLIB_CM0/lib/libCMSIS_DSPLIB_CM0.a(arm_mean_q31.o)
 .debug_abbrev  0x000016f9       0xad /home/tgjuranec/lpc11xx/CMSIS_DSPLIB_CM0/lib/libCMSIS_DSPLIB_CM0.a(arm_std_q31.o)
 .debug_abbrev  0x000017a6      0x11a /home/tgjuranec/lpc11xx/CMSIS_DSPLIB_CM0/lib/libCMSIS_DSPLIB_CM0.a(arm_sqrt_q31.o)

.debug_aranges  0x00000000      0x6c0
 .debug_aranges
                0x00000000       0x48 ./src/HX711.o
 .debug_aranges
                0x00000048       0xe8 ./src/LCD1602.o
 .debug_aranges
                0x00000130       0x60 ./src/cr_startup_lpc11xx.o
 .debug_aranges
                0x00000190       0x38 ./src/el_scale_big.o
 .debug_aranges
                0x000001c8       0x78 ./src/io.o
 .debug_aranges
                0x00000240       0xd0 ./src/sch.o
 .debug_aranges
                0x00000310      0x108 ./src/sleep.o
 .debug_aranges
                0x00000418       0x20 ./src/sysinit.o
 .debug_aranges
                0x00000438       0x20 /home/tgjuranec/lpc11xx/lpc_chip_11cxx_lib/Debug/liblpc_chip_11cxx_lib.a(chip_11xx.o)
 .debug_aranges
                0x00000458       0x88 /home/tgjuranec/lpc11xx/lpc_chip_11cxx_lib/Debug/liblpc_chip_11cxx_lib.a(clock_11xx.o)
 .debug_aranges
                0x000004e0       0xb0 /home/tgjuranec/lpc11xx/lpc_chip_11cxx_lib/Debug/liblpc_chip_11cxx_lib.a(gpio_11xx_2.o)
 .debug_aranges
                0x00000590       0x38 /home/tgjuranec/lpc11xx/lpc_chip_11cxx_lib/Debug/liblpc_chip_11cxx_lib.a(sysctl_11xx.o)
 .debug_aranges
                0x000005c8       0x48 /home/tgjuranec/lpc11xx/lpc_chip_11cxx_lib/Debug/liblpc_chip_11cxx_lib.a(sysinit_11xx.o)
 .debug_aranges
                0x00000610       0x50 /home/tgjuranec/lpc11xx/lpc_chip_11cxx_lib/Debug/liblpc_chip_11cxx_lib.a(timer_11xx.o)
 .debug_aranges
                0x00000660       0x20 /home/tgjuranec/lpc11xx/CMSIS_DSPLIB_CM0/lib/libCMSIS_DSPLIB_CM0.a(arm_mean_q31.o)
 .debug_aranges
                0x00000680       0x20 /home/tgjuranec/lpc11xx/CMSIS_DSPLIB_CM0/lib/libCMSIS_DSPLIB_CM0.a(arm_std_q31.o)
 .debug_aranges
                0x000006a0       0x20 /home/tgjuranec/lpc11xx/CMSIS_DSPLIB_CM0/lib/libCMSIS_DSPLIB_CM0.a(arm_sqrt_q31.o)

.debug_ranges   0x00000000      0x5b0
 .debug_ranges  0x00000000       0x38 ./src/HX711.o
 .debug_ranges  0x00000038       0xd8 ./src/LCD1602.o
 .debug_ranges  0x00000110       0x50 ./src/cr_startup_lpc11xx.o
 .debug_ranges  0x00000160       0x28 ./src/el_scale_big.o
 .debug_ranges  0x00000188       0x68 ./src/io.o
 .debug_ranges  0x000001f0       0xc0 ./src/sch.o
 .debug_ranges  0x000002b0       0xf8 ./src/sleep.o
 .debug_ranges  0x000003a8       0x10 ./src/sysinit.o
 .debug_ranges  0x000003b8       0x10 /home/tgjuranec/lpc11xx/lpc_chip_11cxx_lib/Debug/liblpc_chip_11cxx_lib.a(chip_11xx.o)
 .debug_ranges  0x000003c8       0x78 /home/tgjuranec/lpc11xx/lpc_chip_11cxx_lib/Debug/liblpc_chip_11cxx_lib.a(clock_11xx.o)
 .debug_ranges  0x00000440       0xa0 /home/tgjuranec/lpc11xx/lpc_chip_11cxx_lib/Debug/liblpc_chip_11cxx_lib.a(gpio_11xx_2.o)
 .debug_ranges  0x000004e0       0x28 /home/tgjuranec/lpc11xx/lpc_chip_11cxx_lib/Debug/liblpc_chip_11cxx_lib.a(sysctl_11xx.o)
 .debug_ranges  0x00000508       0x38 /home/tgjuranec/lpc11xx/lpc_chip_11cxx_lib/Debug/liblpc_chip_11cxx_lib.a(sysinit_11xx.o)
 .debug_ranges  0x00000540       0x40 /home/tgjuranec/lpc11xx/lpc_chip_11cxx_lib/Debug/liblpc_chip_11cxx_lib.a(timer_11xx.o)
 .debug_ranges  0x00000580       0x10 /home/tgjuranec/lpc11xx/CMSIS_DSPLIB_CM0/lib/libCMSIS_DSPLIB_CM0.a(arm_mean_q31.o)
 .debug_ranges  0x00000590       0x10 /home/tgjuranec/lpc11xx/CMSIS_DSPLIB_CM0/lib/libCMSIS_DSPLIB_CM0.a(arm_std_q31.o)
 .debug_ranges  0x000005a0       0x10 /home/tgjuranec/lpc11xx/CMSIS_DSPLIB_CM0/lib/libCMSIS_DSPLIB_CM0.a(arm_sqrt_q31.o)

.debug_macro    0x00000000     0x3bd5
 .debug_macro   0x00000000      0x1c8 ./src/HX711.o
 .debug_macro   0x000001c8      0x84a ./src/HX711.o
 .debug_macro   0x00000a12       0x10 ./src/HX711.o
 .debug_macro   0x00000a22      0x12d ./src/HX711.o
 .debug_macro   0x00000b4f      0x5b2 ./src/HX711.o
 .debug_macro   0x00001101       0x22 ./src/HX711.o
 .debug_macro   0x00001123       0x7b ./src/HX711.o
 .debug_macro   0x0000119e       0x10 ./src/HX711.o
 .debug_macro   0x000011ae       0x1f ./src/HX711.o
 .debug_macro   0x000011cd       0x3a ./src/HX711.o
 .debug_macro   0x00001207      0x241 ./src/HX711.o
 .debug_macro   0x00001448      0x117 ./src/HX711.o
 .debug_macro   0x0000155f       0x22 ./src/HX711.o
 .debug_macro   0x00001581       0xb2 ./src/HX711.o
 .debug_macro   0x00001633       0x10 ./src/HX711.o
 .debug_macro   0x00001643      0x137 ./src/HX711.o
 .debug_macro   0x0000177a       0x4c ./src/HX711.o
 .debug_macro   0x000017c6       0x16 ./src/HX711.o
 .debug_macro   0x000017dc      0x31a ./src/HX711.o
 .debug_macro   0x00001af6       0x2e ./src/HX711.o
 .debug_macro   0x00001b24       0xb8 ./src/HX711.o
 .debug_macro   0x00001bdc       0x11 ./src/HX711.o
 .debug_macro   0x00001bed       0x7c ./src/HX711.o
 .debug_macro   0x00001c69      0x21c ./src/HX711.o
 .debug_macro   0x00001e85      0x113 ./src/HX711.o
 .debug_macro   0x00001f98       0x10 ./src/HX711.o
 .debug_macro   0x00001fa8       0xbe ./src/HX711.o
 .debug_macro   0x00002066       0x10 ./src/HX711.o
 .debug_macro   0x00002076       0x12 ./src/HX711.o
 .debug_macro   0x00002088       0x12 ./src/HX711.o
 .debug_macro   0x0000209a       0xc4 ./src/HX711.o
 .debug_macro   0x0000215e       0xb3 ./src/HX711.o
 .debug_macro   0x00002211       0x16 ./src/HX711.o
 .debug_macro   0x00002227       0x9a ./src/HX711.o
 .debug_macro   0x000022c1      0x179 ./src/LCD1602.o
 .debug_macro   0x0000243a       0x1d ./src/cr_startup_lpc11xx.o
 .debug_macro   0x00002457      0x1ab ./src/el_scale_big.o
 .debug_macro   0x00002602       0x82 ./src/el_scale_big.o
 .debug_macro   0x00002684      0x148 ./src/io.o
 .debug_macro   0x000027cc      0x157 ./src/sch.o
 .debug_macro   0x00002923       0x10 ./src/sch.o
 .debug_macro   0x00002933      0x148 ./src/sleep.o
 .debug_macro   0x00002a7b      0x148 ./src/sysinit.o
 .debug_macro   0x00002bc3      0x148 /home/tgjuranec/lpc11xx/lpc_chip_11cxx_lib/Debug/liblpc_chip_11cxx_lib.a(chip_11xx.o)
 .debug_macro   0x00002d0b      0x838 /home/tgjuranec/lpc11xx/lpc_chip_11cxx_lib/Debug/liblpc_chip_11cxx_lib.a(chip_11xx.o)
 .debug_macro   0x00003543      0x148 /home/tgjuranec/lpc11xx/lpc_chip_11cxx_lib/Debug/liblpc_chip_11cxx_lib.a(clock_11xx.o)
 .debug_macro   0x0000368b      0x148 /home/tgjuranec/lpc11xx/lpc_chip_11cxx_lib/Debug/liblpc_chip_11cxx_lib.a(gpio_11xx_2.o)
 .debug_macro   0x000037d3      0x172 /home/tgjuranec/lpc11xx/lpc_chip_11cxx_lib/Debug/liblpc_chip_11cxx_lib.a(sysctl_11xx.o)
 .debug_macro   0x00003945      0x148 /home/tgjuranec/lpc11xx/lpc_chip_11cxx_lib/Debug/liblpc_chip_11cxx_lib.a(sysinit_11xx.o)
 .debug_macro   0x00003a8d      0x148 /home/tgjuranec/lpc11xx/lpc_chip_11cxx_lib/Debug/liblpc_chip_11cxx_lib.a(timer_11xx.o)

.debug_line     0x00000000     0x402c
 .debug_line    0x00000000      0x46e ./src/HX711.o
 .debug_line    0x0000046e      0x644 ./src/LCD1602.o
 .debug_line    0x00000ab2       0xba ./src/cr_startup_lpc11xx.o
 .debug_line    0x00000b6c      0x3db ./src/el_scale_big.o
 .debug_line    0x00000f47      0x3ed ./src/io.o
 .debug_line    0x00001334      0x51f ./src/sch.o
 .debug_line    0x00001853      0x57d ./src/sleep.o
 .debug_line    0x00001dd0      0x2a1 ./src/sysinit.o
 .debug_line    0x00002071      0x2a3 /home/tgjuranec/lpc11xx/lpc_chip_11cxx_lib/Debug/liblpc_chip_11cxx_lib.a(chip_11xx.o)
 .debug_line    0x00002314      0x3cd /home/tgjuranec/lpc11xx/lpc_chip_11cxx_lib/Debug/liblpc_chip_11cxx_lib.a(clock_11xx.o)
 .debug_line    0x000026e1      0x42e /home/tgjuranec/lpc11xx/lpc_chip_11cxx_lib/Debug/liblpc_chip_11cxx_lib.a(gpio_11xx_2.o)
 .debug_line    0x00002b0f      0x2e0 /home/tgjuranec/lpc11xx/lpc_chip_11cxx_lib/Debug/liblpc_chip_11cxx_lib.a(sysctl_11xx.o)
 .debug_line    0x00002def      0x31a /home/tgjuranec/lpc11xx/lpc_chip_11cxx_lib/Debug/liblpc_chip_11cxx_lib.a(sysinit_11xx.o)
 .debug_line    0x00003109      0x331 /home/tgjuranec/lpc11xx/lpc_chip_11cxx_lib/Debug/liblpc_chip_11cxx_lib.a(timer_11xx.o)
 .debug_line    0x0000343a      0x3d3 /home/tgjuranec/lpc11xx/CMSIS_DSPLIB_CM0/lib/libCMSIS_DSPLIB_CM0.a(arm_mean_q31.o)
 .debug_line    0x0000380d      0x3f3 /home/tgjuranec/lpc11xx/CMSIS_DSPLIB_CM0/lib/libCMSIS_DSPLIB_CM0.a(arm_std_q31.o)
 .debug_line    0x00003c00      0x42c /home/tgjuranec/lpc11xx/CMSIS_DSPLIB_CM0/lib/libCMSIS_DSPLIB_CM0.a(arm_sqrt_q31.o)

.debug_str      0x00000000     0xb18a
 .debug_str     0x00000000     0x8ef5 ./src/HX711.o
                               0x9013 (size before relaxing)
 .debug_str     0x00008ef5      0x314 ./src/LCD1602.o
                               0x8593 (size before relaxing)
 .debug_str     0x00009209      0x19f ./src/cr_startup_lpc11xx.o
                               0x2523 (size before relaxing)
 .debug_str     0x000093a8      0x876 ./src/el_scale_big.o
                               0x8d9d (size before relaxing)
 .debug_str     0x00009c1e       0xf9 ./src/io.o
                               0x80fc (size before relaxing)
 .debug_str     0x00009d17      0x37c ./src/sch.o
                               0x8270 (size before relaxing)
 .debug_str     0x0000a093      0x4a2 ./src/sleep.o
                               0x8b0d (size before relaxing)
 .debug_str     0x0000a535       0x1b ./src/sysinit.o
                               0x7d62 (size before relaxing)
 .debug_str     0x0000a550       0x5a /home/tgjuranec/lpc11xx/lpc_chip_11cxx_lib/Debug/liblpc_chip_11cxx_lib.a(chip_11xx.o)
                               0x7d2e (size before relaxing)
 .debug_str     0x0000a5aa      0x3b8 /home/tgjuranec/lpc11xx/lpc_chip_11cxx_lib/Debug/liblpc_chip_11cxx_lib.a(clock_11xx.o)
                               0x84f2 (size before relaxing)
 .debug_str     0x0000a962      0x21c /home/tgjuranec/lpc11xx/lpc_chip_11cxx_lib/Debug/liblpc_chip_11cxx_lib.a(gpio_11xx_2.o)
                               0x83d0 (size before relaxing)
 .debug_str     0x0000ab7e      0x19f /home/tgjuranec/lpc11xx/lpc_chip_11cxx_lib/Debug/liblpc_chip_11cxx_lib.a(sysctl_11xx.o)
                               0x813c (size before relaxing)
 .debug_str     0x0000ad1d      0x119 /home/tgjuranec/lpc11xx/lpc_chip_11cxx_lib/Debug/liblpc_chip_11cxx_lib.a(sysinit_11xx.o)
                               0x8395 (size before relaxing)
 .debug_str     0x0000ae36       0xb1 /home/tgjuranec/lpc11xx/lpc_chip_11cxx_lib/Debug/liblpc_chip_11cxx_lib.a(timer_11xx.o)
                               0x82c3 (size before relaxing)
 .debug_str     0x0000aee7       0xfd /home/tgjuranec/lpc11xx/CMSIS_DSPLIB_CM0/lib/libCMSIS_DSPLIB_CM0.a(arm_mean_q31.o)
                                0x193 (size before relaxing)
 .debug_str     0x0000afe4       0x74 /home/tgjuranec/lpc11xx/CMSIS_DSPLIB_CM0/lib/libCMSIS_DSPLIB_CM0.a(arm_std_q31.o)
                                0x1c8 (size before relaxing)
 .debug_str     0x0000b058      0x132 /home/tgjuranec/lpc11xx/CMSIS_DSPLIB_CM0/lib/libCMSIS_DSPLIB_CM0.a(arm_sqrt_q31.o)
                                0x282 (size before relaxing)

.comment        0x00000000      0x14c
 .comment       0x00000000       0x6e ./src/HX711.o
                                 0x6f (size before relaxing)
 .comment       0x0000006e       0x6f ./src/LCD1602.o
 .comment       0x0000006e       0x6f ./src/cr_startup_lpc11xx.o
 .comment       0x0000006e       0x6f ./src/el_scale_big.o
 .comment       0x0000006e       0x6f ./src/io.o
 .comment       0x0000006e       0x6f ./src/sch.o
 .comment       0x0000006e       0x6f ./src/sleep.o
 .comment       0x0000006e       0x6f ./src/sysinit.o
 .comment       0x0000006e       0x6f /home/tgjuranec/lpc11xx/lpc_chip_11cxx_lib/Debug/liblpc_chip_11cxx_lib.a(chip_11xx.o)
 .comment       0x0000006e       0x6f /home/tgjuranec/lpc11xx/lpc_chip_11cxx_lib/Debug/liblpc_chip_11cxx_lib.a(clock_11xx.o)
 .comment       0x0000006e       0x6f /home/tgjuranec/lpc11xx/lpc_chip_11cxx_lib/Debug/liblpc_chip_11cxx_lib.a(gpio_11xx_2.o)
 .comment       0x0000006e       0x6f /home/tgjuranec/lpc11xx/lpc_chip_11cxx_lib/Debug/liblpc_chip_11cxx_lib.a(sysctl_11xx.o)
 .comment       0x0000006e       0x6f /home/tgjuranec/lpc11xx/lpc_chip_11cxx_lib/Debug/liblpc_chip_11cxx_lib.a(sysinit_11xx.o)
 .comment       0x0000006e       0x6f /home/tgjuranec/lpc11xx/lpc_chip_11cxx_lib/Debug/liblpc_chip_11cxx_lib.a(timer_11xx.o)
 .comment       0x0000006e       0x70 /home/tgjuranec/lpc11xx/CMSIS_DSPLIB_CM0/lib/libCMSIS_DSPLIB_CM0.a(arm_mean_q31.o)
                                 0x71 (size before relaxing)
 .comment       0x000000de       0x71 /home/tgjuranec/lpc11xx/CMSIS_DSPLIB_CM0/lib/libCMSIS_DSPLIB_CM0.a(arm_std_q31.o)
 .comment       0x000000de       0x71 /home/tgjuranec/lpc11xx/CMSIS_DSPLIB_CM0/lib/libCMSIS_DSPLIB_CM0.a(arm_sqrt_q31.o)
 .comment       0x000000de       0x6e /opt/lpcxpresso_8.2.2_650/lpcxpresso/tools/bin/../lib/gcc/arm-none-eabi/5.4.1/../../../../arm-none-eabi/lib/armv6-m/libcr_nohost.a(_cr__main.o)
                                 0x6f (size before relaxing)
 .comment       0x0000014c       0x6f /opt/lpcxpresso_8.2.2_650/lpcxpresso/tools/bin/../lib/gcc/arm-none-eabi/5.4.1/../../../../arm-none-eabi/lib/armv6-m/libcr_c.a(fpprintf.o)
 .comment       0x0000014c       0x6f /opt/lpcxpresso_8.2.2_650/lpcxpresso/tools/bin/../lib/gcc/arm-none-eabi/5.4.1/../../../../arm-none-eabi/lib/armv6-m/libcr_c.a(initio.o)
 .comment       0x0000014c       0x6f /opt/lpcxpresso_8.2.2_650/lpcxpresso/tools/bin/../lib/gcc/arm-none-eabi/5.4.1/../../../../arm-none-eabi/lib/armv6-m/libcr_c.a(printf.o)
 .comment       0x0000014c       0x6f /opt/lpcxpresso_8.2.2_650/lpcxpresso/tools/bin/../lib/gcc/arm-none-eabi/5.4.1/../../../../arm-none-eabi/lib/armv6-m/libcr_c.a(setvbuf.o)
 .comment       0x0000014c       0x6f /opt/lpcxpresso_8.2.2_650/lpcxpresso/tools/bin/../lib/gcc/arm-none-eabi/5.4.1/../../../../arm-none-eabi/lib/armv6-m/libcr_c.a(stdio.o)
 .comment       0x0000014c       0x6f /opt/lpcxpresso_8.2.2_650/lpcxpresso/tools/bin/../lib/gcc/arm-none-eabi/5.4.1/../../../../arm-none-eabi/lib/armv6-m/libcr_c.a(strlen.o)
 .comment       0x0000014c       0x6f /opt/lpcxpresso_8.2.2_650/lpcxpresso/tools/bin/../lib/gcc/arm-none-eabi/5.4.1/../../../../arm-none-eabi/lib/armv6-m/libcr_c.a(memset.o)
 .comment       0x0000014c       0x6f /opt/lpcxpresso_8.2.2_650/lpcxpresso/tools/bin/../lib/gcc/arm-none-eabi/5.4.1/../../../../arm-none-eabi/lib/armv6-m/libcr_c.a(_deferredlazyseek.o)
 .comment       0x0000014c       0x6f /opt/lpcxpresso_8.2.2_650/lpcxpresso/tools/bin/../lib/gcc/arm-none-eabi/5.4.1/../../../../arm-none-eabi/lib/armv6-m/libcr_c.a(_fdopen.o)
 .comment       0x0000014c       0x6f /opt/lpcxpresso_8.2.2_650/lpcxpresso/tools/bin/../lib/gcc/arm-none-eabi/5.4.1/../../../../arm-none-eabi/lib/armv6-m/libcr_c.a(_fflush.o)
 .comment       0x0000014c       0x6f /opt/lpcxpresso_8.2.2_650/lpcxpresso/tools/bin/../lib/gcc/arm-none-eabi/5.4.1/../../../../arm-none-eabi/lib/armv6-m/libcr_c.a(_frexpl.o)
 .comment       0x0000014c       0x6f /opt/lpcxpresso_8.2.2_650/lpcxpresso/tools/bin/../lib/gcc/arm-none-eabi/5.4.1/../../../../arm-none-eabi/lib/armv6-m/libcr_c.a(_ldexpl.o)
 .comment       0x0000014c       0x6f /opt/lpcxpresso_8.2.2_650/lpcxpresso/tools/bin/../lib/gcc/arm-none-eabi/5.4.1/../../../../arm-none-eabi/lib/armv6-m/libcr_c.a(_writebuf.o)
 .comment       0x0000014c       0x6f /opt/lpcxpresso_8.2.2_650/lpcxpresso/tools/bin/../lib/gcc/arm-none-eabi/5.4.1/../../../../arm-none-eabi/lib/armv6-m/libcr_c.a(alloc.o)
 .comment       0x0000014c       0x6f /opt/lpcxpresso_8.2.2_650/lpcxpresso/tools/bin/../lib/gcc/arm-none-eabi/5.4.1/../../../../arm-none-eabi/lib/armv6-m/libcr_c.a(errno.o)
 .comment       0x0000014c       0x6f /opt/lpcxpresso_8.2.2_650/lpcxpresso/tools/bin/../lib/gcc/arm-none-eabi/5.4.1/../../../../arm-none-eabi/lib/armv6-m/libcr_c.a(fclose.o)
 .comment       0x0000014c       0x6f /opt/lpcxpresso_8.2.2_650/lpcxpresso/tools/bin/../lib/gcc/arm-none-eabi/5.4.1/../../../../arm-none-eabi/lib/armv6-m/libcr_c.a(fflush.o)
 .comment       0x0000014c       0x6f /opt/lpcxpresso_8.2.2_650/lpcxpresso/tools/bin/../lib/gcc/arm-none-eabi/5.4.1/../../../../arm-none-eabi/lib/armv6-m/libcr_c.a(fseek.o)
 .comment       0x0000014c       0x6f /opt/lpcxpresso_8.2.2_650/lpcxpresso/tools/bin/../lib/gcc/arm-none-eabi/5.4.1/../../../../arm-none-eabi/lib/armv6-m/libcr_c.a(ftell.o)
 .comment       0x0000014c       0x6f /opt/lpcxpresso_8.2.2_650/lpcxpresso/tools/bin/../lib/gcc/arm-none-eabi/5.4.1/../../../../arm-none-eabi/lib/armv6-m/libcr_c.a(remove.o)
 .comment       0x0000014c       0x6f /opt/lpcxpresso_8.2.2_650/lpcxpresso/tools/bin/../lib/gcc/arm-none-eabi/5.4.1/../../../../arm-none-eabi/lib/armv6-m/libcr_c.a(__init_alloc.o)
 .comment       0x0000014c       0x6f /opt/lpcxpresso_8.2.2_650/lpcxpresso/tools/bin/../lib/gcc/arm-none-eabi/5.4.1/../../../../arm-none-eabi/lib/armv6-m/libcr_c.a(_cr_sbrk.o)
 .comment       0x0000014c       0x6f /opt/lpcxpresso_8.2.2_650/lpcxpresso/tools/bin/../lib/gcc/arm-none-eabi/5.4.1/../../../../arm-none-eabi/lib/armv6-m/libcr_c.a(_do_fflush.o)
 .comment       0x0000014c       0x6f /opt/lpcxpresso_8.2.2_650/lpcxpresso/tools/bin/../lib/gcc/arm-none-eabi/5.4.1/../../../../arm-none-eabi/lib/armv6-m/libcr_c.a(_hugeval.o)
 .comment       0x0000014c       0x6f /opt/lpcxpresso_8.2.2_650/lpcxpresso/tools/bin/../lib/gcc/arm-none-eabi/5.4.1/../../../../arm-none-eabi/lib/armv6-m/libcr_c.a(_cr_check_heap.o)
 .comment       0x0000014c       0x6f /opt/lpcxpresso_8.2.2_650/lpcxpresso/tools/bin/../lib/gcc/arm-none-eabi/5.4.1/armv6-m/libcr_eabihelpers.a(double.o)
 .comment       0x0000014c       0x6f /opt/lpcxpresso_8.2.2_650/lpcxpresso/tools/bin/../lib/gcc/arm-none-eabi/5.4.1/armv6-m/libcr_eabihelpers.a(float.o)
 .comment       0x0000014c       0x6f /opt/lpcxpresso_8.2.2_650/lpcxpresso/tools/bin/../lib/gcc/arm-none-eabi/5.4.1/../../../../arm-none-eabi/lib/armv6-m/libcr_nohost.a(__sys_appexit.o)
 .comment       0x0000014c       0x6f /opt/lpcxpresso_8.2.2_650/lpcxpresso/tools/bin/../lib/gcc/arm-none-eabi/5.4.1/../../../../arm-none-eabi/lib/armv6-m/libcr_nohost.a(__sys_close.o)
 .comment       0x0000014c       0x6f /opt/lpcxpresso_8.2.2_650/lpcxpresso/tools/bin/../lib/gcc/arm-none-eabi/5.4.1/../../../../arm-none-eabi/lib/armv6-m/libcr_nohost.a(__sys_flen.o)
 .comment       0x0000014c       0x6f /opt/lpcxpresso_8.2.2_650/lpcxpresso/tools/bin/../lib/gcc/arm-none-eabi/5.4.1/../../../../arm-none-eabi/lib/armv6-m/libcr_nohost.a(__sys_istty.o)
 .comment       0x0000014c       0x6f /opt/lpcxpresso_8.2.2_650/lpcxpresso/tools/bin/../lib/gcc/arm-none-eabi/5.4.1/../../../../arm-none-eabi/lib/armv6-m/libcr_nohost.a(__sys_remove.o)
 .comment       0x0000014c       0x6f /opt/lpcxpresso_8.2.2_650/lpcxpresso/tools/bin/../lib/gcc/arm-none-eabi/5.4.1/../../../../arm-none-eabi/lib/armv6-m/libcr_nohost.a(__sys_seek.o)
 .comment       0x0000014c       0x6f /opt/lpcxpresso_8.2.2_650/lpcxpresso/tools/bin/../lib/gcc/arm-none-eabi/5.4.1/../../../../arm-none-eabi/lib/armv6-m/libcr_nohost.a(__sys_tmpnam.o)
 .comment       0x0000014c       0x6f /opt/lpcxpresso_8.2.2_650/lpcxpresso/tools/bin/../lib/gcc/arm-none-eabi/5.4.1/../../../../arm-none-eabi/lib/armv6-m/libcr_nohost.a(__sys_write.o)

.ARM.attributes
                0x00000000       0x2f
 .ARM.attributes
                0x00000000       0x31 ./src/HX711.o
 .ARM.attributes
                0x00000031       0x31 ./src/LCD1602.o
 .ARM.attributes
                0x00000062       0x31 ./src/cr_startup_lpc11xx.o
 .ARM.attributes
                0x00000093       0x31 ./src/el_scale_big.o
 .ARM.attributes
                0x000000c4       0x31 ./src/io.o
 .ARM.attributes
                0x000000f5       0x31 ./src/sch.o
 .ARM.attributes
                0x00000126       0x31 ./src/sleep.o
 .ARM.attributes
                0x00000157       0x31 ./src/sysinit.o
 .ARM.attributes
                0x00000188       0x31 /home/tgjuranec/lpc11xx/lpc_chip_11cxx_lib/Debug/liblpc_chip_11cxx_lib.a(chip_11xx.o)
 .ARM.attributes
                0x000001b9       0x31 /home/tgjuranec/lpc11xx/lpc_chip_11cxx_lib/Debug/liblpc_chip_11cxx_lib.a(clock_11xx.o)
 .ARM.attributes
                0x000001ea       0x31 /home/tgjuranec/lpc11xx/lpc_chip_11cxx_lib/Debug/liblpc_chip_11cxx_lib.a(gpio_11xx_2.o)
 .ARM.attributes
                0x0000021b       0x31 /home/tgjuranec/lpc11xx/lpc_chip_11cxx_lib/Debug/liblpc_chip_11cxx_lib.a(sysctl_11xx.o)
 .ARM.attributes
                0x0000024c       0x31 /home/tgjuranec/lpc11xx/lpc_chip_11cxx_lib/Debug/liblpc_chip_11cxx_lib.a(sysinit_11xx.o)
 .ARM.attributes
                0x0000027d       0x31 /home/tgjuranec/lpc11xx/lpc_chip_11cxx_lib/Debug/liblpc_chip_11cxx_lib.a(timer_11xx.o)
 .ARM.attributes
                0x000002ae       0x31 /home/tgjuranec/lpc11xx/CMSIS_DSPLIB_CM0/lib/libCMSIS_DSPLIB_CM0.a(arm_mean_q31.o)
 .ARM.attributes
                0x000002df       0x31 /home/tgjuranec/lpc11xx/CMSIS_DSPLIB_CM0/lib/libCMSIS_DSPLIB_CM0.a(arm_std_q31.o)
 .ARM.attributes
                0x00000310       0x31 /home/tgjuranec/lpc11xx/CMSIS_DSPLIB_CM0/lib/libCMSIS_DSPLIB_CM0.a(arm_sqrt_q31.o)
 .ARM.attributes
                0x00000341       0x31 /opt/lpcxpresso_8.2.2_650/lpcxpresso/tools/bin/../lib/gcc/arm-none-eabi/5.4.1/../../../../arm-none-eabi/lib/armv6-m/libcr_nohost.a(_cr__main.o)
 .ARM.attributes
                0x00000372       0x31 /opt/lpcxpresso_8.2.2_650/lpcxpresso/tools/bin/../lib/gcc/arm-none-eabi/5.4.1/../../../../arm-none-eabi/lib/armv6-m/libcr_c.a(fpprintf.o)
 .ARM.attributes
                0x000003a3       0x31 /opt/lpcxpresso_8.2.2_650/lpcxpresso/tools/bin/../lib/gcc/arm-none-eabi/5.4.1/../../../../arm-none-eabi/lib/armv6-m/libcr_c.a(initio.o)
 .ARM.attributes
                0x000003d4       0x31 /opt/lpcxpresso_8.2.2_650/lpcxpresso/tools/bin/../lib/gcc/arm-none-eabi/5.4.1/../../../../arm-none-eabi/lib/armv6-m/libcr_c.a(printf.o)
 .ARM.attributes
                0x00000405       0x31 /opt/lpcxpresso_8.2.2_650/lpcxpresso/tools/bin/../lib/gcc/arm-none-eabi/5.4.1/../../../../arm-none-eabi/lib/armv6-m/libcr_c.a(setvbuf.o)
 .ARM.attributes
                0x00000436       0x31 /opt/lpcxpresso_8.2.2_650/lpcxpresso/tools/bin/../lib/gcc/arm-none-eabi/5.4.1/../../../../arm-none-eabi/lib/armv6-m/libcr_c.a(stdio.o)
 .ARM.attributes
                0x00000467       0x31 /opt/lpcxpresso_8.2.2_650/lpcxpresso/tools/bin/../lib/gcc/arm-none-eabi/5.4.1/../../../../arm-none-eabi/lib/armv6-m/libcr_c.a(strlen.o)
 .ARM.attributes
                0x00000498       0x31 /opt/lpcxpresso_8.2.2_650/lpcxpresso/tools/bin/../lib/gcc/arm-none-eabi/5.4.1/../../../../arm-none-eabi/lib/armv6-m/libcr_c.a(memset.o)
 .ARM.attributes
                0x000004c9       0x31 /opt/lpcxpresso_8.2.2_650/lpcxpresso/tools/bin/../lib/gcc/arm-none-eabi/5.4.1/../../../../arm-none-eabi/lib/armv6-m/libcr_c.a(_deferredlazyseek.o)
 .ARM.attributes
                0x000004fa       0x31 /opt/lpcxpresso_8.2.2_650/lpcxpresso/tools/bin/../lib/gcc/arm-none-eabi/5.4.1/../../../../arm-none-eabi/lib/armv6-m/libcr_c.a(_fdopen.o)
 .ARM.attributes
                0x0000052b       0x31 /opt/lpcxpresso_8.2.2_650/lpcxpresso/tools/bin/../lib/gcc/arm-none-eabi/5.4.1/../../../../arm-none-eabi/lib/armv6-m/libcr_c.a(_fflush.o)
 .ARM.attributes
                0x0000055c       0x31 /opt/lpcxpresso_8.2.2_650/lpcxpresso/tools/bin/../lib/gcc/arm-none-eabi/5.4.1/../../../../arm-none-eabi/lib/armv6-m/libcr_c.a(_frexpl.o)
 .ARM.attributes
                0x0000058d       0x31 /opt/lpcxpresso_8.2.2_650/lpcxpresso/tools/bin/../lib/gcc/arm-none-eabi/5.4.1/../../../../arm-none-eabi/lib/armv6-m/libcr_c.a(_ldexpl.o)
 .ARM.attributes
                0x000005be       0x31 /opt/lpcxpresso_8.2.2_650/lpcxpresso/tools/bin/../lib/gcc/arm-none-eabi/5.4.1/../../../../arm-none-eabi/lib/armv6-m/libcr_c.a(_writebuf.o)
 .ARM.attributes
                0x000005ef       0x31 /opt/lpcxpresso_8.2.2_650/lpcxpresso/tools/bin/../lib/gcc/arm-none-eabi/5.4.1/../../../../arm-none-eabi/lib/armv6-m/libcr_c.a(alloc.o)
 .ARM.attributes
                0x00000620       0x31 /opt/lpcxpresso_8.2.2_650/lpcxpresso/tools/bin/../lib/gcc/arm-none-eabi/5.4.1/../../../../arm-none-eabi/lib/armv6-m/libcr_c.a(errno.o)
 .ARM.attributes
                0x00000651       0x31 /opt/lpcxpresso_8.2.2_650/lpcxpresso/tools/bin/../lib/gcc/arm-none-eabi/5.4.1/../../../../arm-none-eabi/lib/armv6-m/libcr_c.a(fclose.o)
 .ARM.attributes
                0x00000682       0x31 /opt/lpcxpresso_8.2.2_650/lpcxpresso/tools/bin/../lib/gcc/arm-none-eabi/5.4.1/../../../../arm-none-eabi/lib/armv6-m/libcr_c.a(fflush.o)
 .ARM.attributes
                0x000006b3       0x31 /opt/lpcxpresso_8.2.2_650/lpcxpresso/tools/bin/../lib/gcc/arm-none-eabi/5.4.1/../../../../arm-none-eabi/lib/armv6-m/libcr_c.a(fseek.o)
 .ARM.attributes
                0x000006e4       0x31 /opt/lpcxpresso_8.2.2_650/lpcxpresso/tools/bin/../lib/gcc/arm-none-eabi/5.4.1/../../../../arm-none-eabi/lib/armv6-m/libcr_c.a(ftell.o)
 .ARM.attributes
                0x00000715       0x31 /opt/lpcxpresso_8.2.2_650/lpcxpresso/tools/bin/../lib/gcc/arm-none-eabi/5.4.1/../../../../arm-none-eabi/lib/armv6-m/libcr_c.a(remove.o)
 .ARM.attributes
                0x00000746       0x31 /opt/lpcxpresso_8.2.2_650/lpcxpresso/tools/bin/../lib/gcc/arm-none-eabi/5.4.1/../../../../arm-none-eabi/lib/armv6-m/libcr_c.a(__init_alloc.o)
 .ARM.attributes
                0x00000777       0x31 /opt/lpcxpresso_8.2.2_650/lpcxpresso/tools/bin/../lib/gcc/arm-none-eabi/5.4.1/../../../../arm-none-eabi/lib/armv6-m/libcr_c.a(_cr_sbrk.o)
 .ARM.attributes
                0x000007a8       0x31 /opt/lpcxpresso_8.2.2_650/lpcxpresso/tools/bin/../lib/gcc/arm-none-eabi/5.4.1/../../../../arm-none-eabi/lib/armv6-m/libcr_c.a(_do_fflush.o)
 .ARM.attributes
                0x000007d9       0x31 /opt/lpcxpresso_8.2.2_650/lpcxpresso/tools/bin/../lib/gcc/arm-none-eabi/5.4.1/../../../../arm-none-eabi/lib/armv6-m/libcr_c.a(_hugeval.o)
 .ARM.attributes
                0x0000080a       0x31 /opt/lpcxpresso_8.2.2_650/lpcxpresso/tools/bin/../lib/gcc/arm-none-eabi/5.4.1/../../../../arm-none-eabi/lib/armv6-m/libcr_c.a(_cr_check_heap.o)
 .ARM.attributes
                0x0000083b       0x21 /opt/lpcxpresso_8.2.2_650/lpcxpresso/tools/bin/../lib/gcc/arm-none-eabi/5.4.1/armv6-m/libcr_eabihelpers.a(division_32.o)
 .ARM.attributes
                0x0000085c       0x21 /opt/lpcxpresso_8.2.2_650/lpcxpresso/tools/bin/../lib/gcc/arm-none-eabi/5.4.1/armv6-m/libcr_eabihelpers.a(division_64.o)
 .ARM.attributes
                0x0000087d       0x21 /opt/lpcxpresso_8.2.2_650/lpcxpresso/tools/bin/../lib/gcc/arm-none-eabi/5.4.1/armv6-m/libcr_eabihelpers.a(division_idiv0.o)
 .ARM.attributes
                0x0000089e       0x31 /opt/lpcxpresso_8.2.2_650/lpcxpresso/tools/bin/../lib/gcc/arm-none-eabi/5.4.1/armv6-m/libcr_eabihelpers.a(double.o)
 .ARM.attributes
                0x000008cf       0x31 /opt/lpcxpresso_8.2.2_650/lpcxpresso/tools/bin/../lib/gcc/arm-none-eabi/5.4.1/armv6-m/libcr_eabihelpers.a(float.o)
 .ARM.attributes
                0x00000900       0x21 /opt/lpcxpresso_8.2.2_650/lpcxpresso/tools/bin/../lib/gcc/arm-none-eabi/5.4.1/armv6-m/libcr_eabihelpers.a(llong.o)
 .ARM.attributes
                0x00000921       0x21 /opt/lpcxpresso_8.2.2_650/lpcxpresso/tools/bin/../lib/gcc/arm-none-eabi/5.4.1/armv6-m/libcr_eabihelpers.a(memcpy.o)
 .ARM.attributes
                0x00000942       0x31 /opt/lpcxpresso_8.2.2_650/lpcxpresso/tools/bin/../lib/gcc/arm-none-eabi/5.4.1/../../../../arm-none-eabi/lib/armv6-m/libcr_nohost.a(__sys_appexit.o)
 .ARM.attributes
                0x00000973       0x31 /opt/lpcxpresso_8.2.2_650/lpcxpresso/tools/bin/../lib/gcc/arm-none-eabi/5.4.1/../../../../arm-none-eabi/lib/armv6-m/libcr_nohost.a(__sys_close.o)
 .ARM.attributes
                0x000009a4       0x31 /opt/lpcxpresso_8.2.2_650/lpcxpresso/tools/bin/../lib/gcc/arm-none-eabi/5.4.1/../../../../arm-none-eabi/lib/armv6-m/libcr_nohost.a(__sys_flen.o)
 .ARM.attributes
                0x000009d5       0x31 /opt/lpcxpresso_8.2.2_650/lpcxpresso/tools/bin/../lib/gcc/arm-none-eabi/5.4.1/../../../../arm-none-eabi/lib/armv6-m/libcr_nohost.a(__sys_istty.o)
 .ARM.attributes
                0x00000a06       0x31 /opt/lpcxpresso_8.2.2_650/lpcxpresso/tools/bin/../lib/gcc/arm-none-eabi/5.4.1/../../../../arm-none-eabi/lib/armv6-m/libcr_nohost.a(__sys_remove.o)
 .ARM.attributes
                0x00000a37       0x31 /opt/lpcxpresso_8.2.2_650/lpcxpresso/tools/bin/../lib/gcc/arm-none-eabi/5.4.1/../../../../arm-none-eabi/lib/armv6-m/libcr_nohost.a(__sys_seek.o)
 .ARM.attributes
                0x00000a68       0x31 /opt/lpcxpresso_8.2.2_650/lpcxpresso/tools/bin/../lib/gcc/arm-none-eabi/5.4.1/../../../../arm-none-eabi/lib/armv6-m/libcr_nohost.a(__sys_tmpnam.o)
 .ARM.attributes
                0x00000a99       0x31 /opt/lpcxpresso_8.2.2_650/lpcxpresso/tools/bin/../lib/gcc/arm-none-eabi/5.4.1/../../../../arm-none-eabi/lib/armv6-m/libcr_nohost.a(__sys_write.o)

.debug_frame    0x00000000     0x1558
 .debug_frame   0x00000000       0xd0 ./src/HX711.o
 .debug_frame   0x000000d0      0x33c ./src/LCD1602.o
 .debug_frame   0x0000040c      0x118 ./src/cr_startup_lpc11xx.o
 .debug_frame   0x00000524       0x8c ./src/el_scale_big.o
 .debug_frame   0x000005b0      0x18c ./src/io.o
 .debug_frame   0x0000073c      0x2e4 ./src/sch.o
 .debug_frame   0x00000a20      0x3b8 ./src/sleep.o
 .debug_frame   0x00000dd8       0x2c ./src/sysinit.o
 .debug_frame   0x00000e04       0x2c /home/tgjuranec/lpc11xx/lpc_chip_11cxx_lib/Debug/liblpc_chip_11cxx_lib.a(chip_11xx.o)
 .debug_frame   0x00000e30      0x1c0 /home/tgjuranec/lpc11xx/lpc_chip_11cxx_lib/Debug/liblpc_chip_11cxx_lib.a(clock_11xx.o)
 .debug_frame   0x00000ff0      0x270 /home/tgjuranec/lpc11xx/lpc_chip_11cxx_lib/Debug/liblpc_chip_11cxx_lib.a(gpio_11xx_2.o)
 .debug_frame   0x00001260       0x90 /home/tgjuranec/lpc11xx/lpc_chip_11cxx_lib/Debug/liblpc_chip_11cxx_lib.a(sysctl_11xx.o)
 .debug_frame   0x000012f0       0xc8 /home/tgjuranec/lpc11xx/lpc_chip_11cxx_lib/Debug/liblpc_chip_11cxx_lib.a(sysinit_11xx.o)
 .debug_frame   0x000013b8       0xf0 /home/tgjuranec/lpc11xx/lpc_chip_11cxx_lib/Debug/liblpc_chip_11cxx_lib.a(timer_11xx.o)
 .debug_frame   0x000014a8       0x38 /home/tgjuranec/lpc11xx/CMSIS_DSPLIB_CM0/lib/libCMSIS_DSPLIB_CM0.a(arm_mean_q31.o)
 .debug_frame   0x000014e0       0x3c /home/tgjuranec/lpc11xx/CMSIS_DSPLIB_CM0/lib/libCMSIS_DSPLIB_CM0.a(arm_std_q31.o)
 .debug_frame   0x0000151c       0x3c /home/tgjuranec/lpc11xx/CMSIS_DSPLIB_CM0/lib/libCMSIS_DSPLIB_CM0.a(arm_sqrt_q31.o)

.debug_loc      0x00000000      0x4c8
 .debug_loc     0x00000000       0xed /home/tgjuranec/lpc11xx/CMSIS_DSPLIB_CM0/lib/libCMSIS_DSPLIB_CM0.a(arm_mean_q31.o)
 .debug_loc     0x000000ed      0x180 /home/tgjuranec/lpc11xx/CMSIS_DSPLIB_CM0/lib/libCMSIS_DSPLIB_CM0.a(arm_std_q31.o)
 .debug_loc     0x0000026d      0x25b /home/tgjuranec/lpc11xx/CMSIS_DSPLIB_CM0/lib/libCMSIS_DSPLIB_CM0.a(arm_sqrt_q31.o)

.debug_macinfo  0x00000000     0xdc65
 .debug_macinfo
                0x00000000     0x48bb /home/tgjuranec/lpc11xx/CMSIS_DSPLIB_CM0/lib/libCMSIS_DSPLIB_CM0.a(arm_mean_q31.o)
 .debug_macinfo
                0x000048bb     0x48bb /home/tgjuranec/lpc11xx/CMSIS_DSPLIB_CM0/lib/libCMSIS_DSPLIB_CM0.a(arm_std_q31.o)
 .debug_macinfo
                0x00009176     0x4aef /home/tgjuranec/lpc11xx/CMSIS_DSPLIB_CM0/lib/libCMSIS_DSPLIB_CM0.a(arm_sqrt_q31.o)
